  正在确定要还原的项目…
  所有项目均是最新的，无法还原。
E:\fan\work\code\vs\SCRM\SCRM.API\Services\Data\ApplicationDbContext.cs(5,7): warning CS0105: “SCRM.SHARED.Models”的 using 指令以前在此命名空间中出现过 [E:\fan\work\code\vs\SCRM\SCRM.API\SCRM.API.csproj]
E:\fan\work\code\vs\SCRM\SCRM.API\Services\Netty\MessageRouter.cs(19,7): warning CS0105: “SCRM.API.Models.Entities”的 using 指令以前在此命名空间中出现过 [E:\fan\work\code\vs\SCRM\SCRM.API\SCRM.API.csproj]
E:\fan\work\code\vs\SCRM\SCRM.API\Services\Data\ApplicationDbContext.cs(20,28): warning CS0114: “ApplicationDbContext.Roles”隐藏继承的成员“IdentityDbContext<ApplicationUser, IdentityRole, string, IdentityUserClaim<string>, IdentityUserRole<string>, IdentityUserLogin<string>, IdentityRoleClaim<string>, IdentityUserToken<string>>.Roles”。若要使当前成员重写该实现，请添加关键字 override。否则，添加关键字 new。 [E:\fan\work\code\vs\SCRM\SCRM.API\SCRM.API.csproj]
E:\fan\work\code\vs\SCRM\SCRM.API\Services\Data\ApplicationDbContext.cs(22,32): warning CS0114: “ApplicationDbContext.UserRoles”隐藏继承的成员“IdentityDbContext<ApplicationUser, IdentityRole, string, IdentityUserClaim<string>, IdentityUserRole<string>, IdentityUserLogin<string>, IdentityRoleClaim<string>, IdentityUserToken<string>>.UserRoles”。若要使当前成员重写该实现，请添加关键字 override。否则，添加关键字 new。 [E:\fan\work\code\vs\SCRM\SCRM.API\SCRM.API.csproj]
E:\fan\work\code\vs\SCRM\SCRM.API\utils\Utility.cs(18,32): warning CS8618: 在退出构造函数时，不可为 null 的 字段 "settings" 必须包含非 null 值。请考虑添加 "required" 修饰符或将该 字段 声明为可为 null。 [E:\fan\work\code\vs\SCRM\SCRM.API\SCRM.API.csproj]
E:\fan\work\code\vs\SCRM\SCRM.SHARED\Models\Dtos\UserDto.cs(28,24): warning CS8618: 在退出构造函数时，不可为 null 的 属性 "user" 必须包含非 null 值。请考虑添加 "required" 修饰符或将该 属性 声明为可为 null。 [E:\fan\work\code\vs\SCRM\SCRM.API\SCRM.API.csproj]
E:\fan\work\code\vs\SCRM\SCRM.SHARED\Models\Dtos\UserDto.cs(29,29): warning CS8618: 在退出构造函数时，不可为 null 的 属性 "roles" 必须包含非 null 值。请考虑添加 "required" 修饰符或将该 属性 声明为可为 null。 [E:\fan\work\code\vs\SCRM\SCRM.API\SCRM.API.csproj]
E:\fan\work\code\vs\SCRM\SCRM.SHARED\Models\Dtos\UserDto.cs(30,29): warning CS8618: 在退出构造函数时，不可为 null 的 属性 "permissions" 必须包含非 null 值。请考虑添加 "required" 修饰符或将该 属性 声明为可为 null。 [E:\fan\work\code\vs\SCRM\SCRM.API\SCRM.API.csproj]
E:\fan\work\code\vs\SCRM\SCRM.SHARED\Models\Dtos\UserDto.cs(16,23): warning CS8618: 在退出构造函数时，不可为 null 的 属性 "token" 必须包含非 null 值。请考虑添加 "required" 修饰符或将该 属性 声明为可为 null。 [E:\fan\work\code\vs\SCRM\SCRM.API\SCRM.API.csproj]
E:\fan\work\code\vs\SCRM\SCRM.SHARED\Models\Dtos\UserDto.cs(17,23): warning CS8618: 在退出构造函数时，不可为 null 的 属性 "refreshToken" 必须包含非 null 值。请考虑添加 "required" 修饰符或将该 属性 声明为可为 null。 [E:\fan\work\code\vs\SCRM\SCRM.API\SCRM.API.csproj]
E:\fan\work\code\vs\SCRM\SCRM.SHARED\Models\Dtos\UserDto.cs(19,24): warning CS8618: 在退出构造函数时，不可为 null 的 属性 "user" 必须包含非 null 值。请考虑添加 "required" 修饰符或将该 属性 声明为可为 null。 [E:\fan\work\code\vs\SCRM\SCRM.API\SCRM.API.csproj]
E:\fan\work\code\vs\SCRM\SCRM.SHARED\Models\Dtos\UserDto.cs(22,23): warning CS8618: 在退出构造函数时，不可为 null 的 属性 "tcpHost" 必须包含非 null 值。请考虑添加 "required" 修饰符或将该 属性 声明为可为 null。 [E:\fan\work\code\vs\SCRM\SCRM.API\SCRM.API.csproj]
E:\fan\work\code\vs\SCRM\SCRM.SHARED\Models\Dtos\UserDto.cs(5,23): warning CS8618: 在退出构造函数时，不可为 null 的 属性 "id" 必须包含非 null 值。请考虑添加 "required" 修饰符或将该 属性 声明为可为 null。 [E:\fan\work\code\vs\SCRM\SCRM.API\SCRM.API.csproj]
E:\fan\work\code\vs\SCRM\SCRM.SHARED\Models\Dtos\UserDto.cs(6,23): warning CS8618: 在退出构造函数时，不可为 null 的 属性 "userName" 必须包含非 null 值。请考虑添加 "required" 修饰符或将该 属性 声明为可为 null。 [E:\fan\work\code\vs\SCRM\SCRM.API\SCRM.API.csproj]
E:\fan\work\code\vs\SCRM\SCRM.SHARED\Models\Dtos\UserDto.cs(7,23): warning CS8618: 在退出构造函数时，不可为 null 的 属性 "email" 必须包含非 null 值。请考虑添加 "required" 修饰符或将该 属性 声明为可为 null。 [E:\fan\work\code\vs\SCRM\SCRM.API\SCRM.API.csproj]
E:\fan\work\code\vs\SCRM\SCRM.SHARED\Models\Dtos\UserDto.cs(8,23): warning CS8618: 在退出构造函数时，不可为 null 的 属性 "firstName" 必须包含非 null 值。请考虑添加 "required" 修饰符或将该 属性 声明为可为 null。 [E:\fan\work\code\vs\SCRM\SCRM.API\SCRM.API.csproj]
E:\fan\work\code\vs\SCRM\SCRM.SHARED\Models\Dtos\UserDto.cs(9,23): warning CS8618: 在退出构造函数时，不可为 null 的 属性 "lastName" 必须包含非 null 值。请考虑添加 "required" 修饰符或将该 属性 声明为可为 null。 [E:\fan\work\code\vs\SCRM\SCRM.API\SCRM.API.csproj]
E:\fan\work\code\vs\SCRM\SCRM.SHARED\Models\Dtos\UserDto.cs(10,29): warning CS8618: 在退出构造函数时，不可为 null 的 属性 "roles" 必须包含非 null 值。请考虑添加 "required" 修饰符或将该 属性 声明为可为 null。 [E:\fan\work\code\vs\SCRM\SCRM.API\SCRM.API.csproj]
E:\fan\work\code\vs\SCRM\SCRM.SHARED\Models\Dtos\UserDto.cs(11,29): warning CS8618: 在退出构造函数时，不可为 null 的 属性 "permissions" 必须包含非 null 值。请考虑添加 "required" 修饰符或将该 属性 声明为可为 null。 [E:\fan\work\code\vs\SCRM\SCRM.API\SCRM.API.csproj]
E:\fan\work\code\vs\SCRM\SCRM.SHARED\Models\Dtos\MomentsTimelineDto.cs(42,23): warning CS8618: 在退出构造函数时，不可为 null 的 属性 "userName" 必须包含非 null 值。请考虑添加 "required" 修饰符或将该 属性 声明为可为 null。 [E:\fan\work\code\vs\SCRM\SCRM.API\SCRM.API.csproj]
E:\fan\work\code\vs\SCRM\SCRM.SHARED\Models\Dtos\MomentsTimelineDto.cs(43,23): warning CS8618: 在退出构造函数时，不可为 null 的 属性 "nickName" 必须包含非 null 值。请考虑添加 "required" 修饰符或将该 属性 声明为可为 null。 [E:\fan\work\code\vs\SCRM\SCRM.API\SCRM.API.csproj]
E:\fan\work\code\vs\SCRM\SCRM.SHARED\Models\Dtos\MomentsTimelineDto.cs(31,23): warning CS8618: 在退出构造函数时，不可为 null 的 属性 "userName" 必须包含非 null 值。请考虑添加 "required" 修饰符或将该 属性 声明为可为 null。 [E:\fan\work\code\vs\SCRM\SCRM.API\SCRM.API.csproj]
E:\fan\work\code\vs\SCRM\SCRM.SHARED\Models\Dtos\MomentsTimelineDto.cs(32,23): warning CS8618: 在退出构造函数时，不可为 null 的 属性 "nickName" 必须包含非 null 值。请考虑添加 "required" 修饰符或将该 属性 声明为可为 null。 [E:\fan\work\code\vs\SCRM\SCRM.API\SCRM.API.csproj]
E:\fan\work\code\vs\SCRM\SCRM.SHARED\Models\Dtos\MomentsTimelineDto.cs(33,23): warning CS8618: 在退出构造函数时，不可为 null 的 属性 "content" 必须包含非 null 值。请考虑添加 "required" 修饰符或将该 属性 声明为可为 null。 [E:\fan\work\code\vs\SCRM\SCRM.API\SCRM.API.csproj]
E:\fan\work\code\vs\SCRM\SCRM.SHARED\Models\Dtos\MomentsTimelineDto.cs(35,23): warning CS8618: 在退出构造函数时，不可为 null 的 属性 "replyUserName" 必须包含非 null 值。请考虑添加 "required" 修饰符或将该 属性 声明为可为 null。 [E:\fan\work\code\vs\SCRM\SCRM.API\SCRM.API.csproj]
E:\fan\work\code\vs\SCRM\SCRM.SHARED\Models\Dtos\MomentsTimelineDto.cs(36,23): warning CS8618: 在退出构造函数时，不可为 null 的 属性 "replyNickName" 必须包含非 null 值。请考虑添加 "required" 修饰符或将该 属性 声明为可为 null。 [E:\fan\work\code\vs\SCRM\SCRM.API\SCRM.API.csproj]
E:\fan\work\code\vs\SCRM\SCRM.SHARED\Models\Dtos\MomentsTimelineDto.cs(37,23): warning CS8618: 在退出构造函数时，不可为 null 的 属性 "authorName" 必须包含非 null 值。请考虑添加 "required" 修饰符或将该 属性 声明为可为 null。 [E:\fan\work\code\vs\SCRM\SCRM.API\SCRM.API.csproj]
E:\fan\work\code\vs\SCRM\SCRM.SHARED\Models\Dtos\MomentsTimelineDto.cs(23,23): warning CS8618: 在退出构造函数时，不可为 null 的 属性 "title" 必须包含非 null 值。请考虑添加 "required" 修饰符或将该 属性 声明为可为 null。 [E:\fan\work\code\vs\SCRM\SCRM.API\SCRM.API.csproj]
E:\fan\work\code\vs\SCRM\SCRM.SHARED\Models\Dtos\MomentsTimelineDto.cs(24,23): warning CS8618: 在退出构造函数时，不可为 null 的 属性 "url" 必须包含非 null 值。请考虑添加 "required" 修饰符或将该 属性 声明为可为 null。 [E:\fan\work\code\vs\SCRM\SCRM.API\SCRM.API.csproj]
E:\fan\work\code\vs\SCRM\SCRM.SHARED\Models\Dtos\MomentsTimelineDto.cs(25,23): warning CS8618: 在退出构造函数时，不可为 null 的 属性 "thumb" 必须包含非 null 值。请考虑添加 "required" 修饰符或将该 属性 声明为可为 null。 [E:\fan\work\code\vs\SCRM\SCRM.API\SCRM.API.csproj]
E:\fan\work\code\vs\SCRM\SCRM.SHARED\Models\Dtos\MomentsTimelineDto.cs(8,23): warning CS8618: 在退出构造函数时，不可为 null 的 属性 "userName" 必须包含非 null 值。请考虑添加 "required" 修饰符或将该 属性 声明为可为 null。 [E:\fan\work\code\vs\SCRM\SCRM.API\SCRM.API.csproj]
E:\fan\work\code\vs\SCRM\SCRM.SHARED\Models\Dtos\MomentsTimelineDto.cs(9,23): warning CS8618: 在退出构造函数时，不可为 null 的 属性 "nickName" 必须包含非 null 值。请考虑添加 "required" 修饰符或将该 属性 声明为可为 null。 [E:\fan\work\code\vs\SCRM\SCRM.API\SCRM.API.csproj]
E:\fan\work\code\vs\SCRM\SCRM.SHARED\Models\Dtos\MomentsTimelineDto.cs(10,23): warning CS8618: 在退出构造函数时，不可为 null 的 属性 "content" 必须包含非 null 值。请考虑添加 "required" 修饰符或将该 属性 声明为可为 null。 [E:\fan\work\code\vs\SCRM\SCRM.API\SCRM.API.csproj]
E:\fan\work\code\vs\SCRM\SCRM.SHARED\Models\Dtos\MomentsTimelineDto.cs(12,23): warning CS8618: 在退出构造函数时，不可为 null 的 属性 "stringTime" 必须包含非 null 值。请考虑添加 "required" 修饰符或将该 属性 声明为可为 null。 [E:\fan\work\code\vs\SCRM\SCRM.API\SCRM.API.csproj]
E:\fan\work\code\vs\SCRM\SCRM.SHARED\Models\Dtos\MomentsTimelineDto.cs(15,23): warning CS8618: 在退出构造函数时，不可为 null 的 属性 "videoUrl" 必须包含非 null 值。请考虑添加 "required" 修饰符或将该 属性 声明为可为 null。 [E:\fan\work\code\vs\SCRM\SCRM.API\SCRM.API.csproj]
E:\fan\work\code\vs\SCRM\SCRM.SHARED\Models\Dtos\MomentsTimelineDto.cs(16,30): warning CS8618: 在退出构造函数时，不可为 null 的 属性 "link" 必须包含非 null 值。请考虑添加 "required" 修饰符或将该 属性 声明为可为 null。 [E:\fan\work\code\vs\SCRM\SCRM.API\SCRM.API.csproj]
E:\fan\work\code\vs\SCRM\SCRM.API\utils\EncryptionHelper.cs(19,59): warning CS8603: 可能返回 null 引用。 [E:\fan\work\code\vs\SCRM\SCRM.API\SCRM.API.csproj]
E:\fan\work\code\vs\SCRM\SCRM.API\utils\EncryptionHelper.cs(31,24): warning CS8603: 可能返回 null 引用。 [E:\fan\work\code\vs\SCRM\SCRM.API\SCRM.API.csproj]
E:\fan\work\code\vs\SCRM\SCRM.API\utils\EncryptionHelper.cs(37,20): warning SYSLIB0021: “DESCryptoServiceProvider”已过时:“Derived cryptographic types are obsolete. Use the Create method on the base type instead.” (https://aka.ms/dotnet-warnings/SYSLIB0021) [E:\fan\work\code\vs\SCRM\SCRM.API\SCRM.API.csproj]
E:\fan\work\code\vs\SCRM\SCRM.API\utils\EncryptionHelper.cs(37,55): warning SYSLIB0021: “DESCryptoServiceProvider”已过时:“Derived cryptographic types are obsolete. Use the Create method on the base type instead.” (https://aka.ms/dotnet-warnings/SYSLIB0021) [E:\fan\work\code\vs\SCRM\SCRM.API\SCRM.API.csproj]
E:\fan\work\code\vs\SCRM\SCRM.API\utils\EncryptionHelper.cs(57,53): warning CS8603: 可能返回 null 引用。 [E:\fan\work\code\vs\SCRM\SCRM.API\SCRM.API.csproj]
E:\fan\work\code\vs\SCRM\SCRM.API\utils\AppConfigurationManager.cs(81,35): warning CS8604: “void AppConfigurationManager.EnsureDirectoryExists(string path)”中的形参“path”可能传入 null 引用实参。 [E:\fan\work\code\vs\SCRM\SCRM.API\SCRM.API.csproj]
E:\fan\work\code\vs\SCRM\SCRM.API\utils\AppConfigurationManager.cs(93,28): warning CS8601: 可能的 null 引用赋值。 [E:\fan\work\code\vs\SCRM\SCRM.API\SCRM.API.csproj]
E:\fan\work\code\vs\SCRM\SCRM.API\utils\AppConfigurationManager.cs(96,36): warning CS8601: 可能的 null 引用赋值。 [E:\fan\work\code\vs\SCRM\SCRM.API\SCRM.API.csproj]
E:\fan\work\code\vs\SCRM\SCRM.API\utils\AppConfigurationManager.cs(98,65): warning CS8602: 解引用可能出现空引用。 [E:\fan\work\code\vs\SCRM\SCRM.API\SCRM.API.csproj]
E:\fan\work\code\vs\SCRM\SCRM.API\utils\EncryptionHelper.cs(67,20): warning SYSLIB0021: “DESCryptoServiceProvider”已过时:“Derived cryptographic types are obsolete. Use the Create method on the base type instead.” (https://aka.ms/dotnet-warnings/SYSLIB0021) [E:\fan\work\code\vs\SCRM\SCRM.API\SCRM.API.csproj]
E:\fan\work\code\vs\SCRM\SCRM.API\utils\EncryptionHelper.cs(67,55): warning SYSLIB0021: “DESCryptoServiceProvider”已过时:“Derived cryptographic types are obsolete. Use the Create method on the base type instead.” (https://aka.ms/dotnet-warnings/SYSLIB0021) [E:\fan\work\code\vs\SCRM\SCRM.API\SCRM.API.csproj]
E:\fan\work\code\vs\SCRM\SCRM.API\Services\Netty\NettyServer.cs(74,41): warning CS8600: 将 null 文本或可能的 null 值转换为不可为 null 类型。 [E:\fan\work\code\vs\SCRM\SCRM.API\SCRM.API.csproj]
E:\fan\work\code\vs\SCRM\SCRM.API\Services\Netty\NettyServer.cs(75,68): warning CS8604: “HexDumpChannelHandler.HexDumpChannelHandler(ILogger logger, string direction = "OUT")”中的形参“logger”可能传入 null 引用实参。 [E:\fan\work\code\vs\SCRM\SCRM.API\SCRM.API.csproj]
E:\fan\work\code\vs\SCRM\SCRM.API\utils\AppConfigurationManager.cs(150,39): warning CS8604: “string Path.Combine(string path1, string path2)”中的形参“path1”可能传入 null 引用实参。 [E:\fan\work\code\vs\SCRM\SCRM.API\SCRM.API.csproj]
E:\fan\work\code\vs\SCRM\SCRM.API\utils\AppConfigurationManager.cs(13,30): warning CS8618: 在退出构造函数时，不可为 null 的 字段 "configPath" 必须包含非 null 值。请考虑添加 "required" 修饰符或将该 字段 声明为可为 null。 [E:\fan\work\code\vs\SCRM\SCRM.API\SCRM.API.csproj]
E:\fan\work\code\vs\SCRM\SCRM.API\utils\AppConfigurationManager.cs(15,32): warning CS8618: 在退出构造函数时，不可为 null 的 字段 "settings" 必须包含非 null 值。请考虑添加 "required" 修饰符或将该 字段 声明为可为 null。 [E:\fan\work\code\vs\SCRM\SCRM.API\SCRM.API.csproj]
E:\fan\work\code\vs\SCRM\SCRM.API\Filters\ClientApiKeyAuthAttribute.cs(24,38): warning CS8600: 将 null 文本或可能的 null 值转换为不可为 null 类型。 [E:\fan\work\code\vs\SCRM\SCRM.API\SCRM.API.csproj]
E:\fan\work\code\vs\SCRM\SCRM.API\Filters\ClientApiKeyAuthAttribute.cs(27,35): warning CS8600: 将 null 文本或可能的 null 值转换为不可为 null 类型。 [E:\fan\work\code\vs\SCRM\SCRM.API\SCRM.API.csproj]
E:\fan\work\code\vs\SCRM\SCRM.API\Filters\ClientApiKeyAuthAttribute.cs(31,35): warning CS8600: 将 null 文本或可能的 null 值转换为不可为 null 类型。 [E:\fan\work\code\vs\SCRM\SCRM.API\SCRM.API.csproj]
E:\fan\work\code\vs\SCRM\SCRM.API\Filters\ClientApiKeyAuthAttribute.cs(44,18): warning CS8602: 解引用可能出现空引用。 [E:\fan\work\code\vs\SCRM\SCRM.API\SCRM.API.csproj]
E:\fan\work\code\vs\SCRM\SCRM.API\Controllers\Auth\PhoneController.cs(40,69): warning CS8603: 可能返回 null 引用。 [E:\fan\work\code\vs\SCRM\SCRM.API\SCRM.API.csproj]
E:\fan\work\code\vs\SCRM\SCRM.API\Controllers\Auth\PhoneController.cs(47,32): warning CS8603: 可能返回 null 引用。 [E:\fan\work\code\vs\SCRM\SCRM.API\SCRM.API.csproj]
E:\fan\work\code\vs\SCRM\SCRM.API\Controllers\Auth\PhoneController.cs(51,28): warning CS8603: 可能返回 null 引用。 [E:\fan\work\code\vs\SCRM\SCRM.API\SCRM.API.csproj]
E:\fan\work\code\vs\SCRM\SCRM.API\Controllers\Auth\PhoneController.cs(57,24): warning CS8603: 可能返回 null 引用。 [E:\fan\work\code\vs\SCRM\SCRM.API\SCRM.API.csproj]
E:\fan\work\code\vs\SCRM\SCRM.API\Hubs\ClientHub.cs(82,68): warning CS8604: “Task<List<SrClient>> AuthService.GetDevicesForUserAsync(string userId, bool isAdmin)”中的形参“userId”可能传入 null 引用实参。 [E:\fan\work\code\vs\SCRM\SCRM.API\SCRM.API.csproj]
E:\fan\work\code\vs\SCRM\SCRM.API\Controllers\Auth\AuthController.cs(128,42): warning CS1998: 此异步方法缺少 "await" 运算符，将以同步方式运行。请考虑使用 "await" 运算符等待非阻止的 API 调用，或者使用 "await Task.Run(...)" 在后台线程上执行占用大量 CPU 的工作。 [E:\fan\work\code\vs\SCRM\SCRM.API\SCRM.API.csproj]
E:\fan\work\code\vs\SCRM\SCRM.API\Controllers\Auth\PhoneController.cs(68,33): warning CS8600: 将 null 文本或可能的 null 值转换为不可为 null 类型。 [E:\fan\work\code\vs\SCRM\SCRM.API\SCRM.API.csproj]
E:\fan\work\code\vs\SCRM\SCRM.API\Controllers\Auth\PhoneController.cs(69,31): warning CS8600: 将 null 文本或可能的 null 值转换为不可为 null 类型。 [E:\fan\work\code\vs\SCRM\SCRM.API\SCRM.API.csproj]
E:\fan\work\code\vs\SCRM\SCRM.API\Controllers\Auth\PhoneController.cs(101,32): warning CS8601: 可能的 null 引用赋值。 [E:\fan\work\code\vs\SCRM\SCRM.API\SCRM.API.csproj]
E:\fan\work\code\vs\SCRM\SCRM.API\Hubs\ClientHub.cs(161,28): error CS1061: “TaskResult”未包含“Success”的定义，并且找不到可接受第一个“TaskResult”类型参数的可访问扩展方法“Success”(是否缺少 using 指令或程序集引用?) [E:\fan\work\code\vs\SCRM\SCRM.API\SCRM.API.csproj]
E:\fan\work\code\vs\SCRM\SCRM.API\Hubs\ClientHub.cs(176,28): error CS1061: “TaskResult”未包含“Success”的定义，并且找不到可接受第一个“TaskResult”类型参数的可访问扩展方法“Success”(是否缺少 using 指令或程序集引用?) [E:\fan\work\code\vs\SCRM\SCRM.API\SCRM.API.csproj]
E:\fan\work\code\vs\SCRM\SCRM.API\Hubs\ClientHub.cs(188,28): error CS1061: “TaskResult”未包含“Success”的定义，并且找不到可接受第一个“TaskResult”类型参数的可访问扩展方法“Success”(是否缺少 using 指令或程序集引用?) [E:\fan\work\code\vs\SCRM\SCRM.API\SCRM.API.csproj]
E:\fan\work\code\vs\SCRM\SCRM.API\Hubs\ClientHub.cs(202,28): error CS1061: “TaskResult”未包含“Success”的定义，并且找不到可接受第一个“TaskResult”类型参数的可访问扩展方法“Success”(是否缺少 using 指令或程序集引用?) [E:\fan\work\code\vs\SCRM\SCRM.API\SCRM.API.csproj]
E:\fan\work\code\vs\SCRM\SCRM.API\Hubs\ClientHub.cs(213,28): error CS1061: “TaskResult”未包含“Success”的定义，并且找不到可接受第一个“TaskResult”类型参数的可访问扩展方法“Success”(是否缺少 using 指令或程序集引用?) [E:\fan\work\code\vs\SCRM\SCRM.API\SCRM.API.csproj]
E:\fan\work\code\vs\SCRM\SCRM.API\Hubs\ClientHub.cs(226,28): error CS1061: “TaskResult”未包含“Success”的定义，并且找不到可接受第一个“TaskResult”类型参数的可访问扩展方法“Success”(是否缺少 using 指令或程序集引用?) [E:\fan\work\code\vs\SCRM\SCRM.API\SCRM.API.csproj]
E:\fan\work\code\vs\SCRM\SCRM.API\Hubs\ClientHub.cs(240,99): error CS1061: “WechatAccount”未包含“Settings”的定义，并且找不到可接受第一个“WechatAccount”类型参数的可访问扩展方法“Settings”(是否缺少 using 指令或程序集引用?) [E:\fan\work\code\vs\SCRM\SCRM.API\SCRM.API.csproj]
E:\fan\work\code\vs\SCRM\SCRM.API\Controllers\Auth\AuthController.cs(180,37): warning CS8600: 将 null 文本或可能的 null 值转换为不可为 null 类型。 [E:\fan\work\code\vs\SCRM\SCRM.API\SCRM.API.csproj]
E:\fan\work\code\vs\SCRM\SCRM.API\Controllers\Auth\AuthController.cs(182,40): warning CS8600: 将 null 文本或可能的 null 值转换为不可为 null 类型。 [E:\fan\work\code\vs\SCRM\SCRM.API\SCRM.API.csproj]
E:\fan\work\code\vs\SCRM\SCRM.API\Controllers\ClientTaskController.cs(67,23): warning CS8618: 在退出构造函数时，不可为 null 的 属性 "ConnectionId" 必须包含非 null 值。请考虑添加 "required" 修饰符或将该 属性 声明为可为 null。 [E:\fan\work\code\vs\SCRM\SCRM.API\SCRM.API.csproj]
E:\fan\work\code\vs\SCRM\SCRM.API\Controllers\ClientTaskController.cs(68,23): warning CS8618: 在退出构造函数时，不可为 null 的 属性 "FriendWxId" 必须包含非 null 值。请考虑添加 "required" 修饰符或将该 属性 声明为可为 null。 [E:\fan\work\code\vs\SCRM\SCRM.API\SCRM.API.csproj]
E:\fan\work\code\vs\SCRM\SCRM.API\Controllers\ClientTaskController.cs(69,23): warning CS8618: 在退出构造函数时，不可为 null 的 属性 "Content" 必须包含非 null 值。请考虑添加 "required" 修饰符或将该 属性 声明为可为 null。 [E:\fan\work\code\vs\SCRM\SCRM.API\SCRM.API.csproj]
E:\fan\work\code\vs\SCRM\SCRM.API\Controllers\Auth\PhoneController.cs(153,33): warning CS8602: 解引用可能出现空引用。 [E:\fan\work\code\vs\SCRM\SCRM.API\SCRM.API.csproj]
E:\fan\work\code\vs\SCRM\SCRM.API\Controllers\Auth\PhoneController.cs(153,33): warning CS8600: 将 null 文本或可能的 null 值转换为不可为 null 类型。 [E:\fan\work\code\vs\SCRM\SCRM.API\SCRM.API.csproj]
E:\fan\work\code\vs\SCRM\SCRM.API\Controllers\Auth\PhoneController.cs(154,31): warning CS8600: 将 null 文本或可能的 null 值转换为不可为 null 类型。 [E:\fan\work\code\vs\SCRM\SCRM.API\SCRM.API.csproj]
E:\fan\work\code\vs\SCRM\SCRM.API\Controllers\Auth\PhoneController.cs(163,41): warning CS8600: 将 null 文本或可能的 null 值转换为不可为 null 类型。 [E:\fan\work\code\vs\SCRM\SCRM.API\SCRM.API.csproj]
E:\fan\work\code\vs\SCRM\SCRM.API\Controllers\Auth\PhoneController.cs(168,31): warning CS8600: 将 null 文本或可能的 null 值转换为不可为 null 类型。 [E:\fan\work\code\vs\SCRM\SCRM.API\SCRM.API.csproj]
E:\fan\work\code\vs\SCRM\SCRM.API\Controllers\Auth\PhoneController.cs(178,35): warning CS8600: 将 null 文本或可能的 null 值转换为不可为 null 类型。 [E:\fan\work\code\vs\SCRM\SCRM.API\SCRM.API.csproj]
E:\fan\work\code\vs\SCRM\SCRM.API\Controllers\Auth\PhoneController.cs(211,35): warning CS8600: 将 null 文本或可能的 null 值转换为不可为 null 类型。 [E:\fan\work\code\vs\SCRM\SCRM.API\SCRM.API.csproj]
E:\fan\work\code\vs\SCRM\SCRM.API\Controllers\Auth\PhoneController.cs(242,32): warning CS8601: 可能的 null 引用赋值。 [E:\fan\work\code\vs\SCRM\SCRM.API\SCRM.API.csproj]
E:\fan\work\code\vs\SCRM\SCRM.API\Controllers\ClientTaskController.cs(74,23): warning CS8618: 在退出构造函数时，不可为 null 的 属性 "ConnectionId" 必须包含非 null 值。请考虑添加 "required" 修饰符或将该 属性 声明为可为 null。 [E:\fan\work\code\vs\SCRM\SCRM.API\SCRM.API.csproj]
E:\fan\work\code\vs\SCRM\SCRM.API\Controllers\ClientTaskController.cs(75,23): warning CS8618: 在退出构造函数时，不可为 null 的 属性 "FriendWxId" 必须包含非 null 值。请考虑添加 "required" 修饰符或将该 属性 声明为可为 null。 [E:\fan\work\code\vs\SCRM\SCRM.API\SCRM.API.csproj]
E:\fan\work\code\vs\SCRM\SCRM.API\Controllers\ClientTaskController.cs(76,23): warning CS8618: 在退出构造函数时，不可为 null 的 属性 "Message" 必须包含非 null 值。请考虑添加 "required" 修饰符或将该 属性 声明为可为 null。 [E:\fan\work\code\vs\SCRM\SCRM.API\SCRM.API.csproj]
E:\fan\work\code\vs\SCRM\SCRM.API\Controllers\Auth\DeviceController.cs(64,62): warning CS8604: “Task<List<SrClient>> AuthService.GetDevicesForUserAsync(string userId, bool isAdmin)”中的形参“userId”可能传入 null 引用实参。 [E:\fan\work\code\vs\SCRM\SCRM.API\SCRM.API.csproj]
E:\fan\work\code\vs\SCRM\SCRM.API\Controllers\Auth\DeviceController.cs(74,64): warning CS8604: “Task<SrClient?> AuthService.GetDeviceAsync(string deviceUuid, string userId, bool isAdmin)”中的形参“userId”可能传入 null 引用实参。 [E:\fan\work\code\vs\SCRM\SCRM.API\SCRM.API.csproj]
E:\fan\work\code\vs\SCRM\SCRM.API\Hubs\ClientHub.cs(301,26): warning CS8601: 可能的 null 引用赋值。 [E:\fan\work\code\vs\SCRM\SCRM.API\SCRM.API.csproj]
E:\fan\work\code\vs\SCRM\SCRM.API\Hubs\ClientHub.cs(302,28): warning CS8601: 可能的 null 引用赋值。 [E:\fan\work\code\vs\SCRM\SCRM.API\SCRM.API.csproj]
E:\fan\work\code\vs\SCRM\SCRM.API\Hubs\ClientHub.cs(303,24): warning CS8601: 可能的 null 引用赋值。 [E:\fan\work\code\vs\SCRM\SCRM.API\SCRM.API.csproj]
E:\fan\work\code\vs\SCRM\SCRM.API\Hubs\ClientHub.cs(304,28): warning CS8601: 可能的 null 引用赋值。 [E:\fan\work\code\vs\SCRM\SCRM.API\SCRM.API.csproj]
E:\fan\work\code\vs\SCRM\SCRM.API\Hubs\ClientHub.cs(305,25): warning CS8601: 可能的 null 引用赋值。 [E:\fan\work\code\vs\SCRM\SCRM.API\SCRM.API.csproj]
E:\fan\work\code\vs\SCRM\SCRM.API\Services\Automation\AutomationService.cs(68,36): error CS1061: “MessageReceivedEvent”未包含“Message”的定义，并且找不到可接受第一个“MessageReceivedEvent”类型参数的可访问扩展方法“Message”(是否缺少 using 指令或程序集引用?) [E:\fan\work\code\vs\SCRM\SCRM.API\SCRM.API.csproj]
E:\fan\work\code\vs\SCRM\SCRM.API\Services\Automation\AutomationService.cs(101,49): error CS1061: “AutomationMessageEvent”未包含“AccountId”的定义，并且找不到可接受第一个“AutomationMessageEvent”类型参数的可访问扩展方法“AccountId”(是否缺少 using 指令或程序集引用?) [E:\fan\work\code\vs\SCRM\SCRM.API\SCRM.API.csproj]
E:\fan\work\code\vs\SCRM\SCRM.API\Services\Automation\AutomationService.cs(101,62): error CS1061: “AutomationMessageEvent”未包含“ConnectionId”的定义，并且找不到可接受第一个“AutomationMessageEvent”类型参数的可访问扩展方法“ConnectionId”(是否缺少 using 指令或程序集引用?) [E:\fan\work\code\vs\SCRM\SCRM.API\SCRM.API.csproj]
E:\fan\work\code\vs\SCRM\SCRM.API\Services\Automation\AutomationService.cs(101,78): error CS1061: “AutomationMessageEvent”未包含“WeChatId”的定义，并且找不到可接受第一个“AutomationMessageEvent”类型参数的可访问扩展方法“WeChatId”(是否缺少 using 指令或程序集引用?) [E:\fan\work\code\vs\SCRM\SCRM.API\SCRM.API.csproj]
E:\fan\work\code\vs\SCRM\SCRM.API\Services\Automation\AutomationService.cs(101,90): error CS1061: “AutomationMessageEvent”未包含“FriendId”的定义，并且找不到可接受第一个“AutomationMessageEvent”类型参数的可访问扩展方法“FriendId”(是否缺少 using 指令或程序集引用?) [E:\fan\work\code\vs\SCRM\SCRM.API\SCRM.API.csproj]
E:\fan\work\code\vs\SCRM\SCRM.API\Services\Automation\AutomationService.cs(101,102): error CS1061: “AutomationMessageEvent”未包含“ContentXml”的定义，并且找不到可接受第一个“AutomationMessageEvent”类型参数的可访问扩展方法“ContentXml”(是否缺少 using 指令或程序集引用?) [E:\fan\work\code\vs\SCRM\SCRM.API\SCRM.API.csproj]
E:\fan\work\code\vs\SCRM\SCRM.API\Services\Automation\AutomationService.cs(101,116): error CS1061: “AutomationMessageEvent”未包含“ContentType”的定义，并且找不到可接受第一个“AutomationMessageEvent”类型参数的可访问扩展方法“ContentType”(是否缺少 using 指令或程序集引用?) [E:\fan\work\code\vs\SCRM\SCRM.API\SCRM.API.csproj]
E:\fan\work\code\vs\SCRM\SCRM.API\Services\Automation\AutomationService.cs(60,79): warning CS1998: 此异步方法缺少 "await" 运算符，将以同步方式运行。请考虑使用 "await" 运算符等待非阻止的 API 调用，或者使用 "await Task.Run(...)" 在后台线程上执行占用大量 CPU 的工作。 [E:\fan\work\code\vs\SCRM\SCRM.API\SCRM.API.csproj]
E:\fan\work\code\vs\SCRM\SCRM.API\Services\Automation\AutomationService.cs(114,63): error CS1061: “FriendRequestEvent”未包含“AccountId”的定义，并且找不到可接受第一个“FriendRequestEvent”类型参数的可访问扩展方法“AccountId”(是否缺少 using 指令或程序集引用?) [E:\fan\work\code\vs\SCRM\SCRM.API\SCRM.API.csproj]
E:\fan\work\code\vs\SCRM\SCRM.API\Services\Automation\AutomationService.cs(120,118): error CS1061: “FriendRequestEvent”未包含“FriendNick”的定义，并且找不到可接受第一个“FriendRequestEvent”类型参数的可访问扩展方法“FriendNick”(是否缺少 using 指令或程序集引用?) [E:\fan\work\code\vs\SCRM\SCRM.API\SCRM.API.csproj]
E:\fan\work\code\vs\SCRM\SCRM.API\Services\Automation\AutomationService.cs(120,132): error CS1061: “FriendRequestEvent”未包含“WeChatId”的定义，并且找不到可接受第一个“FriendRequestEvent”类型参数的可访问扩展方法“WeChatId”(是否缺少 using 指令或程序集引用?) [E:\fan\work\code\vs\SCRM\SCRM.API\SCRM.API.csproj]
E:\fan\work\code\vs\SCRM\SCRM.API\Services\Automation\AutomationService.cs(122,92): error CS1061: “FriendRequestEvent”未包含“ConnectionId”的定义，并且找不到可接受第一个“FriendRequestEvent”类型参数的可访问扩展方法“ConnectionId”(是否缺少 using 指令或程序集引用?) [E:\fan\work\code\vs\SCRM\SCRM.API\SCRM.API.csproj]
E:\fan\work\code\vs\SCRM\SCRM.API\Services\Automation\AutomationService.cs(122,108): error CS1061: “FriendRequestEvent”未包含“FriendId”的定义，并且找不到可接受第一个“FriendRequestEvent”类型参数的可访问扩展方法“FriendId”(是否缺少 using 指令或程序集引用?) [E:\fan\work\code\vs\SCRM\SCRM.API\SCRM.API.csproj]
E:\fan\work\code\vs\SCRM\SCRM.API\Services\Automation\AutomationService.cs(122,120): error CS1061: “FriendRequestEvent”未包含“FriendNick”的定义，并且找不到可接受第一个“FriendRequestEvent”类型参数的可访问扩展方法“FriendNick”(是否缺少 using 指令或程序集引用?) [E:\fan\work\code\vs\SCRM\SCRM.API\SCRM.API.csproj]
E:\fan\work\code\vs\SCRM\SCRM.API\Services\Automation\AutomationService.cs(140,63): error CS1061: “CircleNewPublishEvent”未包含“AccountId”的定义，并且找不到可接受第一个“CircleNewPublishEvent”类型参数的可访问扩展方法“AccountId”(是否缺少 using 指令或程序集引用?) [E:\fan\work\code\vs\SCRM\SCRM.API\SCRM.API.csproj]
E:\fan\work\code\vs\SCRM\SCRM.API\Services\Automation\AutomationService.cs(146,108): error CS1061: “CircleNewPublishEvent”未包含“CircleId”的定义，并且找不到可接受第一个“CircleNewPublishEvent”类型参数的可访问扩展方法“CircleId”(是否缺少 using 指令或程序集引用?) [E:\fan\work\code\vs\SCRM\SCRM.API\SCRM.API.csproj]
E:\fan\work\code\vs\SCRM\SCRM.API\Services\Automation\AutomationService.cs(146,120): error CS1061: “CircleNewPublishEvent”未包含“WeChatId”的定义，并且找不到可接受第一个“CircleNewPublishEvent”类型参数的可访问扩展方法“WeChatId”(是否缺少 using 指令或程序集引用?) [E:\fan\work\code\vs\SCRM\SCRM.API\SCRM.API.csproj]
E:\fan\work\code\vs\SCRM\SCRM.API\Services\Automation\AutomationService.cs(150,80): error CS1061: “CircleNewPublishEvent”未包含“ConnectionId”的定义，并且找不到可接受第一个“CircleNewPublishEvent”类型参数的可访问扩展方法“ConnectionId”(是否缺少 using 指令或程序集引用?) [E:\fan\work\code\vs\SCRM\SCRM.API\SCRM.API.csproj]
E:\fan\work\code\vs\SCRM\SCRM.API\Services\Automation\AutomationService.cs(150,96): error CS1061: “CircleNewPublishEvent”未包含“AuthorId”的定义，并且找不到可接受第一个“CircleNewPublishEvent”类型参数的可访问扩展方法“AuthorId”(是否缺少 using 指令或程序集引用?) [E:\fan\work\code\vs\SCRM\SCRM.API\SCRM.API.csproj]
E:\fan\work\code\vs\SCRM\SCRM.API\Services\Automation\AutomationService.cs(150,108): error CS1061: “CircleNewPublishEvent”未包含“CircleId”的定义，并且找不到可接受第一个“CircleNewPublishEvent”类型参数的可访问扩展方法“CircleId”(是否缺少 using 指令或程序集引用?) [E:\fan\work\code\vs\SCRM\SCRM.API\SCRM.API.csproj]
E:\fan\work\code\vs\SCRM\SCRM.API\Services\Automation\AutomationService.cs(170,74): error CS1061: “WechatAccount”未包含“Settings”的定义，并且找不到可接受第一个“WechatAccount”类型参数的可访问扩展方法“Settings”(是否缺少 using 指令或程序集引用?) [E:\fan\work\code\vs\SCRM\SCRM.API\SCRM.API.csproj]
E:\fan\work\code\vs\SCRM\SCRM.API\Services\Automation\AutomationService.cs(172,98): error CS1061: “WechatAccount”未包含“Settings”的定义，并且找不到可接受第一个“WechatAccount”类型参数的可访问扩展方法“Settings”(是否缺少 using 指令或程序集引用?) [E:\fan\work\code\vs\SCRM\SCRM.API\SCRM.API.csproj]
E:\fan\work\code\vs\SCRM\SCRM.API\Services\AuthService.cs(243,32): warning CS8601: 可能的 null 引用赋值。 [E:\fan\work\code\vs\SCRM\SCRM.API\SCRM.API.csproj]
E:\fan\work\code\vs\SCRM\SCRM.API\Services\AuthService.cs(244,29): warning CS8601: 可能的 null 引用赋值。 [E:\fan\work\code\vs\SCRM\SCRM.API\SCRM.API.csproj]
E:\fan\work\code\vs\SCRM\SCRM.API\Services\Netty\MessageRouter.cs(289,41): warning CS8600: 将 null 文本或可能的 null 值转换为不可为 null 类型。 [E:\fan\work\code\vs\SCRM\SCRM.API\SCRM.API.csproj]
E:\fan\work\code\vs\SCRM\SCRM.API\Services\Netty\MessageRouter.cs(332,43): warning CS8600: 将 null 文本或可能的 null 值转换为不可为 null 类型。 [E:\fan\work\code\vs\SCRM\SCRM.API\SCRM.API.csproj]
E:\fan\work\code\vs\SCRM\SCRM.API\Services\Netty\MessageRouter.cs(433,35): warning CS8600: 将 null 文本或可能的 null 值转换为不可为 null 类型。 [E:\fan\work\code\vs\SCRM\SCRM.API\SCRM.API.csproj]
E:\fan\work\code\vs\SCRM\SCRM.API\Services\Netty\MessageRouter.cs(435,114): warning CS8604: “Task ConnectionManager.AddConnectionAsync(string userId, string connectionId, string deviceType, string deviceInfo = "")”中的形参“deviceInfo”可能传入 null 引用实参。 [E:\fan\work\code\vs\SCRM\SCRM.API\SCRM.API.csproj]
E:\fan\work\code\vs\SCRM\SCRM.API\Services\Netty\MessageRouter.cs(438,124): warning CS8604: “DeviceConnectedEvent.DeviceConnectedEvent(string userId, string connectionId, string deviceType, string ownerId)”中的形参“ownerId”可能传入 null 引用实参。 [E:\fan\work\code\vs\SCRM\SCRM.API\SCRM.API.csproj]
E:\fan\work\code\vs\SCRM\SCRM.API\Services\Netty\MessageRouter.cs(280,20): warning CS0219: 变量“deviceIdToRegister”已被赋值，但从未使用过它的值 [E:\fan\work\code\vs\SCRM\SCRM.API\SCRM.API.csproj]
E:\fan\work\code\vs\SCRM\SCRM.API\Services\AuthService.cs(267,29): warning CS8601: 可能的 null 引用赋值。 [E:\fan\work\code\vs\SCRM\SCRM.API\SCRM.API.csproj]
E:\fan\work\code\vs\SCRM\SCRM.API\Services\AuthService.cs(268,33): warning CS8601: 可能的 null 引用赋值。 [E:\fan\work\code\vs\SCRM\SCRM.API\SCRM.API.csproj]
E:\fan\work\code\vs\SCRM\SCRM.API\Services\AuthService.cs(269,32): warning CS8601: 可能的 null 引用赋值。 [E:\fan\work\code\vs\SCRM\SCRM.API\SCRM.API.csproj]
E:\fan\work\code\vs\SCRM\SCRM.API\Services\Netty\MessageRouter.cs(531,145): error CS1061: “UserConnectionInfo”未包含“DeviceInfo”的定义，并且找不到可接受第一个“UserConnectionInfo”类型参数的可访问扩展方法“DeviceInfo”(是否缺少 using 指令或程序集引用?) [E:\fan\work\code\vs\SCRM\SCRM.API\SCRM.API.csproj]
E:\fan\work\code\vs\SCRM\SCRM.API\Services\Netty\MessageRouter.cs(626,40): error CS1061: “SrClient”未包含“wechatNick”的定义，并且找不到可接受第一个“SrClient”类型参数的可访问扩展方法“wechatNick”(是否缺少 using 指令或程序集引用?) [E:\fan\work\code\vs\SCRM\SCRM.API\SCRM.API.csproj]
E:\fan\work\code\vs\SCRM\SCRM.API\Services\Netty\MessageRouter.cs(675,113): error CS1061: “SrClient”未包含“wechatNick”的定义，并且找不到可接受第一个“SrClient”类型参数的可访问扩展方法“wechatNick”(是否缺少 using 指令或程序集引用?) [E:\fan\work\code\vs\SCRM\SCRM.API\SCRM.API.csproj]
E:\fan\work\code\vs\SCRM\SCRM.API\Services\Netty\MessageRouter.cs(678,62): error CS1061: “SrClient”未包含“wechatId”的定义，并且找不到可接受第一个“SrClient”类型参数的可访问扩展方法“wechatId”(是否缺少 using 指令或程序集引用?) [E:\fan\work\code\vs\SCRM\SCRM.API\SCRM.API.csproj]
E:\fan\work\code\vs\SCRM\SCRM.API\Services\Netty\MessageRouter.cs(680,51): error CS1061: “SrClient”未包含“wechatId”的定义，并且找不到可接受第一个“SrClient”类型参数的可访问扩展方法“wechatId”(是否缺少 using 指令或程序集引用?) [E:\fan\work\code\vs\SCRM\SCRM.API\SCRM.API.csproj]
E:\fan\work\code\vs\SCRM\SCRM.API\Services\Netty\MessageRouter.cs(683,62): error CS1061: “SrClient”未包含“wechatId”的定义，并且找不到可接受第一个“SrClient”类型参数的可访问扩展方法“wechatId”(是否缺少 using 指令或程序集引用?) [E:\fan\work\code\vs\SCRM\SCRM.API\SCRM.API.csproj]
E:\fan\work\code\vs\SCRM\SCRM.API\Services\Netty\MessageRouter.cs(854,18): warning CS4014: 由于此调用不会等待，因此在此调用完成之前将会继续执行当前方法。请考虑将 "await" 运算符应用于调用结果。 [E:\fan\work\code\vs\SCRM\SCRM.API\SCRM.API.csproj]
E:\fan\work\code\vs\SCRM\SCRM.SHARED\Models\Entities\SystemNotification.cs(9,19): warning CS8618: 在退出构造函数时，不可为 null 的 属性 "NotificationTitle" 必须包含非 null 值。请考虑添加 "required" 修饰符或将该 属性 声明为可为 null。 [E:\fan\work\code\vs\SCRM\SCRM.API\SCRM.API.csproj]
E:\fan\work\code\vs\SCRM\SCRM.SHARED\Models\Entities\SystemNotification.cs(10,19): warning CS8618: 在退出构造函数时，不可为 null 的 属性 "NotificationContent" 必须包含非 null 值。请考虑添加 "required" 修饰符或将该 属性 声明为可为 null。 [E:\fan\work\code\vs\SCRM\SCRM.API\SCRM.API.csproj]
E:\fan\work\code\vs\SCRM\SCRM.SHARED\Models\Entities\SystemNotification.cs(13,19): warning CS8618: 在退出构造函数时，不可为 null 的 属性 "TargetIdentifier" 必须包含非 null 值。请考虑添加 "required" 修饰符或将该 属性 声明为可为 null。 [E:\fan\work\code\vs\SCRM\SCRM.API\SCRM.API.csproj]
E:\fan\work\code\vs\SCRM\SCRM.SHARED\Models\Entities\SrClient.cs(12,23): warning CS8618: 在退出构造函数时，不可为 null 的 属性 "uuid" 必须包含非 null 值。请考虑添加 "required" 修饰符或将该 属性 声明为可为 null。 [E:\fan\work\code\vs\SCRM\SCRM.API\SCRM.API.csproj]
E:\fan\work\code\vs\SCRM\SCRM.SHARED\Models\Entities\SrClient.cs(14,23): warning CS8618: 在退出构造函数时，不可为 null 的 属性 "tcpHost" 必须包含非 null 值。请考虑添加 "required" 修饰符或将该 属性 声明为可为 null。 [E:\fan\work\code\vs\SCRM\SCRM.API\SCRM.API.csproj]
E:\fan\work\code\vs\SCRM\SCRM.SHARED\Models\Entities\SrClient.cs(18,68): warning CS8618: 在退出构造函数时，不可为 null 的 属性 "device" 必须包含非 null 值。请考虑添加 "required" 修饰符或将该 属性 声明为可为 null。 [E:\fan\work\code\vs\SCRM\SCRM.API\SCRM.API.csproj]
E:\fan\work\code\vs\SCRM\SCRM.SHARED\Models\Entities\ServerRedirect.cs(10,19): warning CS8618: 在退出构造函数时，不可为 null 的 属性 "SourceServer" 必须包含非 null 值。请考虑添加 "required" 修饰符或将该 属性 声明为可为 null。 [E:\fan\work\code\vs\SCRM\SCRM.API\SCRM.API.csproj]
E:\fan\work\code\vs\SCRM\SCRM.SHARED\Models\Entities\ServerRedirect.cs(11,19): warning CS8618: 在退出构造函数时，不可为 null 的 属性 "TargetServer" 必须包含非 null 值。请考虑添加 "required" 修饰符或将该 属性 声明为可为 null。 [E:\fan\work\code\vs\SCRM\SCRM.API\SCRM.API.csproj]
E:\fan\work\code\vs\SCRM\SCRM.SHARED\Models\Entities\ServerRedirect.cs(13,19): warning CS8618: 在退出构造函数时，不可为 null 的 属性 "RedirectReason" 必须包含非 null 值。请考虑添加 "required" 修饰符或将该 属性 声明为可为 null。 [E:\fan\work\code\vs\SCRM\SCRM.API\SCRM.API.csproj]
E:\fan\work\code\vs\SCRM\SCRM.SHARED\Models\Entities\MomentsTimeline.cs(18,23): warning CS8618: 在退出构造函数时，不可为 null 的 属性 "userName" 必须包含非 null 值。请考虑添加 "required" 修饰符或将该 属性 声明为可为 null。 [E:\fan\work\code\vs\SCRM\SCRM.API\SCRM.API.csproj]
E:\fan\work\code\vs\SCRM\SCRM.SHARED\Models\Entities\MomentsTimeline.cs(19,23): warning CS8618: 在退出构造函数时，不可为 null 的 属性 "nickName" 必须包含非 null 值。请考虑添加 "required" 修饰符或将该 属性 声明为可为 null。 [E:\fan\work\code\vs\SCRM\SCRM.API\SCRM.API.csproj]
E:\fan\work\code\vs\SCRM\SCRM.SHARED\Models\Entities\MomentsTimeline.cs(21,23): warning CS8618: 在退出构造函数时，不可为 null 的 属性 "content" 必须包含非 null 值。请考虑添加 "required" 修饰符或将该 属性 声明为可为 null。 [E:\fan\work\code\vs\SCRM\SCRM.API\SCRM.API.csproj]
E:\fan\work\code\vs\SCRM\SCRM.SHARED\Models\Entities\MomentsTimeline.cs(26,23): warning CS8618: 在退出构造函数时，不可为 null 的 属性 "imagesJson" 必须包含非 null 值。请考虑添加 "required" 修饰符或将该 属性 声明为可为 null。 [E:\fan\work\code\vs\SCRM\SCRM.API\SCRM.API.csproj]
E:\fan\work\code\vs\SCRM\SCRM.SHARED\Models\Entities\MomentsTimeline.cs(29,23): warning CS8618: 在退出构造函数时，不可为 null 的 属性 "commentsJson" 必须包含非 null 值。请考虑添加 "required" 修饰符或将该 属性 声明为可为 null。 [E:\fan\work\code\vs\SCRM\SCRM.API\SCRM.API.csproj]
E:\fan\work\code\vs\SCRM\SCRM.SHARED\Models\Entities\MomentsTimeline.cs(32,23): warning CS8618: 在退出构造函数时，不可为 null 的 属性 "likesJson" 必须包含非 null 值。请考虑添加 "required" 修饰符或将该 属性 声明为可为 null。 [E:\fan\work\code\vs\SCRM\SCRM.API\SCRM.API.csproj]
E:\fan\work\code\vs\SCRM\SCRM.SHARED\Models\Entities\MomentsTimeline.cs(45,23): warning CS8618: 在退出构造函数时，不可为 null 的 属性 "ownerWxid" 必须包含非 null 值。请考虑添加 "required" 修饰符或将该 属性 声明为可为 null。 [E:\fan\work\code\vs\SCRM\SCRM.API\SCRM.API.csproj]
E:\fan\work\code\vs\SCRM\SCRM.SHARED\Models\Entities\Conversation.cs(10,19): warning CS8618: 在退出构造函数时，不可为 null 的 属性 "conversationWxid" 必须包含非 null 值。请考虑添加 "required" 修饰符或将该 属性 声明为可为 null。 [E:\fan\work\code\vs\SCRM\SCRM.API\SCRM.API.csproj]
E:\fan\work\code\vs\SCRM\SCRM.SHARED\Models\Entities\Conversation.cs(12,19): warning CS8618: 在退出构造函数时，不可为 null 的 属性 "displayName" 必须包含非 null 值。请考虑添加 "required" 修饰符或将该 属性 声明为可为 null。 [E:\fan\work\code\vs\SCRM\SCRM.API\SCRM.API.csproj]
E:\fan\work\code\vs\SCRM\SCRM.SHARED\Models\Entities\Conversation.cs(13,19): warning CS8618: 在退出构造函数时，不可为 null 的 属性 "displayAvatar" 必须包含非 null 值。请考虑添加 "required" 修饰符或将该 属性 声明为可为 null。 [E:\fan\work\code\vs\SCRM\SCRM.API\SCRM.API.csproj]
E:\fan\work\code\vs\SCRM\SCRM.SHARED\Models\Entities\Contact.cs(15,19): warning CS8618: 在退出构造函数时，不可为 null 的 属性 "wxid" 必须包含非 null 值。请考虑添加 "required" 修饰符或将该 属性 声明为可为 null。 [E:\fan\work\code\vs\SCRM\SCRM.API\SCRM.API.csproj]
E:\fan\work\code\vs\SCRM\SCRM.SHARED\Models\Entities\Contact.cs(16,19): warning CS8618: 在退出构造函数时，不可为 null 的 属性 "nickname" 必须包含非 null 值。请考虑添加 "required" 修饰符或将该 属性 声明为可为 null。 [E:\fan\work\code\vs\SCRM\SCRM.API\SCRM.API.csproj]
E:\fan\work\code\vs\SCRM\SCRM.SHARED\Models\Entities\Contact.cs(17,19): warning CS8618: 在退出构造函数时，不可为 null 的 属性 "remarks" 必须包含非 null 值。请考虑添加 "required" 修饰符或将该 属性 声明为可为 null。 [E:\fan\work\code\vs\SCRM\SCRM.API\SCRM.API.csproj]
E:\fan\work\code\vs\SCRM\SCRM.SHARED\Models\Entities\Contact.cs(18,19): warning CS8618: 在退出构造函数时，不可为 null 的 属性 "avatar" 必须包含非 null 值。请考虑添加 "required" 修饰符或将该 属性 声明为可为 null。 [E:\fan\work\code\vs\SCRM\SCRM.API\SCRM.API.csproj]
E:\fan\work\code\vs\SCRM\SCRM.SHARED\Models\Entities\Contact.cs(20,19): warning CS8618: 在退出构造函数时，不可为 null 的 属性 "signature" 必须包含非 null 值。请考虑添加 "required" 修饰符或将该 属性 声明为可为 null。 [E:\fan\work\code\vs\SCRM\SCRM.API\SCRM.API.csproj]
E:\fan\work\code\vs\SCRM\SCRM.SHARED\Models\Entities\Contact.cs(21,19): warning CS8618: 在退出构造函数时，不可为 null 的 属性 "phone" 必须包含非 null 值。请考虑添加 "required" 修饰符或将该 属性 声明为可为 null。 [E:\fan\work\code\vs\SCRM\SCRM.API\SCRM.API.csproj]
E:\fan\work\code\vs\SCRM\SCRM.SHARED\Models\Entities\Contact.cs(22,19): warning CS8618: 在退出构造函数时，不可为 null 的 属性 "email" 必须包含非 null 值。请考虑添加 "required" 修饰符或将该 属性 声明为可为 null。 [E:\fan\work\code\vs\SCRM\SCRM.API\SCRM.API.csproj]
E:\fan\work\code\vs\SCRM\SCRM.SHARED\Models\Entities\Contact.cs(23,19): warning CS8618: 在退出构造函数时，不可为 null 的 属性 "country" 必须包含非 null 值。请考虑添加 "required" 修饰符或将该 属性 声明为可为 null。 [E:\fan\work\code\vs\SCRM\SCRM.API\SCRM.API.csproj]
E:\fan\work\code\vs\SCRM\SCRM.SHARED\Models\Entities\Contact.cs(24,19): warning CS8618: 在退出构造函数时，不可为 null 的 属性 "province" 必须包含非 null 值。请考虑添加 "required" 修饰符或将该 属性 声明为可为 null。 [E:\fan\work\code\vs\SCRM\SCRM.API\SCRM.API.csproj]
E:\fan\work\code\vs\SCRM\SCRM.SHARED\Models\Entities\Contact.cs(25,19): warning CS8618: 在退出构造函数时，不可为 null 的 属性 "city" 必须包含非 null 值。请考虑添加 "required" 修饰符或将该 属性 声明为可为 null。 [E:\fan\work\code\vs\SCRM\SCRM.API\SCRM.API.csproj]
E:\fan\work\code\vs\SCRM\SCRM.SHARED\Models\Entities\Contact.cs(26,19): warning CS8618: 在退出构造函数时，不可为 null 的 属性 "description" 必须包含非 null 值。请考虑添加 "required" 修饰符或将该 属性 声明为可为 null。 [E:\fan\work\code\vs\SCRM\SCRM.API\SCRM.API.csproj]
E:\fan\work\code\vs\SCRM\SCRM.SHARED\Models\Entities\Contact.cs(27,19): warning CS8618: 在退出构造函数时，不可为 null 的 属性 "source" 必须包含非 null 值。请考虑添加 "required" 修饰符或将该 属性 声明为可为 null。 [E:\fan\work\code\vs\SCRM\SCRM.API\SCRM.API.csproj]
E:\fan\work\code\vs\SCRM\SCRM.SHARED\Models\Entities\Contact.cs(28,19): warning CS8618: 在退出构造函数时，不可为 null 的 属性 "labelIds" 必须包含非 null 值。请考虑添加 "required" 修饰符或将该 属性 声明为可为 null。 [E:\fan\work\code\vs\SCRM\SCRM.API\SCRM.API.csproj]
E:\fan\work\code\vs\SCRM\SCRM.API\Models\Entities\WalletTransaction.cs(10,19): warning CS8618: 在退出构造函数时，不可为 null 的 属性 "TransactionId" 必须包含非 null 值。请考虑添加 "required" 修饰符或将该 属性 声明为可为 null。 [E:\fan\work\code\vs\SCRM\SCRM.API\SCRM.API.csproj]
E:\fan\work\code\vs\SCRM\SCRM.API\Models\Entities\WalletTransaction.cs(13,19): warning CS8618: 在退出构造函数时，不可为 null 的 属性 "Currency" 必须包含非 null 值。请考虑添加 "required" 修饰符或将该 属性 声明为可为 null。 [E:\fan\work\code\vs\SCRM\SCRM.API\SCRM.API.csproj]
E:\fan\work\code\vs\SCRM\SCRM.API\Models\Entities\WalletTransaction.cs(14,19): warning CS8618: 在退出构造函数时，不可为 null 的 属性 "SourceWxid" 必须包含非 null 值。请考虑添加 "required" 修饰符或将该 属性 声明为可为 null。 [E:\fan\work\code\vs\SCRM\SCRM.API\SCRM.API.csproj]
E:\fan\work\code\vs\SCRM\SCRM.API\Models\Entities\WalletTransaction.cs(15,19): warning CS8618: 在退出构造函数时，不可为 null 的 属性 "TargetWxid" 必须包含非 null 值。请考虑添加 "required" 修饰符或将该 属性 声明为可为 null。 [E:\fan\work\code\vs\SCRM\SCRM.API\SCRM.API.csproj]
E:\fan\work\code\vs\SCRM\SCRM.API\Models\Entities\WalletTransaction.cs(16,19): warning CS8618: 在退出构造函数时，不可为 null 的 属性 "Description" 必须包含非 null 值。请考虑添加 "required" 修饰符或将该 属性 声明为可为 null。 [E:\fan\work\code\vs\SCRM\SCRM.API\SCRM.API.csproj]
E:\fan\work\code\vs\SCRM\SCRM.API\Models\Entities\WalletTransaction.cs(18,19): warning CS8618: 在退出构造函数时，不可为 null 的 属性 "FailureReason" 必须包含非 null 值。请考虑添加 "required" 修饰符或将该 属性 声明为可为 null。 [E:\fan\work\code\vs\SCRM\SCRM.API\SCRM.API.csproj]
E:\fan\work\code\vs\SCRM\SCRM.API\Models\Entities\VoiceToTextLog.cs(10,19): warning CS8618: 在退出构造函数时，不可为 null 的 属性 "VoiceUrl" 必须包含非 null 值。请考虑添加 "required" 修饰符或将该 属性 声明为可为 null。 [E:\fan\work\code\vs\SCRM\SCRM.API\SCRM.API.csproj]
E:\fan\work\code\vs\SCRM\SCRM.API\Models\Entities\VoiceToTextLog.cs(11,19): warning CS8618: 在退出构造函数时，不可为 null 的 属性 "TranscribedText" 必须包含非 null 值。请考虑添加 "required" 修饰符或将该 属性 声明为可为 null。 [E:\fan\work\code\vs\SCRM\SCRM.API\SCRM.API.csproj]
E:\fan\work\code\vs\SCRM\SCRM.API\Models\Entities\VoiceToTextLog.cs(14,19): warning CS8618: 在退出构造函数时，不可为 null 的 属性 "ErrorMessage" 必须包含非 null 值。请考虑添加 "required" 修饰符或将该 属性 声明为可为 null。 [E:\fan\work\code\vs\SCRM\SCRM.API\SCRM.API.csproj]
E:\fan\work\code\vs\SCRM\SCRM.API\Services\AuthService.cs(456,72): error CS1061: “WechatAccount”未包含“IsDeleted”的定义，并且找不到可接受第一个“WechatAccount”类型参数的可访问扩展方法“IsDeleted”(是否缺少 using 指令或程序集引用?) [E:\fan\work\code\vs\SCRM\SCRM.API\SCRM.API.csproj]
E:\fan\work\code\vs\SCRM\SCRM.API\Models\Entities\RedPacketRecord.cs(10,19): warning CS8618: 在退出构造函数时，不可为 null 的 属性 "receiverWxid" 必须包含非 null 值。请考虑添加 "required" 修饰符或将该 属性 声明为可为 null。 [E:\fan\work\code\vs\SCRM\SCRM.API\SCRM.API.csproj]
E:\fan\work\code\vs\SCRM\SCRM.API\Models\Entities\RedPacketRecord.cs(12,19): warning CS8618: 在退出构造函数时，不可为 null 的 属性 "currency" 必须包含非 null 值。请考虑添加 "required" 修饰符或将该 属性 声明为可为 null。 [E:\fan\work\code\vs\SCRM\SCRM.API\SCRM.API.csproj]
E:\fan\work\code\vs\SCRM\SCRM.API\Models\Entities\RedPacketRecord.cs(14,19): warning CS8618: 在退出构造函数时，不可为 null 的 属性 "receiveMessage" 必须包含非 null 值。请考虑添加 "required" 修饰符或将该 属性 声明为可为 null。 [E:\fan\work\code\vs\SCRM\SCRM.API\SCRM.API.csproj]
E:\fan\work\code\vs\SCRM\SCRM.API\Models\Entities\RedPacket.cs(10,19): warning CS8618: 在退出构造函数时，不可为 null 的 属性 "senderWxid" 必须包含非 null 值。请考虑添加 "required" 修饰符或将该 属性 声明为可为 null。 [E:\fan\work\code\vs\SCRM\SCRM.API\SCRM.API.csproj]
E:\fan\work\code\vs\SCRM\SCRM.API\Models\Entities\RedPacket.cs(13,19): warning CS8618: 在退出构造函数时，不可为 null 的 属性 "currency" 必须包含非 null 值。请考虑添加 "required" 修饰符或将该 属性 声明为可为 null。 [E:\fan\work\code\vs\SCRM\SCRM.API\SCRM.API.csproj]
E:\fan\work\code\vs\SCRM\SCRM.API\Models\Entities\RedPacket.cs(14,19): warning CS8618: 在退出构造函数时，不可为 null 的 属性 "redPacketMessage" 必须包含非 null 值。请考虑添加 "required" 修饰符或将该 属性 声明为可为 null。 [E:\fan\work\code\vs\SCRM\SCRM.API\SCRM.API.csproj]
E:\fan\work\code\vs\SCRM\SCRM.API\Models\Entities\RedPacket.cs(15,19): warning CS8618: 在退出构造函数时，不可为 null 的 属性 "targetType" 必须包含非 null 值。请考虑添加 "required" 修饰符或将该 属性 声明为可为 null。 [E:\fan\work\code\vs\SCRM\SCRM.API\SCRM.API.csproj]
E:\fan\work\code\vs\SCRM\SCRM.API\Models\Entities\RedPacket.cs(16,19): warning CS8618: 在退出构造函数时，不可为 null 的 属性 "targetWxid" 必须包含非 null 值。请考虑添加 "required" 修饰符或将该 属性 声明为可为 null。 [E:\fan\work\code\vs\SCRM\SCRM.API\SCRM.API.csproj]
E:\fan\work\code\vs\SCRM\SCRM.API\Services\Netty\MessageRouter.cs(950,28): warning CS1998: 此异步方法缺少 "await" 运算符，将以同步方式运行。请考虑使用 "await" 运算符等待非阻止的 API 调用，或者使用 "await Task.Run(...)" 在后台线程上执行占用大量 CPU 的工作。 [E:\fan\work\code\vs\SCRM\SCRM.API\SCRM.API.csproj]
E:\fan\work\code\vs\SCRM\SCRM.API\Models\Entities\OfficialAccountSubscription.cs(10,19): warning CS8618: 在退出构造函数时，不可为 null 的 属性 "SubscriberWxid" 必须包含非 null 值。请考虑添加 "required" 修饰符或将该 属性 声明为可为 null。 [E:\fan\work\code\vs\SCRM\SCRM.API\SCRM.API.csproj]
E:\fan\work\code\vs\SCRM\SCRM.API\Models\Entities\OfficialAccountSubscription.cs(13,19): warning CS8618: 在退出构造函数时，不可为 null 的 属性 "NotificationContent" 必须包含非 null 值。请考虑添加 "required" 修饰符或将该 属性 声明为可为 null。 [E:\fan\work\code\vs\SCRM\SCRM.API\SCRM.API.csproj]
E:\fan\work\code\vs\SCRM\SCRM.API\Models\Entities\OfficialAccountSearchLog.cs(10,19): warning CS8618: 在退出构造函数时，不可为 null 的 属性 "SearchKeyword" 必须包含非 null 值。请考虑添加 "required" 修饰符或将该 属性 声明为可为 null。 [E:\fan\work\code\vs\SCRM\SCRM.API\SCRM.API.csproj]
E:\fan\work\code\vs\SCRM\SCRM.API\Models\Entities\OfficialAccountSearchLog.cs(12,19): warning CS8618: 在退出构造函数时，不可为 null 的 属性 "SelectedWxid" 必须包含非 null 值。请考虑添加 "required" 修饰符或将该 属性 声明为可为 null。 [E:\fan\work\code\vs\SCRM\SCRM.API\SCRM.API.csproj]
E:\fan\work\code\vs\SCRM\SCRM.API\Models\Entities\OfficialAccountMessage.cs(10,19): warning CS8618: 在退出构造函数时，不可为 null 的 属性 "MessageId" 必须包含非 null 值。请考虑添加 "required" 修饰符或将该 属性 声明为可为 null。 [E:\fan\work\code\vs\SCRM\SCRM.API\SCRM.API.csproj]
E:\fan\work\code\vs\SCRM\SCRM.API\Models\Entities\OfficialAccountMessage.cs(12,19): warning CS8618: 在退出构造函数时，不可为 null 的 属性 "MessageContent" 必须包含非 null 值。请考虑添加 "required" 修饰符或将该 属性 声明为可为 null。 [E:\fan\work\code\vs\SCRM\SCRM.API\SCRM.API.csproj]
E:\fan\work\code\vs\SCRM\SCRM.API\Models\Entities\OfficialAccountMessage.cs(13,19): warning CS8618: 在退出构造函数时，不可为 null 的 属性 "SenderWxid" 必须包含非 null 值。请考虑添加 "required" 修饰符或将该 属性 声明为可为 null。 [E:\fan\work\code\vs\SCRM\SCRM.API\SCRM.API.csproj]
E:\fan\work\code\vs\SCRM\SCRM.API\Models\Entities\OfficialAccountFollowLog.cs(10,19): warning CS8618: 在退出构造函数时，不可为 null 的 属性 "FollowerWxid" 必须包含非 null 值。请考虑添加 "required" 修饰符或将该 属性 声明为可为 null。 [E:\fan\work\code\vs\SCRM\SCRM.API\SCRM.API.csproj]
E:\fan\work\code\vs\SCRM\SCRM.API\Models\Entities\OfficialAccountFollowLog.cs(12,19): warning CS8618: 在退出构造函数时，不可为 null 的 属性 "EventReason" 必须包含非 null 值。请考虑添加 "required" 修饰符或将该 属性 声明为可为 null。 [E:\fan\work\code\vs\SCRM\SCRM.API\SCRM.API.csproj]
E:\fan\work\code\vs\SCRM\SCRM.API\Services\Netty\MessageRouter.cs(1001,25): error CS0117: “Contact”未包含“Signature”的定义 [E:\fan\work\code\vs\SCRM\SCRM.API\SCRM.API.csproj]
E:\fan\work\code\vs\SCRM\SCRM.API\Services\Netty\MessageRouter.cs(1002,25): error CS0117: “Contact”未包含“Email”的定义 [E:\fan\work\code\vs\SCRM\SCRM.API\SCRM.API.csproj]
E:\fan\work\code\vs\SCRM\SCRM.API\Services\Netty\MessageRouter.cs(1003,25): error CS0117: “Contact”未包含“Country”的定义 [E:\fan\work\code\vs\SCRM\SCRM.API\SCRM.API.csproj]
E:\fan\work\code\vs\SCRM\SCRM.API\Models\Entities\OfficialAccount.cs(10,19): warning CS8618: 在退出构造函数时，不可为 null 的 属性 "AccountWxid" 必须包含非 null 值。请考虑添加 "required" 修饰符或将该 属性 声明为可为 null。 [E:\fan\work\code\vs\SCRM\SCRM.API\SCRM.API.csproj]
E:\fan\work\code\vs\SCRM\SCRM.API\Models\Entities\OfficialAccount.cs(11,19): warning CS8618: 在退出构造函数时，不可为 null 的 属性 "AccountName" 必须包含非 null 值。请考虑添加 "required" 修饰符或将该 属性 声明为可为 null。 [E:\fan\work\code\vs\SCRM\SCRM.API\SCRM.API.csproj]
E:\fan\work\code\vs\SCRM\SCRM.API\Models\Entities\OfficialAccount.cs(12,19): warning CS8618: 在退出构造函数时，不可为 null 的 属性 "AccountNickname" 必须包含非 null 值。请考虑添加 "required" 修饰符或将该 属性 声明为可为 null。 [E:\fan\work\code\vs\SCRM\SCRM.API\SCRM.API.csproj]
E:\fan\work\code\vs\SCRM\SCRM.API\Models\Entities\OfficialAccount.cs(13,19): warning CS8618: 在退出构造函数时，不可为 null 的 属性 "Avatar" 必须包含非 null 值。请考虑添加 "required" 修饰符或将该 属性 声明为可为 null。 [E:\fan\work\code\vs\SCRM\SCRM.API\SCRM.API.csproj]
E:\fan\work\code\vs\SCRM\SCRM.API\Models\Entities\OfficialAccount.cs(14,19): warning CS8618: 在退出构造函数时，不可为 null 的 属性 "Description" 必须包含非 null 值。请考虑添加 "required" 修饰符或将该 属性 声明为可为 null。 [E:\fan\work\code\vs\SCRM\SCRM.API\SCRM.API.csproj]
E:\fan\work\code\vs\SCRM\SCRM.API\Models\Entities\MomentsPost.cs(10,19): warning CS8618: 在退出构造函数时，不可为 null 的 属性 "authorWxid" 必须包含非 null 值。请考虑添加 "required" 修饰符或将该 属性 声明为可为 null。 [E:\fan\work\code\vs\SCRM\SCRM.API\SCRM.API.csproj]
E:\fan\work\code\vs\SCRM\SCRM.API\Models\Entities\MomentsPost.cs(11,19): warning CS8618: 在退出构造函数时，不可为 null 的 属性 "postContent" 必须包含非 null 值。请考虑添加 "required" 修饰符或将该 属性 声明为可为 null。 [E:\fan\work\code\vs\SCRM\SCRM.API\SCRM.API.csproj]
E:\fan\work\code\vs\SCRM\SCRM.API\Models\Entities\MomentsPost.cs(17,19): warning CS8618: 在退出构造函数时，不可为 null 的 属性 "postCover" 必须包含非 null 值。请考虑添加 "required" 修饰符或将该 属性 声明为可为 null。 [E:\fan\work\code\vs\SCRM\SCRM.API\SCRM.API.csproj]
E:\fan\work\code\vs\SCRM\SCRM.API\Models\Entities\MomentsLike.cs(10,19): warning CS8618: 在退出构造函数时，不可为 null 的 属性 "likerWxid" 必须包含非 null 值。请考虑添加 "required" 修饰符或将该 属性 声明为可为 null。 [E:\fan\work\code\vs\SCRM\SCRM.API\SCRM.API.csproj]
E:\fan\work\code\vs\SCRM\SCRM.API\Models\Entities\MomentsLike.cs(11,19): warning CS8618: 在退出构造函数时，不可为 null 的 属性 "likerNickname" 必须包含非 null 值。请考虑添加 "required" 修饰符或将该 属性 声明为可为 null。 [E:\fan\work\code\vs\SCRM\SCRM.API\SCRM.API.csproj]
E:\fan\work\code\vs\SCRM\SCRM.API\Models\Entities\MomentsComment.cs(10,19): warning CS8618: 在退出构造函数时，不可为 null 的 属性 "commenterWxid" 必须包含非 null 值。请考虑添加 "required" 修饰符或将该 属性 声明为可为 null。 [E:\fan\work\code\vs\SCRM\SCRM.API\SCRM.API.csproj]
E:\fan\work\code\vs\SCRM\SCRM.API\Models\Entities\MomentsComment.cs(13,19): warning CS8618: 在退出构造函数时，不可为 null 的 属性 "commentContent" 必须包含非 null 值。请考虑添加 "required" 修饰符或将该 属性 声明为可为 null。 [E:\fan\work\code\vs\SCRM\SCRM.API\SCRM.API.csproj]
E:\fan\work\code\vs\SCRM\SCRM.API\Models\Entities\MomentsComment.cs(15,19): warning CS8618: 在退出构造函数时，不可为 null 的 属性 "replyToWxid" 必须包含非 null 值。请考虑添加 "required" 修饰符或将该 属性 声明为可为 null。 [E:\fan\work\code\vs\SCRM\SCRM.API\SCRM.API.csproj]
E:\fan\work\code\vs\SCRM\SCRM.API\Models\Entities\MiniprogramSearchLog.cs(10,19): warning CS8618: 在退出构造函数时，不可为 null 的 属性 "SearchKeyword" 必须包含非 null 值。请考虑添加 "required" 修饰符或将该 属性 声明为可为 null。 [E:\fan\work\code\vs\SCRM\SCRM.API\SCRM.API.csproj]
E:\fan\work\code\vs\SCRM\SCRM.API\Models\Entities\MiniprogramSearchLog.cs(12,19): warning CS8618: 在退出构造函数时，不可为 null 的 属性 "SelectedAppId" 必须包含非 null 值。请考虑添加 "required" 修饰符或将该 属性 声明为可为 null。 [E:\fan\work\code\vs\SCRM\SCRM.API\SCRM.API.csproj]
E:\fan\work\code\vs\SCRM\SCRM.API\Models\Entities\MiniprogramMessage.cs(10,19): warning CS8618: 在退出构造函数时，不可为 null 的 属性 "MessageId" 必须包含非 null 值。请考虑添加 "required" 修饰符或将该 属性 声明为可为 null。 [E:\fan\work\code\vs\SCRM\SCRM.API\SCRM.API.csproj]
E:\fan\work\code\vs\SCRM\SCRM.API\Models\Entities\MiniprogramMessage.cs(12,19): warning CS8618: 在退出构造函数时，不可为 null 的 属性 "MessageContent" 必须包含非 null 值。请考虑添加 "required" 修饰符或将该 属性 声明为可为 null。 [E:\fan\work\code\vs\SCRM\SCRM.API\SCRM.API.csproj]
E:\fan\work\code\vs\SCRM\SCRM.API\Models\Entities\MiniprogramMessage.cs(13,19): warning CS8618: 在退出构造函数时，不可为 null 的 属性 "SenderWxid" 必须包含非 null 值。请考虑添加 "required" 修饰符或将该 属性 声明为可为 null。 [E:\fan\work\code\vs\SCRM\SCRM.API\SCRM.API.csproj]
E:\fan\work\code\vs\SCRM\SCRM.API\Models\Entities\MiniprogramFollowLog.cs(10,19): warning CS8618: 在退出构造函数时，不可为 null 的 属性 "FollowerWxid" 必须包含非 null 值。请考虑添加 "required" 修饰符或将该 属性 声明为可为 null。 [E:\fan\work\code\vs\SCRM\SCRM.API\SCRM.API.csproj]
E:\fan\work\code\vs\SCRM\SCRM.API\Models\Entities\MiniprogramFollowLog.cs(12,19): warning CS8618: 在退出构造函数时，不可为 null 的 属性 "EventReason" 必须包含非 null 值。请考虑添加 "required" 修饰符或将该 属性 声明为可为 null。 [E:\fan\work\code\vs\SCRM\SCRM.API\SCRM.API.csproj]
E:\fan\work\code\vs\SCRM\SCRM.API\Models\Entities\MiniprogramAccount.cs(10,19): warning CS8618: 在退出构造函数时，不可为 null 的 属性 "AppId" 必须包含非 null 值。请考虑添加 "required" 修饰符或将该 属性 声明为可为 null。 [E:\fan\work\code\vs\SCRM\SCRM.API\SCRM.API.csproj]
E:\fan\work\code\vs\SCRM\SCRM.API\Models\Entities\MiniprogramAccount.cs(11,19): warning CS8618: 在退出构造函数时，不可为 null 的 属性 "AppName" 必须包含非 null 值。请考虑添加 "required" 修饰符或将该 属性 声明为可为 null。 [E:\fan\work\code\vs\SCRM\SCRM.API\SCRM.API.csproj]
E:\fan\work\code\vs\SCRM\SCRM.API\Models\Entities\MiniprogramAccount.cs(12,19): warning CS8618: 在退出构造函数时，不可为 null 的 属性 "Avatar" 必须包含非 null 值。请考虑添加 "required" 修饰符或将该 属性 声明为可为 null。 [E:\fan\work\code\vs\SCRM\SCRM.API\SCRM.API.csproj]
E:\fan\work\code\vs\SCRM\SCRM.API\Models\Entities\MiniprogramAccount.cs(13,19): warning CS8618: 在退出构造函数时，不可为 null 的 属性 "Description" 必须包含非 null 值。请考虑添加 "required" 修饰符或将该 属性 声明为可为 null。 [E:\fan\work\code\vs\SCRM\SCRM.API\SCRM.API.csproj]
E:\fan\work\code\vs\SCRM\SCRM.API\Models\Entities\MiniprogramAccessLog.cs(10,19): warning CS8618: 在退出构造函数时，不可为 null 的 属性 "AccessorWxid" 必须包含非 null 值。请考虑添加 "required" 修饰符或将该 属性 声明为可为 null。 [E:\fan\work\code\vs\SCRM\SCRM.API\SCRM.API.csproj]
E:\fan\work\code\vs\SCRM\SCRM.API\Models\Entities\MiniprogramAccessLog.cs(12,19): warning CS8618: 在退出构造函数时，不可为 null 的 属性 "PagePath" 必须包含非 null 值。请考虑添加 "required" 修饰符或将该 属性 声明为可为 null。 [E:\fan\work\code\vs\SCRM\SCRM.API\SCRM.API.csproj]
E:\fan\work\code\vs\SCRM\SCRM.API\Models\Entities\MiniprogramAccessLog.cs(14,19): warning CS8618: 在退出构造函数时，不可为 null 的 属性 "AccessSource" 必须包含非 null 值。请考虑添加 "required" 修饰符或将该 属性 声明为可为 null。 [E:\fan\work\code\vs\SCRM\SCRM.API\SCRM.API.csproj]
E:\fan\work\code\vs\SCRM\SCRM.API\Services\AuthService.cs(478,72): error CS1061: “WechatAccount”未包含“IsDeleted”的定义，并且找不到可接受第一个“WechatAccount”类型参数的可访问扩展方法“IsDeleted”(是否缺少 using 指令或程序集引用?) [E:\fan\work\code\vs\SCRM\SCRM.API\SCRM.API.csproj]
E:\fan\work\code\vs\SCRM\SCRM.API\Models\Entities\MessageSyncLog.cs(14,19): warning CS8618: 在退出构造函数时，不可为 null 的 属性 "ErrorMessage" 必须包含非 null 值。请考虑添加 "required" 修饰符或将该 属性 声明为可为 null。 [E:\fan\work\code\vs\SCRM\SCRM.API\SCRM.API.csproj]
E:\fan\work\code\vs\SCRM\SCRM.API\Models\Entities\MessageRevocation.cs(10,19): warning CS8618: 在退出构造函数时，不可为 null 的 属性 "RevokerWxid" 必须包含非 null 值。请考虑添加 "required" 修饰符或将该 属性 声明为可为 null。 [E:\fan\work\code\vs\SCRM\SCRM.API\SCRM.API.csproj]
E:\fan\work\code\vs\SCRM\SCRM.API\Models\Entities\MessageRevocation.cs(11,19): warning CS8618: 在退出构造函数时，不可为 null 的 属性 "RevocationReason" 必须包含非 null 值。请考虑添加 "required" 修饰符或将该 属性 声明为可为 null。 [E:\fan\work\code\vs\SCRM\SCRM.API\SCRM.API.csproj]
E:\fan\work\code\vs\SCRM\SCRM.API\Models\Entities\MessageMedia.cs(11,19): warning CS8618: 在退出构造函数时，不可为 null 的 属性 "MediaUrl" 必须包含非 null 值。请考虑添加 "required" 修饰符或将该 属性 声明为可为 null。 [E:\fan\work\code\vs\SCRM\SCRM.API\SCRM.API.csproj]
E:\fan\work\code\vs\SCRM\SCRM.API\Models\Entities\MessageMedia.cs(12,19): warning CS8618: 在退出构造函数时，不可为 null 的 属性 "LocalPath" 必须包含非 null 值。请考虑添加 "required" 修饰符或将该 属性 声明为可为 null。 [E:\fan\work\code\vs\SCRM\SCRM.API\SCRM.API.csproj]
E:\fan\work\code\vs\SCRM\SCRM.API\Models\Entities\MessageMedia.cs(13,19): warning CS8618: 在退出构造函数时，不可为 null 的 属性 "MediaHash" 必须包含非 null 值。请考虑添加 "required" 修饰符或将该 属性 声明为可为 null。 [E:\fan\work\code\vs\SCRM\SCRM.API\SCRM.API.csproj]
E:\fan\work\code\vs\SCRM\SCRM.API\Models\Entities\MessageMedia.cs(15,19): warning CS8618: 在退出构造函数时，不可为 null 的 属性 "FileExtension" 必须包含非 null 值。请考虑添加 "required" 修饰符或将该 属性 声明为可为 null。 [E:\fan\work\code\vs\SCRM\SCRM.API\SCRM.API.csproj]
E:\fan\work\code\vs\SCRM\SCRM.API\Models\Entities\MessageForwardDetail.cs(10,19): warning CS8618: 在退出构造函数时，不可为 null 的 属性 "ToWxid" 必须包含非 null 值。请考虑添加 "required" 修饰符或将该 属性 声明为可为 null。 [E:\fan\work\code\vs\SCRM\SCRM.API\SCRM.API.csproj]
E:\fan\work\code\vs\SCRM\SCRM.API\Models\Entities\MessageForward.cs(10,19): warning CS8618: 在退出构造函数时，不可为 null 的 属性 "FromWxid" 必须包含非 null 值。请考虑添加 "required" 修饰符或将该 属性 声明为可为 null。 [E:\fan\work\code\vs\SCRM\SCRM.API\SCRM.API.csproj]
E:\fan\work\code\vs\SCRM\SCRM.API\Models\Entities\MessageExtension.cs(10,19): warning CS8618: 在退出构造函数时，不可为 null 的 属性 "ExtensionKey" 必须包含非 null 值。请考虑添加 "required" 修饰符或将该 属性 声明为可为 null。 [E:\fan\work\code\vs\SCRM\SCRM.API\SCRM.API.csproj]
E:\fan\work\code\vs\SCRM\SCRM.API\Models\Entities\MessageExtension.cs(11,19): warning CS8618: 在退出构造函数时，不可为 null 的 属性 "ExtensionValue" 必须包含非 null 值。请考虑添加 "required" 修饰符或将该 属性 声明为可为 null。 [E:\fan\work\code\vs\SCRM\SCRM.API\SCRM.API.csproj]
E:\fan\work\code\vs\SCRM\SCRM.API\Models\Entities\MassMessageDetail.cs(10,19): warning CS8618: 在退出构造函数时，不可为 null 的 属性 "RecipientWxid" 必须包含非 null 值。请考虑添加 "required" 修饰符或将该 属性 声明为可为 null。 [E:\fan\work\code\vs\SCRM\SCRM.API\SCRM.API.csproj]
E:\fan\work\code\vs\SCRM\SCRM.API\Models\Entities\MassMessageDetail.cs(12,19): warning CS8618: 在退出构造函数时，不可为 null 的 属性 "ErrorMessage" 必须包含非 null 值。请考虑添加 "required" 修饰符或将该 属性 声明为可为 null。 [E:\fan\work\code\vs\SCRM\SCRM.API\SCRM.API.csproj]
E:\fan\work\code\vs\SCRM\SCRM.API\Models\Entities\MassMessage.cs(10,19): warning CS8618: 在退出构造函数时，不可为 null 的 属性 "MessageTitle" 必须包含非 null 值。请考虑添加 "required" 修饰符或将该 属性 声明为可为 null。 [E:\fan\work\code\vs\SCRM\SCRM.API\SCRM.API.csproj]
E:\fan\work\code\vs\SCRM\SCRM.API\Models\Entities\MassMessage.cs(11,19): warning CS8618: 在退出构造函数时，不可为 null 的 属性 "MessageContent" 必须包含非 null 值。请考虑添加 "required" 修饰符或将该 属性 声明为可为 null。 [E:\fan\work\code\vs\SCRM\SCRM.API\SCRM.API.csproj]
E:\fan\work\code\vs\SCRM\SCRM.API\Models\Entities\LegacyWechatUser.cs(16,36): error CS1061: “WechatAccount”未包含“AccountId”的定义，并且找不到可接受第一个“WechatAccount”类型参数的可访问扩展方法“AccountId”(是否缺少 using 指令或程序集引用?) [E:\fan\work\code\vs\SCRM\SCRM.API\SCRM.API.csproj]
E:\fan\work\code\vs\SCRM\SCRM.API\Models\Entities\LegacyWechatUser.cs(20,31): error CS1061: “WechatAccount”未包含“AccountId”的定义，并且找不到可接受第一个“WechatAccount”类型参数的可访问扩展方法“AccountId”(是否缺少 using 指令或程序集引用?) [E:\fan\work\code\vs\SCRM\SCRM.API\SCRM.API.csproj]
E:\fan\work\code\vs\SCRM\SCRM.API\Models\Entities\LegacyWechatUser.cs(38,36): error CS1061: “WechatAccount”未包含“Nickname”的定义，并且找不到可接受第一个“WechatAccount”类型参数的可访问扩展方法“Nickname”(是否缺少 using 指令或程序集引用?) [E:\fan\work\code\vs\SCRM\SCRM.API\SCRM.API.csproj]
E:\fan\work\code\vs\SCRM\SCRM.API\Models\Entities\LegacyWechatUser.cs(42,31): error CS1061: “WechatAccount”未包含“Nickname”的定义，并且找不到可接受第一个“WechatAccount”类型参数的可访问扩展方法“Nickname”(是否缺少 using 指令或程序集引用?) [E:\fan\work\code\vs\SCRM\SCRM.API\SCRM.API.csproj]
E:\fan\work\code\vs\SCRM\SCRM.API\Models\Entities\LegacyWechatUser.cs(51,36): error CS1061: “WechatAccount”未包含“MobilePhone”的定义，并且找不到可接受第一个“WechatAccount”类型参数的可访问扩展方法“MobilePhone”(是否缺少 using 指令或程序集引用?) [E:\fan\work\code\vs\SCRM\SCRM.API\SCRM.API.csproj]
E:\fan\work\code\vs\SCRM\SCRM.API\Models\Entities\LegacyWechatUser.cs(55,31): error CS1061: “WechatAccount”未包含“MobilePhone”的定义，并且找不到可接受第一个“WechatAccount”类型参数的可访问扩展方法“MobilePhone”(是否缺少 using 指令或程序集引用?) [E:\fan\work\code\vs\SCRM\SCRM.API\SCRM.API.csproj]
E:\fan\work\code\vs\SCRM\SCRM.API\Models\Entities\LegacyWechatUser.cs(74,36): error CS1061: “WechatAccount”未包含“IsActive”的定义，并且找不到可接受第一个“WechatAccount”类型参数的可访问扩展方法“IsActive”(是否缺少 using 指令或程序集引用?) [E:\fan\work\code\vs\SCRM\SCRM.API\SCRM.API.csproj]
E:\fan\work\code\vs\SCRM\SCRM.API\Models\Entities\LegacyWechatUser.cs(78,31): error CS1061: “WechatAccount”未包含“IsActive”的定义，并且找不到可接受第一个“WechatAccount”类型参数的可访问扩展方法“IsActive”(是否缺少 using 指令或程序集引用?) [E:\fan\work\code\vs\SCRM\SCRM.API\SCRM.API.csproj]
E:\fan\work\code\vs\SCRM\SCRM.API\Models\Entities\LegacyWechatUser.cs(87,36): error CS1061: “WechatAccount”未包含“CreatedAt”的定义，并且找不到可接受第一个“WechatAccount”类型参数的可访问扩展方法“CreatedAt”(是否缺少 using 指令或程序集引用?) [E:\fan\work\code\vs\SCRM\SCRM.API\SCRM.API.csproj]
E:\fan\work\code\vs\SCRM\SCRM.API\Models\Entities\LegacyWechatUser.cs(91,31): error CS1061: “WechatAccount”未包含“CreatedAt”的定义，并且找不到可接受第一个“WechatAccount”类型参数的可访问扩展方法“CreatedAt”(是否缺少 using 指令或程序集引用?) [E:\fan\work\code\vs\SCRM\SCRM.API\SCRM.API.csproj]
E:\fan\work\code\vs\SCRM\SCRM.API\Models\Entities\LegacyWechatUser.cs(100,36): error CS1061: “WechatAccount”未包含“UpdatedAt”的定义，并且找不到可接受第一个“WechatAccount”类型参数的可访问扩展方法“UpdatedAt”(是否缺少 using 指令或程序集引用?) [E:\fan\work\code\vs\SCRM\SCRM.API\SCRM.API.csproj]
E:\fan\work\code\vs\SCRM\SCRM.API\Models\Entities\LegacyWechatUser.cs(104,31): error CS1061: “WechatAccount”未包含“UpdatedAt”的定义，并且找不到可接受第一个“WechatAccount”类型参数的可访问扩展方法“UpdatedAt”(是否缺少 using 指令或程序集引用?) [E:\fan\work\code\vs\SCRM\SCRM.API\SCRM.API.csproj]
E:\fan\work\code\vs\SCRM\SCRM.API\Models\Entities\LegacyWechatUser.cs(113,36): error CS1061: “WechatAccount”未包含“LastOnlineAt”的定义，并且找不到可接受第一个“WechatAccount”类型参数的可访问扩展方法“LastOnlineAt”(是否缺少 using 指令或程序集引用?) [E:\fan\work\code\vs\SCRM\SCRM.API\SCRM.API.csproj]
E:\fan\work\code\vs\SCRM\SCRM.API\Services\AuthService.cs(489,20): warning CS8603: 可能返回 null 引用。 [E:\fan\work\code\vs\SCRM\SCRM.API\SCRM.API.csproj]
E:\fan\work\code\vs\SCRM\SCRM.API\Models\Entities\LegacyWechatUser.cs(117,31): error CS1061: “WechatAccount”未包含“LastOnlineAt”的定义，并且找不到可接受第一个“WechatAccount”类型参数的可访问扩展方法“LastOnlineAt”(是否缺少 using 指令或程序集引用?) [E:\fan\work\code\vs\SCRM\SCRM.API\SCRM.API.csproj]
E:\fan\work\code\vs\SCRM\SCRM.API\Models\Entities\LegacyWechatUser.cs(150,13): error CS0117: “WechatAccount”未包含“AccountId”的定义 [E:\fan\work\code\vs\SCRM\SCRM.API\SCRM.API.csproj]
E:\fan\work\code\vs\SCRM\SCRM.API\Models\Entities\LegacyWechatUser.cs(151,13): error CS0117: “WechatAccount”未包含“Nickname”的定义 [E:\fan\work\code\vs\SCRM\SCRM.API\SCRM.API.csproj]
E:\fan\work\code\vs\SCRM\SCRM.API\Models\Entities\LegacyWechatUser.cs(152,13): error CS0117: “WechatAccount”未包含“MobilePhone”的定义 [E:\fan\work\code\vs\SCRM\SCRM.API\SCRM.API.csproj]
E:\fan\work\code\vs\SCRM\SCRM.API\Models\Entities\GroupQrcode.cs(10,19): warning CS8618: 在退出构造函数时，不可为 null 的 属性 "QrcodeUrl" 必须包含非 null 值。请考虑添加 "required" 修饰符或将该 属性 声明为可为 null。 [E:\fan\work\code\vs\SCRM\SCRM.API\SCRM.API.csproj]
E:\fan\work\code\vs\SCRM\SCRM.API\Models\Entities\GroupQrcode.cs(11,19): warning CS8618: 在退出构造函数时，不可为 null 的 属性 "QrcodeData" 必须包含非 null 值。请考虑添加 "required" 修饰符或将该 属性 声明为可为 null。 [E:\fan\work\code\vs\SCRM\SCRM.API\SCRM.API.csproj]
E:\fan\work\code\vs\SCRM\SCRM.API\Models\Entities\GroupMessageSyncLog.cs(13,19): warning CS8618: 在退出构造函数时，不可为 null 的 属性 "ErrorMessage" 必须包含非 null 值。请考虑添加 "required" 修饰符或将该 属性 声明为可为 null。 [E:\fan\work\code\vs\SCRM\SCRM.API\SCRM.API.csproj]
E:\fan\work\code\vs\SCRM\SCRM.API\Models\Entities\GroupMember.cs(10,19): warning CS8618: 在退出构造函数时，不可为 null 的 属性 "MemberWxid" 必须包含非 null 值。请考虑添加 "required" 修饰符或将该 属性 声明为可为 null。 [E:\fan\work\code\vs\SCRM\SCRM.API\SCRM.API.csproj]
E:\fan\work\code\vs\SCRM\SCRM.API\Models\Entities\GroupMember.cs(11,19): warning CS8618: 在退出构造函数时，不可为 null 的 属性 "MemberNickname" 必须包含非 null 值。请考虑添加 "required" 修饰符或将该 属性 声明为可为 null。 [E:\fan\work\code\vs\SCRM\SCRM.API\SCRM.API.csproj]
E:\fan\work\code\vs\SCRM\SCRM.API\Models\Entities\GroupMember.cs(18,19): warning CS8618: 在退出构造函数时，不可为 null 的 属性 "InviterWxid" 必须包含非 null 值。请考虑添加 "required" 修饰符或将该 属性 声明为可为 null。 [E:\fan\work\code\vs\SCRM\SCRM.API\SCRM.API.csproj]
E:\fan\work\code\vs\SCRM\SCRM.API\Models\Entities\GroupMember.cs(21,19): warning CS8618: 在退出构造函数时，不可为 null 的 属性 "MemberRemarks" 必须包含非 null 值。请考虑添加 "required" 修饰符或将该 属性 声明为可为 null。 [E:\fan\work\code\vs\SCRM\SCRM.API\SCRM.API.csproj]
E:\fan\work\code\vs\SCRM\SCRM.API\Models\Entities\GroupInvitation.cs(10,19): warning CS8618: 在退出构造函数时，不可为 null 的 属性 "InviterWxid" 必须包含非 null 值。请考虑添加 "required" 修饰符或将该 属性 声明为可为 null。 [E:\fan\work\code\vs\SCRM\SCRM.API\SCRM.API.csproj]
E:\fan\work\code\vs\SCRM\SCRM.API\Models\Entities\GroupInvitation.cs(11,19): warning CS8618: 在退出构造函数时，不可为 null 的 属性 "InviteeWxid" 必须包含非 null 值。请考虑添加 "required" 修饰符或将该 属性 声明为可为 null。 [E:\fan\work\code\vs\SCRM\SCRM.API\SCRM.API.csproj]
E:\fan\work\code\vs\SCRM\SCRM.API\Models\Entities\GroupInvitation.cs(13,19): warning CS8618: 在退出构造函数时，不可为 null 的 属性 "InvitationMessage" 必须包含非 null 值。请考虑添加 "required" 修饰符或将该 属性 声明为可为 null。 [E:\fan\work\code\vs\SCRM\SCRM.API\SCRM.API.csproj]
E:\fan\work\code\vs\SCRM\SCRM.API\Models\Entities\GroupChangeLog.cs(10,19): warning CS8618: 在退出构造函数时，不可为 null 的 属性 "ChangeType" 必须包含非 null 值。请考虑添加 "required" 修饰符或将该 属性 声明为可为 null。 [E:\fan\work\code\vs\SCRM\SCRM.API\SCRM.API.csproj]
E:\fan\work\code\vs\SCRM\SCRM.API\Models\Entities\GroupChangeLog.cs(11,19): warning CS8618: 在退出构造函数时，不可为 null 的 属性 "ChangedBy" 必须包含非 null 值。请考虑添加 "required" 修饰符或将该 属性 声明为可为 null。 [E:\fan\work\code\vs\SCRM\SCRM.API\SCRM.API.csproj]
E:\fan\work\code\vs\SCRM\SCRM.API\Models\Entities\GroupChangeLog.cs(12,19): warning CS8618: 在退出构造函数时，不可为 null 的 属性 "OldValue" 必须包含非 null 值。请考虑添加 "required" 修饰符或将该 属性 声明为可为 null。 [E:\fan\work\code\vs\SCRM\SCRM.API\SCRM.API.csproj]
E:\fan\work\code\vs\SCRM\SCRM.API\Models\Entities\GroupChangeLog.cs(13,19): warning CS8618: 在退出构造函数时，不可为 null 的 属性 "NewValue" 必须包含非 null 值。请考虑添加 "required" 修饰符或将该 属性 声明为可为 null。 [E:\fan\work\code\vs\SCRM\SCRM.API\SCRM.API.csproj]
E:\fan\work\code\vs\SCRM\SCRM.API\Models\Entities\GroupChangeLog.cs(14,19): warning CS8618: 在退出构造函数时，不可为 null 的 属性 "ChangedField" 必须包含非 null 值。请考虑添加 "required" 修饰符或将该 属性 声明为可为 null。 [E:\fan\work\code\vs\SCRM\SCRM.API\SCRM.API.csproj]
E:\fan\work\code\vs\SCRM\SCRM.API\Models\Entities\GroupAnnouncement.cs(10,19): warning CS8618: 在退出构造函数时，不可为 null 的 属性 "AnnouncementContent" 必须包含非 null 值。请考虑添加 "required" 修饰符或将该 属性 声明为可为 null。 [E:\fan\work\code\vs\SCRM\SCRM.API\SCRM.API.csproj]
E:\fan\work\code\vs\SCRM\SCRM.API\Models\Entities\GroupAnnouncement.cs(11,19): warning CS8618: 在退出构造函数时，不可为 null 的 属性 "PublisherWxid" 必须包含非 null 值。请考虑添加 "required" 修饰符或将该 属性 声明为可为 null。 [E:\fan\work\code\vs\SCRM\SCRM.API\SCRM.API.csproj]
E:\fan\work\code\vs\SCRM\SCRM.API\Models\Entities\Group.cs(10,19): warning CS8618: 在退出构造函数时，不可为 null 的 属性 "groupWxid" 必须包含非 null 值。请考虑添加 "required" 修饰符或将该 属性 声明为可为 null。 [E:\fan\work\code\vs\SCRM\SCRM.API\SCRM.API.csproj]
E:\fan\work\code\vs\SCRM\SCRM.API\Models\Entities\Group.cs(11,19): warning CS8618: 在退出构造函数时，不可为 null 的 属性 "groupName" 必须包含非 null 值。请考虑添加 "required" 修饰符或将该 属性 声明为可为 null。 [E:\fan\work\code\vs\SCRM\SCRM.API\SCRM.API.csproj]
E:\fan\work\code\vs\SCRM\SCRM.API\Models\Entities\Group.cs(12,19): warning CS8618: 在退出构造函数时，不可为 null 的 属性 "groupNotice" 必须包含非 null 值。请考虑添加 "required" 修饰符或将该 属性 声明为可为 null。 [E:\fan\work\code\vs\SCRM\SCRM.API\SCRM.API.csproj]
E:\fan\work\code\vs\SCRM\SCRM.API\Models\Entities\Group.cs(13,19): warning CS8618: 在退出构造函数时，不可为 null 的 属性 "ownerWxid" 必须包含非 null 值。请考虑添加 "required" 修饰符或将该 属性 声明为可为 null。 [E:\fan\work\code\vs\SCRM\SCRM.API\SCRM.API.csproj]
E:\fan\work\code\vs\SCRM\SCRM.API\Models\Entities\Group.cs(15,19): warning CS8618: 在退出构造函数时，不可为 null 的 属性 "groupAvatar" 必须包含非 null 值。请考虑添加 "required" 修饰符或将该 属性 声明为可为 null。 [E:\fan\work\code\vs\SCRM\SCRM.API\SCRM.API.csproj]
E:\fan\work\code\vs\SCRM\SCRM.API\Models\Entities\Group.cs(16,19): warning CS8618: 在退出构造函数时，不可为 null 的 属性 "groupDescription" 必须包含非 null 值。请考虑添加 "required" 修饰符或将该 属性 声明为可为 null。 [E:\fan\work\code\vs\SCRM\SCRM.API\SCRM.API.csproj]
E:\fan\work\code\vs\SCRM\SCRM.API\Models\Entities\FriendRequest.cs(10,19): warning CS8618: 在退出构造函数时，不可为 null 的 属性 "requestWxid" 必须包含非 null 值。请考虑添加 "required" 修饰符或将该 属性 声明为可为 null。 [E:\fan\work\code\vs\SCRM\SCRM.API\SCRM.API.csproj]
E:\fan\work\code\vs\SCRM\SCRM.API\Models\Entities\FriendRequest.cs(16,19): warning CS8618: 在退出构造函数时，不可为 null 的 属性 "requestMessage" 必须包含非 null 值。请考虑添加 "required" 修饰符或将该 属性 声明为可为 null。 [E:\fan\work\code\vs\SCRM\SCRM.API\SCRM.API.csproj]
E:\fan\work\code\vs\SCRM\SCRM.API\Models\Entities\FriendRequest.cs(20,19): warning CS8618: 在退出构造函数时，不可为 null 的 属性 "responseMessage" 必须包含非 null 值。请考虑添加 "required" 修饰符或将该 属性 声明为可为 null。 [E:\fan\work\code\vs\SCRM\SCRM.API\SCRM.API.csproj]
E:\fan\work\code\vs\SCRM\SCRM.API\Models\Entities\FriendDetectionLog.cs(12,19): warning CS8618: 在退出构造函数时，不可为 null 的 属性 "DetailInfo" 必须包含非 null 值。请考虑添加 "required" 修饰符或将该 属性 声明为可为 null。 [E:\fan\work\code\vs\SCRM\SCRM.API\SCRM.API.csproj]
E:\fan\work\code\vs\SCRM\SCRM.API\Services\AuthService.cs(502,20): warning CS8603: 可能返回 null 引用。 [E:\fan\work\code\vs\SCRM\SCRM.API\SCRM.API.csproj]
E:\fan\work\code\vs\SCRM\SCRM.API\Models\Entities\ContactTag.cs(10,19): warning CS8618: 在退出构造函数时，不可为 null 的 属性 "tagName" 必须包含非 null 值。请考虑添加 "required" 修饰符或将该 属性 声明为可为 null。 [E:\fan\work\code\vs\SCRM\SCRM.API\SCRM.API.csproj]
E:\fan\work\code\vs\SCRM\SCRM.API\Models\Entities\ContactTag.cs(12,19): warning CS8618: 在退出构造函数时，不可为 null 的 属性 "tagColor" 必须包含非 null 值。请考虑添加 "required" 修饰符或将该 属性 声明为可为 null。 [E:\fan\work\code\vs\SCRM\SCRM.API\SCRM.API.csproj]
E:\fan\work\code\vs\SCRM\SCRM.API\Models\Entities\ContactTag.cs(13,19): warning CS8618: 在退出构造函数时，不可为 null 的 属性 "tagDescription" 必须包含非 null 值。请考虑添加 "required" 修饰符或将该 属性 声明为可为 null。 [E:\fan\work\code\vs\SCRM\SCRM.API\SCRM.API.csproj]
E:\fan\work\code\vs\SCRM\SCRM.API\Models\Entities\ContactGroup.cs(10,19): warning CS8618: 在退出构造函数时，不可为 null 的 属性 "GroupName" 必须包含非 null 值。请考虑添加 "required" 修饰符或将该 属性 声明为可为 null。 [E:\fan\work\code\vs\SCRM\SCRM.API\SCRM.API.csproj]
E:\fan\work\code\vs\SCRM\SCRM.API\Models\Entities\ContactGroup.cs(12,19): warning CS8618: 在退出构造函数时，不可为 null 的 属性 "GroupDescription" 必须包含非 null 值。请考虑添加 "required" 修饰符或将该 属性 声明为可为 null。 [E:\fan\work\code\vs\SCRM\SCRM.API\SCRM.API.csproj]
E:\fan\work\code\vs\SCRM\SCRM.API\Models\Entities\ContactChangeLog.cs(10,19): warning CS8618: 在退出构造函数时，不可为 null 的 属性 "ChangeType" 必须包含非 null 值。请考虑添加 "required" 修饰符或将该 属性 声明为可为 null。 [E:\fan\work\code\vs\SCRM\SCRM.API\SCRM.API.csproj]
E:\fan\work\code\vs\SCRM\SCRM.API\Models\Entities\ContactChangeLog.cs(11,19): warning CS8618: 在退出构造函数时，不可为 null 的 属性 "OldValue" 必须包含非 null 值。请考虑添加 "required" 修饰符或将该 属性 声明为可为 null。 [E:\fan\work\code\vs\SCRM\SCRM.API\SCRM.API.csproj]
E:\fan\work\code\vs\SCRM\SCRM.API\Models\Entities\ContactChangeLog.cs(12,19): warning CS8618: 在退出构造函数时，不可为 null 的 属性 "NewValue" 必须包含非 null 值。请考虑添加 "required" 修饰符或将该 属性 声明为可为 null。 [E:\fan\work\code\vs\SCRM\SCRM.API\SCRM.API.csproj]
E:\fan\work\code\vs\SCRM\SCRM.API\Models\Entities\ContactChangeLog.cs(13,19): warning CS8618: 在退出构造函数时，不可为 null 的 属性 "ChangedField" 必须包含非 null 值。请考虑添加 "required" 修饰符或将该 属性 声明为可为 null。 [E:\fan\work\code\vs\SCRM\SCRM.API\SCRM.API.csproj]
E:\fan\work\code\vs\SCRM\SCRM.SHARED\Models\Dtos\Device.cs(24,23): warning CS8618: 在退出构造函数时，不可为 null 的 属性 "imsi" 必须包含非 null 值。请考虑添加 "required" 修饰符或将该 属性 声明为可为 null。 [E:\fan\work\code\vs\SCRM\SCRM.API\SCRM.API.csproj]
E:\fan\work\code\vs\SCRM\SCRM.SHARED\Models\Dtos\Device.cs(25,23): warning CS8618: 在退出构造函数时，不可为 null 的 属性 "fingerprint" 必须包含非 null 值。请考虑添加 "required" 修饰符或将该 属性 声明为可为 null。 [E:\fan\work\code\vs\SCRM\SCRM.API\SCRM.API.csproj]
E:\fan\work\code\vs\SCRM\SCRM.SHARED\Models\Dtos\Device.cs(26,23): warning CS8618: 在退出构造函数时，不可为 null 的 属性 "userData" 必须包含非 null 值。请考虑添加 "required" 修饰符或将该 属性 声明为可为 null。 [E:\fan\work\code\vs\SCRM\SCRM.API\SCRM.API.csproj]
E:\fan\work\code\vs\SCRM\SCRM.SHARED\Models\Dtos\Device.cs(5,23): warning CS8618: 在退出构造函数时，不可为 null 的 属性 "regCode" 必须包含非 null 值。请考虑添加 "required" 修饰符或将该 属性 声明为可为 null。 [E:\fan\work\code\vs\SCRM\SCRM.API\SCRM.API.csproj]
E:\fan\work\code\vs\SCRM\SCRM.SHARED\Models\Dtos\Device.cs(6,23): warning CS8618: 在退出构造函数时，不可为 null 的 属性 "imei" 必须包含非 null 值。请考虑添加 "required" 修饰符或将该 属性 声明为可为 null。 [E:\fan\work\code\vs\SCRM\SCRM.API\SCRM.API.csproj]
E:\fan\work\code\vs\SCRM\SCRM.SHARED\Models\Dtos\Device.cs(7,23): warning CS8618: 在退出构造函数时，不可为 null 的 属性 "mac" 必须包含非 null 值。请考虑添加 "required" 修饰符或将该 属性 声明为可为 null。 [E:\fan\work\code\vs\SCRM\SCRM.API\SCRM.API.csproj]
E:\fan\work\code\vs\SCRM\SCRM.SHARED\Models\Dtos\Device.cs(8,23): warning CS8618: 在退出构造函数时，不可为 null 的 属性 "androidId" 必须包含非 null 值。请考虑添加 "required" 修饰符或将该 属性 声明为可为 null。 [E:\fan\work\code\vs\SCRM\SCRM.API\SCRM.API.csproj]
E:\fan\work\code\vs\SCRM\SCRM.SHARED\Models\Dtos\Device.cs(9,23): warning CS8618: 在退出构造函数时，不可为 null 的 属性 "packageName" 必须包含非 null 值。请考虑添加 "required" 修饰符或将该 属性 声明为可为 null。 [E:\fan\work\code\vs\SCRM\SCRM.API\SCRM.API.csproj]
E:\fan\work\code\vs\SCRM\SCRM.SHARED\Models\Dtos\Device.cs(10,23): warning CS8618: 在退出构造函数时，不可为 null 的 属性 "returnKey" 必须包含非 null 值。请考虑添加 "required" 修饰符或将该 属性 声明为可为 null。 [E:\fan\work\code\vs\SCRM\SCRM.API\SCRM.API.csproj]
E:\fan\work\code\vs\SCRM\SCRM.SHARED\Models\Dtos\Device.cs(11,23): warning CS8618: 在退出构造函数时，不可为 null 的 属性 "hsman" 必须包含非 null 值。请考虑添加 "required" 修饰符或将该 属性 声明为可为 null。 [E:\fan\work\code\vs\SCRM\SCRM.API\SCRM.API.csproj]
E:\fan\work\code\vs\SCRM\SCRM.SHARED\Models\Dtos\Device.cs(12,23): warning CS8618: 在退出构造函数时，不可为 null 的 属性 "hstype" 必须包含非 null 值。请考虑添加 "required" 修饰符或将该 属性 声明为可为 null。 [E:\fan\work\code\vs\SCRM\SCRM.API\SCRM.API.csproj]
E:\fan\work\code\vs\SCRM\SCRM.SHARED\Models\Dtos\Device.cs(13,23): warning CS8618: 在退出构造函数时，不可为 null 的 属性 "androidApi" 必须包含非 null 值。请考虑添加 "required" 修饰符或将该 属性 声明为可为 null。 [E:\fan\work\code\vs\SCRM\SCRM.API\SCRM.API.csproj]
E:\fan\work\code\vs\SCRM\SCRM.API\Models\Dtos\PhoneRegDto.cs(5,23): warning CS8618: 在退出构造函数时，不可为 null 的 属性 "Imei" 必须包含非 null 值。请考虑添加 "required" 修饰符或将该 属性 声明为可为 null。 [E:\fan\work\code\vs\SCRM\SCRM.API\SCRM.API.csproj]
E:\fan\work\code\vs\SCRM\SCRM.API\Models\Dtos\PhoneRegDto.cs(6,23): warning CS8618: 在退出构造函数时，不可为 null 的 属性 "RegCode" 必须包含非 null 值。请考虑添加 "required" 修饰符或将该 属性 声明为可为 null。 [E:\fan\work\code\vs\SCRM\SCRM.API\SCRM.API.csproj]
E:\fan\work\code\vs\SCRM\SCRM.API\Models\Dtos\PhoneRegDto.cs(7,23): warning CS8618: 在退出构造函数时，不可为 null 的 属性 "Mac" 必须包含非 null 值。请考虑添加 "required" 修饰符或将该 属性 声明为可为 null。 [E:\fan\work\code\vs\SCRM\SCRM.API\SCRM.API.csproj]
E:\fan\work\code\vs\SCRM\SCRM.API\Models\Dtos\PhoneRegDto.cs(8,23): warning CS8618: 在退出构造函数时，不可为 null 的 属性 "ReturnKey" 必须包含非 null 值。请考虑添加 "required" 修饰符或将该 属性 声明为可为 null。 [E:\fan\work\code\vs\SCRM\SCRM.API\SCRM.API.csproj]
E:\fan\work\code\vs\SCRM\SCRM.API\Models\Dtos\PhoneRegDto.cs(9,23): warning CS8618: 在退出构造函数时，不可为 null 的 属性 "Hsman" 必须包含非 null 值。请考虑添加 "required" 修饰符或将该 属性 声明为可为 null。 [E:\fan\work\code\vs\SCRM\SCRM.API\SCRM.API.csproj]
E:\fan\work\code\vs\SCRM\SCRM.API\Models\Dtos\PhoneRegDto.cs(10,23): warning CS8618: 在退出构造函数时，不可为 null 的 属性 "Hstype" 必须包含非 null 值。请考虑添加 "required" 修饰符或将该 属性 声明为可为 null。 [E:\fan\work\code\vs\SCRM\SCRM.API\SCRM.API.csproj]
E:\fan\work\code\vs\SCRM\SCRM.API\Models\Dtos\PhoneRegDto.cs(11,23): warning CS8618: 在退出构造函数时，不可为 null 的 属性 "AndroidApi" 必须包含非 null 值。请考虑添加 "required" 修饰符或将该 属性 声明为可为 null。 [E:\fan\work\code\vs\SCRM\SCRM.API\SCRM.API.csproj]
E:\fan\work\code\vs\SCRM\SCRM.API\Models\Dtos\PhoneRegDto.cs(12,23): warning CS8618: 在退出构造函数时，不可为 null 的 属性 "AndroidId" 必须包含非 null 值。请考虑添加 "required" 修饰符或将该 属性 声明为可为 null。 [E:\fan\work\code\vs\SCRM\SCRM.API\SCRM.API.csproj]
E:\fan\work\code\vs\SCRM\SCRM.API\Models\Dtos\PhoneRegDto.cs(14,23): warning CS8618: 在退出构造函数时，不可为 null 的 属性 "PackageName" 必须包含非 null 值。请考虑添加 "required" 修饰符或将该 属性 声明为可为 null。 [E:\fan\work\code\vs\SCRM\SCRM.API\SCRM.API.csproj]
E:\fan\work\code\vs\SCRM\SCRM.API\Models\Dtos\PhoneRegDto.cs(15,23): warning CS8618: 在退出构造函数时，不可为 null 的 属性 "UserEmail" 必须包含非 null 值。请考虑添加 "required" 修饰符或将该 属性 声明为可为 null。 [E:\fan\work\code\vs\SCRM\SCRM.API\SCRM.API.csproj]
E:\fan\work\code\vs\SCRM\SCRM.API\Models\Dtos\ClientDTOs.cs(46,23): warning CS8618: 在退出构造函数时，不可为 null 的 属性 "userIdentifier" 必须包含非 null 值。请考虑添加 "required" 修饰符或将该 属性 声明为可为 null。 [E:\fan\work\code\vs\SCRM\SCRM.API\SCRM.API.csproj]
E:\fan\work\code\vs\SCRM\SCRM.API\Models\Dtos\ClientDTOs.cs(38,23): warning CS8618: 在退出构造函数时，不可为 null 的 属性 "userId" 必须包含非 null 值。请考虑添加 "required" 修饰符或将该 属性 声明为可为 null。 [E:\fan\work\code\vs\SCRM\SCRM.API\SCRM.API.csproj]
E:\fan\work\code\vs\SCRM\SCRM.API\Models\Dtos\ClientDTOs.cs(39,23): warning CS8618: 在退出构造函数时，不可为 null 的 属性 "token" 必须包含非 null 值。请考虑添加 "required" 修饰符或将该 属性 声明为可为 null。 [E:\fan\work\code\vs\SCRM\SCRM.API\SCRM.API.csproj]
E:\fan\work\code\vs\SCRM\SCRM.API\Models\Dtos\ClientDTOs.cs(40,23): warning CS8618: 在退出构造函数时，不可为 null 的 属性 "tcpHost" 必须包含非 null 值。请考虑添加 "required" 修饰符或将该 属性 声明为可为 null。 [E:\fan\work\code\vs\SCRM\SCRM.API\SCRM.API.csproj]
E:\fan\work\code\vs\SCRM\SCRM.API\Models\Dtos\ClientDTOs.cs(31,23): warning CS8618: 在退出构造函数时，不可为 null 的 属性 "serverUrl" 必须包含非 null 值。请考虑添加 "required" 修饰符或将该 属性 声明为可为 null。 [E:\fan\work\code\vs\SCRM\SCRM.API\SCRM.API.csproj]
E:\fan\work\code\vs\SCRM\SCRM.API\Models\Dtos\ClientDTOs.cs(32,23): warning CS8618: 在退出构造函数时，不可为 null 的 属性 "heartbeatData" 必须包含非 null 值。请考虑添加 "required" 修饰符或将该 属性 声明为可为 null。 [E:\fan\work\code\vs\SCRM\SCRM.API\SCRM.API.csproj]
E:\fan\work\code\vs\SCRM\SCRM.API\Models\Dtos\ClientDTOs.cs(23,80): warning CS8601: 可能的 null 引用赋值。 [E:\fan\work\code\vs\SCRM\SCRM.API\SCRM.API.csproj]
E:\fan\work\code\vs\SCRM\SCRM.API\Models\Dtos\ClientDTOs.cs(11,23): warning CS8618: 在退出构造函数时，不可为 null 的 属性 "message" 必须包含非 null 值。请考虑添加 "required" 修饰符或将该 属性 声明为可为 null。 [E:\fan\work\code\vs\SCRM\SCRM.API\SCRM.API.csproj]
E:\fan\work\code\vs\SCRM\SCRM.API\Models\Dtos\ClientDTOs.cs(14,18): warning CS8618: 在退出构造函数时，不可为 null 的 属性 "data" 必须包含非 null 值。请考虑添加 "required" 修饰符或将该 属性 声明为可为 null。 [E:\fan\work\code\vs\SCRM\SCRM.API\SCRM.API.csproj]
E:\fan\work\code\vs\SCRM\SCRM.API\Services\AuthService.cs(524,108): warning CS8601: 可能的 null 引用赋值。 [E:\fan\work\code\vs\SCRM\SCRM.API\SCRM.API.csproj]
E:\fan\work\code\vs\SCRM\SCRM.API\Services\AuthService.cs(519,20): warning CS8603: 可能返回 null 引用。 [E:\fan\work\code\vs\SCRM\SCRM.API\SCRM.API.csproj]
E:\fan\work\code\vs\SCRM\SCRM.API\Services\Netty\MessageRouter.cs(1469,80): warning CS8602: 解引用可能出现空引用。 [E:\fan\work\code\vs\SCRM\SCRM.API\SCRM.API.csproj]
E:\fan\work\code\vs\SCRM\SCRM.API\Services\Netty\MessageRouter.cs(1474,41): warning CS8600: 将 null 文本或可能的 null 值转换为不可为 null 类型。 [E:\fan\work\code\vs\SCRM\SCRM.API\SCRM.API.csproj]
E:\fan\work\code\vs\SCRM\SCRM.API\Services\Netty\MessageRouter.cs(1664,73): error CS1061: “UserConnectionInfo”未包含“UserId”的定义，并且找不到可接受第一个“UserConnectionInfo”类型参数的可访问扩展方法“UserId”(是否缺少 using 指令或程序集引用?) [E:\fan\work\code\vs\SCRM\SCRM.API\SCRM.API.csproj]
E:\fan\work\code\vs\SCRM\SCRM.API\Services\Netty\MessageRouter.cs(1745,28): warning CS1998: 此异步方法缺少 "await" 运算符，将以同步方式运行。请考虑使用 "await" 运算符等待非阻止的 API 调用，或者使用 "await Task.Run(...)" 在后台线程上执行占用大量 CPU 的工作。 [E:\fan\work\code\vs\SCRM\SCRM.API\SCRM.API.csproj]
E:\fan\work\code\vs\SCRM\SCRM.API\Services\Netty\MessageRouter.cs(1759,77): error CS1061: “UserConnectionInfo”未包含“UserId”的定义，并且找不到可接受第一个“UserConnectionInfo”类型参数的可访问扩展方法“UserId”(是否缺少 using 指令或程序集引用?) [E:\fan\work\code\vs\SCRM\SCRM.API\SCRM.API.csproj]
E:\fan\work\code\vs\SCRM\SCRM.API\Services\Netty\MessageRouter.cs(1775,72): error CS1061: “UserConnectionInfo”未包含“DeviceInfo”的定义，并且找不到可接受第一个“UserConnectionInfo”类型参数的可访问扩展方法“DeviceInfo”(是否缺少 using 指令或程序集引用?) [E:\fan\work\code\vs\SCRM\SCRM.API\SCRM.API.csproj]
E:\fan\work\code\vs\SCRM\SCRM.API\Services\Netty\MessageRouter.cs(1799,73): error CS1061: “UserConnectionInfo”未包含“UserId”的定义，并且找不到可接受第一个“UserConnectionInfo”类型参数的可访问扩展方法“UserId”(是否缺少 using 指令或程序集引用?) [E:\fan\work\code\vs\SCRM\SCRM.API\SCRM.API.csproj]
E:\fan\work\code\vs\SCRM\SCRM.API\Services\Netty\MessageRouter.cs(1831,68): error CS1061: “UserConnectionInfo”未包含“DeviceInfo”的定义，并且找不到可接受第一个“UserConnectionInfo”类型参数的可访问扩展方法“DeviceInfo”(是否缺少 using 指令或程序集引用?) [E:\fan\work\code\vs\SCRM\SCRM.API\SCRM.API.csproj]
E:\fan\work\code\vs\SCRM\SCRM.API\Services\Netty\MessageRouter.cs(1924,73): error CS1061: “UserConnectionInfo”未包含“UserId”的定义，并且找不到可接受第一个“UserConnectionInfo”类型参数的可访问扩展方法“UserId”(是否缺少 using 指令或程序集引用?) [E:\fan\work\code\vs\SCRM\SCRM.API\SCRM.API.csproj]
E:\fan\work\code\vs\SCRM\SCRM.API\Services\Netty\MessageRouter.cs(1993,54): error CS1061: “UserConnectionInfo”未包含“DeviceInfo”的定义，并且找不到可接受第一个“UserConnectionInfo”类型参数的可访问扩展方法“DeviceInfo”(是否缺少 using 指令或程序集引用?) [E:\fan\work\code\vs\SCRM\SCRM.API\SCRM.API.csproj]
E:\fan\work\code\vs\SCRM\SCRM.API\Services\Netty\MessageRouter.cs(2001,34): warning CS8601: 可能的 null 引用赋值。 [E:\fan\work\code\vs\SCRM\SCRM.API\SCRM.API.csproj]
E:\fan\work\code\vs\SCRM\SCRM.API\Services\Netty\MessageRouter.cs(2002,36): warning CS8601: 可能的 null 引用赋值。 [E:\fan\work\code\vs\SCRM\SCRM.API\SCRM.API.csproj]
E:\fan\work\code\vs\SCRM\SCRM.API\Services\Netty\MessageRouter.cs(2003,32): warning CS8601: 可能的 null 引用赋值。 [E:\fan\work\code\vs\SCRM\SCRM.API\SCRM.API.csproj]
E:\fan\work\code\vs\SCRM\SCRM.API\Services\Netty\MessageRouter.cs(2004,36): warning CS8601: 可能的 null 引用赋值。 [E:\fan\work\code\vs\SCRM\SCRM.API\SCRM.API.csproj]
E:\fan\work\code\vs\SCRM\SCRM.API\Services\Netty\MessageRouter.cs(2005,33): warning CS8601: 可能的 null 引用赋值。 [E:\fan\work\code\vs\SCRM\SCRM.API\SCRM.API.csproj]

生成失败。

E:\fan\work\code\vs\SCRM\SCRM.API\Services\Data\ApplicationDbContext.cs(5,7): warning CS0105: “SCRM.SHARED.Models”的 using 指令以前在此命名空间中出现过 [E:\fan\work\code\vs\SCRM\SCRM.API\SCRM.API.csproj]
E:\fan\work\code\vs\SCRM\SCRM.API\Services\Netty\MessageRouter.cs(19,7): warning CS0105: “SCRM.API.Models.Entities”的 using 指令以前在此命名空间中出现过 [E:\fan\work\code\vs\SCRM\SCRM.API\SCRM.API.csproj]
E:\fan\work\code\vs\SCRM\SCRM.API\Services\Data\ApplicationDbContext.cs(20,28): warning CS0114: “ApplicationDbContext.Roles”隐藏继承的成员“IdentityDbContext<ApplicationUser, IdentityRole, string, IdentityUserClaim<string>, IdentityUserRole<string>, IdentityUserLogin<string>, IdentityRoleClaim<string>, IdentityUserToken<string>>.Roles”。若要使当前成员重写该实现，请添加关键字 override。否则，添加关键字 new。 [E:\fan\work\code\vs\SCRM\SCRM.API\SCRM.API.csproj]
E:\fan\work\code\vs\SCRM\SCRM.API\Services\Data\ApplicationDbContext.cs(22,32): warning CS0114: “ApplicationDbContext.UserRoles”隐藏继承的成员“IdentityDbContext<ApplicationUser, IdentityRole, string, IdentityUserClaim<string>, IdentityUserRole<string>, IdentityUserLogin<string>, IdentityRoleClaim<string>, IdentityUserToken<string>>.UserRoles”。若要使当前成员重写该实现，请添加关键字 override。否则，添加关键字 new。 [E:\fan\work\code\vs\SCRM\SCRM.API\SCRM.API.csproj]
E:\fan\work\code\vs\SCRM\SCRM.API\utils\Utility.cs(18,32): warning CS8618: 在退出构造函数时，不可为 null 的 字段 "settings" 必须包含非 null 值。请考虑添加 "required" 修饰符或将该 字段 声明为可为 null。 [E:\fan\work\code\vs\SCRM\SCRM.API\SCRM.API.csproj]
E:\fan\work\code\vs\SCRM\SCRM.SHARED\Models\Dtos\UserDto.cs(28,24): warning CS8618: 在退出构造函数时，不可为 null 的 属性 "user" 必须包含非 null 值。请考虑添加 "required" 修饰符或将该 属性 声明为可为 null。 [E:\fan\work\code\vs\SCRM\SCRM.API\SCRM.API.csproj]
E:\fan\work\code\vs\SCRM\SCRM.SHARED\Models\Dtos\UserDto.cs(29,29): warning CS8618: 在退出构造函数时，不可为 null 的 属性 "roles" 必须包含非 null 值。请考虑添加 "required" 修饰符或将该 属性 声明为可为 null。 [E:\fan\work\code\vs\SCRM\SCRM.API\SCRM.API.csproj]
E:\fan\work\code\vs\SCRM\SCRM.SHARED\Models\Dtos\UserDto.cs(30,29): warning CS8618: 在退出构造函数时，不可为 null 的 属性 "permissions" 必须包含非 null 值。请考虑添加 "required" 修饰符或将该 属性 声明为可为 null。 [E:\fan\work\code\vs\SCRM\SCRM.API\SCRM.API.csproj]
E:\fan\work\code\vs\SCRM\SCRM.SHARED\Models\Dtos\UserDto.cs(16,23): warning CS8618: 在退出构造函数时，不可为 null 的 属性 "token" 必须包含非 null 值。请考虑添加 "required" 修饰符或将该 属性 声明为可为 null。 [E:\fan\work\code\vs\SCRM\SCRM.API\SCRM.API.csproj]
E:\fan\work\code\vs\SCRM\SCRM.SHARED\Models\Dtos\UserDto.cs(17,23): warning CS8618: 在退出构造函数时，不可为 null 的 属性 "refreshToken" 必须包含非 null 值。请考虑添加 "required" 修饰符或将该 属性 声明为可为 null。 [E:\fan\work\code\vs\SCRM\SCRM.API\SCRM.API.csproj]
E:\fan\work\code\vs\SCRM\SCRM.SHARED\Models\Dtos\UserDto.cs(19,24): warning CS8618: 在退出构造函数时，不可为 null 的 属性 "user" 必须包含非 null 值。请考虑添加 "required" 修饰符或将该 属性 声明为可为 null。 [E:\fan\work\code\vs\SCRM\SCRM.API\SCRM.API.csproj]
E:\fan\work\code\vs\SCRM\SCRM.SHARED\Models\Dtos\UserDto.cs(22,23): warning CS8618: 在退出构造函数时，不可为 null 的 属性 "tcpHost" 必须包含非 null 值。请考虑添加 "required" 修饰符或将该 属性 声明为可为 null。 [E:\fan\work\code\vs\SCRM\SCRM.API\SCRM.API.csproj]
E:\fan\work\code\vs\SCRM\SCRM.SHARED\Models\Dtos\UserDto.cs(5,23): warning CS8618: 在退出构造函数时，不可为 null 的 属性 "id" 必须包含非 null 值。请考虑添加 "required" 修饰符或将该 属性 声明为可为 null。 [E:\fan\work\code\vs\SCRM\SCRM.API\SCRM.API.csproj]
E:\fan\work\code\vs\SCRM\SCRM.SHARED\Models\Dtos\UserDto.cs(6,23): warning CS8618: 在退出构造函数时，不可为 null 的 属性 "userName" 必须包含非 null 值。请考虑添加 "required" 修饰符或将该 属性 声明为可为 null。 [E:\fan\work\code\vs\SCRM\SCRM.API\SCRM.API.csproj]
E:\fan\work\code\vs\SCRM\SCRM.SHARED\Models\Dtos\UserDto.cs(7,23): warning CS8618: 在退出构造函数时，不可为 null 的 属性 "email" 必须包含非 null 值。请考虑添加 "required" 修饰符或将该 属性 声明为可为 null。 [E:\fan\work\code\vs\SCRM\SCRM.API\SCRM.API.csproj]
E:\fan\work\code\vs\SCRM\SCRM.SHARED\Models\Dtos\UserDto.cs(8,23): warning CS8618: 在退出构造函数时，不可为 null 的 属性 "firstName" 必须包含非 null 值。请考虑添加 "required" 修饰符或将该 属性 声明为可为 null。 [E:\fan\work\code\vs\SCRM\SCRM.API\SCRM.API.csproj]
E:\fan\work\code\vs\SCRM\SCRM.SHARED\Models\Dtos\UserDto.cs(9,23): warning CS8618: 在退出构造函数时，不可为 null 的 属性 "lastName" 必须包含非 null 值。请考虑添加 "required" 修饰符或将该 属性 声明为可为 null。 [E:\fan\work\code\vs\SCRM\SCRM.API\SCRM.API.csproj]
E:\fan\work\code\vs\SCRM\SCRM.SHARED\Models\Dtos\UserDto.cs(10,29): warning CS8618: 在退出构造函数时，不可为 null 的 属性 "roles" 必须包含非 null 值。请考虑添加 "required" 修饰符或将该 属性 声明为可为 null。 [E:\fan\work\code\vs\SCRM\SCRM.API\SCRM.API.csproj]
E:\fan\work\code\vs\SCRM\SCRM.SHARED\Models\Dtos\UserDto.cs(11,29): warning CS8618: 在退出构造函数时，不可为 null 的 属性 "permissions" 必须包含非 null 值。请考虑添加 "required" 修饰符或将该 属性 声明为可为 null。 [E:\fan\work\code\vs\SCRM\SCRM.API\SCRM.API.csproj]
E:\fan\work\code\vs\SCRM\SCRM.SHARED\Models\Dtos\MomentsTimelineDto.cs(42,23): warning CS8618: 在退出构造函数时，不可为 null 的 属性 "userName" 必须包含非 null 值。请考虑添加 "required" 修饰符或将该 属性 声明为可为 null。 [E:\fan\work\code\vs\SCRM\SCRM.API\SCRM.API.csproj]
E:\fan\work\code\vs\SCRM\SCRM.SHARED\Models\Dtos\MomentsTimelineDto.cs(43,23): warning CS8618: 在退出构造函数时，不可为 null 的 属性 "nickName" 必须包含非 null 值。请考虑添加 "required" 修饰符或将该 属性 声明为可为 null。 [E:\fan\work\code\vs\SCRM\SCRM.API\SCRM.API.csproj]
E:\fan\work\code\vs\SCRM\SCRM.SHARED\Models\Dtos\MomentsTimelineDto.cs(31,23): warning CS8618: 在退出构造函数时，不可为 null 的 属性 "userName" 必须包含非 null 值。请考虑添加 "required" 修饰符或将该 属性 声明为可为 null。 [E:\fan\work\code\vs\SCRM\SCRM.API\SCRM.API.csproj]
E:\fan\work\code\vs\SCRM\SCRM.SHARED\Models\Dtos\MomentsTimelineDto.cs(32,23): warning CS8618: 在退出构造函数时，不可为 null 的 属性 "nickName" 必须包含非 null 值。请考虑添加 "required" 修饰符或将该 属性 声明为可为 null。 [E:\fan\work\code\vs\SCRM\SCRM.API\SCRM.API.csproj]
E:\fan\work\code\vs\SCRM\SCRM.SHARED\Models\Dtos\MomentsTimelineDto.cs(33,23): warning CS8618: 在退出构造函数时，不可为 null 的 属性 "content" 必须包含非 null 值。请考虑添加 "required" 修饰符或将该 属性 声明为可为 null。 [E:\fan\work\code\vs\SCRM\SCRM.API\SCRM.API.csproj]
E:\fan\work\code\vs\SCRM\SCRM.SHARED\Models\Dtos\MomentsTimelineDto.cs(35,23): warning CS8618: 在退出构造函数时，不可为 null 的 属性 "replyUserName" 必须包含非 null 值。请考虑添加 "required" 修饰符或将该 属性 声明为可为 null。 [E:\fan\work\code\vs\SCRM\SCRM.API\SCRM.API.csproj]
E:\fan\work\code\vs\SCRM\SCRM.SHARED\Models\Dtos\MomentsTimelineDto.cs(36,23): warning CS8618: 在退出构造函数时，不可为 null 的 属性 "replyNickName" 必须包含非 null 值。请考虑添加 "required" 修饰符或将该 属性 声明为可为 null。 [E:\fan\work\code\vs\SCRM\SCRM.API\SCRM.API.csproj]
E:\fan\work\code\vs\SCRM\SCRM.SHARED\Models\Dtos\MomentsTimelineDto.cs(37,23): warning CS8618: 在退出构造函数时，不可为 null 的 属性 "authorName" 必须包含非 null 值。请考虑添加 "required" 修饰符或将该 属性 声明为可为 null。 [E:\fan\work\code\vs\SCRM\SCRM.API\SCRM.API.csproj]
E:\fan\work\code\vs\SCRM\SCRM.SHARED\Models\Dtos\MomentsTimelineDto.cs(23,23): warning CS8618: 在退出构造函数时，不可为 null 的 属性 "title" 必须包含非 null 值。请考虑添加 "required" 修饰符或将该 属性 声明为可为 null。 [E:\fan\work\code\vs\SCRM\SCRM.API\SCRM.API.csproj]
E:\fan\work\code\vs\SCRM\SCRM.SHARED\Models\Dtos\MomentsTimelineDto.cs(24,23): warning CS8618: 在退出构造函数时，不可为 null 的 属性 "url" 必须包含非 null 值。请考虑添加 "required" 修饰符或将该 属性 声明为可为 null。 [E:\fan\work\code\vs\SCRM\SCRM.API\SCRM.API.csproj]
E:\fan\work\code\vs\SCRM\SCRM.SHARED\Models\Dtos\MomentsTimelineDto.cs(25,23): warning CS8618: 在退出构造函数时，不可为 null 的 属性 "thumb" 必须包含非 null 值。请考虑添加 "required" 修饰符或将该 属性 声明为可为 null。 [E:\fan\work\code\vs\SCRM\SCRM.API\SCRM.API.csproj]
E:\fan\work\code\vs\SCRM\SCRM.SHARED\Models\Dtos\MomentsTimelineDto.cs(8,23): warning CS8618: 在退出构造函数时，不可为 null 的 属性 "userName" 必须包含非 null 值。请考虑添加 "required" 修饰符或将该 属性 声明为可为 null。 [E:\fan\work\code\vs\SCRM\SCRM.API\SCRM.API.csproj]
E:\fan\work\code\vs\SCRM\SCRM.SHARED\Models\Dtos\MomentsTimelineDto.cs(9,23): warning CS8618: 在退出构造函数时，不可为 null 的 属性 "nickName" 必须包含非 null 值。请考虑添加 "required" 修饰符或将该 属性 声明为可为 null。 [E:\fan\work\code\vs\SCRM\SCRM.API\SCRM.API.csproj]
E:\fan\work\code\vs\SCRM\SCRM.SHARED\Models\Dtos\MomentsTimelineDto.cs(10,23): warning CS8618: 在退出构造函数时，不可为 null 的 属性 "content" 必须包含非 null 值。请考虑添加 "required" 修饰符或将该 属性 声明为可为 null。 [E:\fan\work\code\vs\SCRM\SCRM.API\SCRM.API.csproj]
E:\fan\work\code\vs\SCRM\SCRM.SHARED\Models\Dtos\MomentsTimelineDto.cs(12,23): warning CS8618: 在退出构造函数时，不可为 null 的 属性 "stringTime" 必须包含非 null 值。请考虑添加 "required" 修饰符或将该 属性 声明为可为 null。 [E:\fan\work\code\vs\SCRM\SCRM.API\SCRM.API.csproj]
E:\fan\work\code\vs\SCRM\SCRM.SHARED\Models\Dtos\MomentsTimelineDto.cs(15,23): warning CS8618: 在退出构造函数时，不可为 null 的 属性 "videoUrl" 必须包含非 null 值。请考虑添加 "required" 修饰符或将该 属性 声明为可为 null。 [E:\fan\work\code\vs\SCRM\SCRM.API\SCRM.API.csproj]
E:\fan\work\code\vs\SCRM\SCRM.SHARED\Models\Dtos\MomentsTimelineDto.cs(16,30): warning CS8618: 在退出构造函数时，不可为 null 的 属性 "link" 必须包含非 null 值。请考虑添加 "required" 修饰符或将该 属性 声明为可为 null。 [E:\fan\work\code\vs\SCRM\SCRM.API\SCRM.API.csproj]
E:\fan\work\code\vs\SCRM\SCRM.API\utils\EncryptionHelper.cs(19,59): warning CS8603: 可能返回 null 引用。 [E:\fan\work\code\vs\SCRM\SCRM.API\SCRM.API.csproj]
E:\fan\work\code\vs\SCRM\SCRM.API\utils\EncryptionHelper.cs(31,24): warning CS8603: 可能返回 null 引用。 [E:\fan\work\code\vs\SCRM\SCRM.API\SCRM.API.csproj]
E:\fan\work\code\vs\SCRM\SCRM.API\utils\EncryptionHelper.cs(37,20): warning SYSLIB0021: “DESCryptoServiceProvider”已过时:“Derived cryptographic types are obsolete. Use the Create method on the base type instead.” (https://aka.ms/dotnet-warnings/SYSLIB0021) [E:\fan\work\code\vs\SCRM\SCRM.API\SCRM.API.csproj]
E:\fan\work\code\vs\SCRM\SCRM.API\utils\EncryptionHelper.cs(37,55): warning SYSLIB0021: “DESCryptoServiceProvider”已过时:“Derived cryptographic types are obsolete. Use the Create method on the base type instead.” (https://aka.ms/dotnet-warnings/SYSLIB0021) [E:\fan\work\code\vs\SCRM\SCRM.API\SCRM.API.csproj]
E:\fan\work\code\vs\SCRM\SCRM.API\utils\EncryptionHelper.cs(57,53): warning CS8603: 可能返回 null 引用。 [E:\fan\work\code\vs\SCRM\SCRM.API\SCRM.API.csproj]
E:\fan\work\code\vs\SCRM\SCRM.API\utils\AppConfigurationManager.cs(81,35): warning CS8604: “void AppConfigurationManager.EnsureDirectoryExists(string path)”中的形参“path”可能传入 null 引用实参。 [E:\fan\work\code\vs\SCRM\SCRM.API\SCRM.API.csproj]
E:\fan\work\code\vs\SCRM\SCRM.API\utils\AppConfigurationManager.cs(93,28): warning CS8601: 可能的 null 引用赋值。 [E:\fan\work\code\vs\SCRM\SCRM.API\SCRM.API.csproj]
E:\fan\work\code\vs\SCRM\SCRM.API\utils\AppConfigurationManager.cs(96,36): warning CS8601: 可能的 null 引用赋值。 [E:\fan\work\code\vs\SCRM\SCRM.API\SCRM.API.csproj]
E:\fan\work\code\vs\SCRM\SCRM.API\utils\AppConfigurationManager.cs(98,65): warning CS8602: 解引用可能出现空引用。 [E:\fan\work\code\vs\SCRM\SCRM.API\SCRM.API.csproj]
E:\fan\work\code\vs\SCRM\SCRM.API\utils\EncryptionHelper.cs(67,20): warning SYSLIB0021: “DESCryptoServiceProvider”已过时:“Derived cryptographic types are obsolete. Use the Create method on the base type instead.” (https://aka.ms/dotnet-warnings/SYSLIB0021) [E:\fan\work\code\vs\SCRM\SCRM.API\SCRM.API.csproj]
E:\fan\work\code\vs\SCRM\SCRM.API\utils\EncryptionHelper.cs(67,55): warning SYSLIB0021: “DESCryptoServiceProvider”已过时:“Derived cryptographic types are obsolete. Use the Create method on the base type instead.” (https://aka.ms/dotnet-warnings/SYSLIB0021) [E:\fan\work\code\vs\SCRM\SCRM.API\SCRM.API.csproj]
E:\fan\work\code\vs\SCRM\SCRM.API\Services\Netty\NettyServer.cs(74,41): warning CS8600: 将 null 文本或可能的 null 值转换为不可为 null 类型。 [E:\fan\work\code\vs\SCRM\SCRM.API\SCRM.API.csproj]
E:\fan\work\code\vs\SCRM\SCRM.API\Services\Netty\NettyServer.cs(75,68): warning CS8604: “HexDumpChannelHandler.HexDumpChannelHandler(ILogger logger, string direction = "OUT")”中的形参“logger”可能传入 null 引用实参。 [E:\fan\work\code\vs\SCRM\SCRM.API\SCRM.API.csproj]
E:\fan\work\code\vs\SCRM\SCRM.API\utils\AppConfigurationManager.cs(150,39): warning CS8604: “string Path.Combine(string path1, string path2)”中的形参“path1”可能传入 null 引用实参。 [E:\fan\work\code\vs\SCRM\SCRM.API\SCRM.API.csproj]
E:\fan\work\code\vs\SCRM\SCRM.API\utils\AppConfigurationManager.cs(13,30): warning CS8618: 在退出构造函数时，不可为 null 的 字段 "configPath" 必须包含非 null 值。请考虑添加 "required" 修饰符或将该 字段 声明为可为 null。 [E:\fan\work\code\vs\SCRM\SCRM.API\SCRM.API.csproj]
E:\fan\work\code\vs\SCRM\SCRM.API\utils\AppConfigurationManager.cs(15,32): warning CS8618: 在退出构造函数时，不可为 null 的 字段 "settings" 必须包含非 null 值。请考虑添加 "required" 修饰符或将该 字段 声明为可为 null。 [E:\fan\work\code\vs\SCRM\SCRM.API\SCRM.API.csproj]
E:\fan\work\code\vs\SCRM\SCRM.API\Filters\ClientApiKeyAuthAttribute.cs(24,38): warning CS8600: 将 null 文本或可能的 null 值转换为不可为 null 类型。 [E:\fan\work\code\vs\SCRM\SCRM.API\SCRM.API.csproj]
E:\fan\work\code\vs\SCRM\SCRM.API\Filters\ClientApiKeyAuthAttribute.cs(27,35): warning CS8600: 将 null 文本或可能的 null 值转换为不可为 null 类型。 [E:\fan\work\code\vs\SCRM\SCRM.API\SCRM.API.csproj]
E:\fan\work\code\vs\SCRM\SCRM.API\Filters\ClientApiKeyAuthAttribute.cs(31,35): warning CS8600: 将 null 文本或可能的 null 值转换为不可为 null 类型。 [E:\fan\work\code\vs\SCRM\SCRM.API\SCRM.API.csproj]
E:\fan\work\code\vs\SCRM\SCRM.API\Filters\ClientApiKeyAuthAttribute.cs(44,18): warning CS8602: 解引用可能出现空引用。 [E:\fan\work\code\vs\SCRM\SCRM.API\SCRM.API.csproj]
E:\fan\work\code\vs\SCRM\SCRM.API\Controllers\Auth\PhoneController.cs(40,69): warning CS8603: 可能返回 null 引用。 [E:\fan\work\code\vs\SCRM\SCRM.API\SCRM.API.csproj]
E:\fan\work\code\vs\SCRM\SCRM.API\Controllers\Auth\PhoneController.cs(47,32): warning CS8603: 可能返回 null 引用。 [E:\fan\work\code\vs\SCRM\SCRM.API\SCRM.API.csproj]
E:\fan\work\code\vs\SCRM\SCRM.API\Controllers\Auth\PhoneController.cs(51,28): warning CS8603: 可能返回 null 引用。 [E:\fan\work\code\vs\SCRM\SCRM.API\SCRM.API.csproj]
E:\fan\work\code\vs\SCRM\SCRM.API\Controllers\Auth\PhoneController.cs(57,24): warning CS8603: 可能返回 null 引用。 [E:\fan\work\code\vs\SCRM\SCRM.API\SCRM.API.csproj]
E:\fan\work\code\vs\SCRM\SCRM.API\Hubs\ClientHub.cs(82,68): warning CS8604: “Task<List<SrClient>> AuthService.GetDevicesForUserAsync(string userId, bool isAdmin)”中的形参“userId”可能传入 null 引用实参。 [E:\fan\work\code\vs\SCRM\SCRM.API\SCRM.API.csproj]
E:\fan\work\code\vs\SCRM\SCRM.API\Controllers\Auth\AuthController.cs(128,42): warning CS1998: 此异步方法缺少 "await" 运算符，将以同步方式运行。请考虑使用 "await" 运算符等待非阻止的 API 调用，或者使用 "await Task.Run(...)" 在后台线程上执行占用大量 CPU 的工作。 [E:\fan\work\code\vs\SCRM\SCRM.API\SCRM.API.csproj]
E:\fan\work\code\vs\SCRM\SCRM.API\Controllers\Auth\PhoneController.cs(68,33): warning CS8600: 将 null 文本或可能的 null 值转换为不可为 null 类型。 [E:\fan\work\code\vs\SCRM\SCRM.API\SCRM.API.csproj]
E:\fan\work\code\vs\SCRM\SCRM.API\Controllers\Auth\PhoneController.cs(69,31): warning CS8600: 将 null 文本或可能的 null 值转换为不可为 null 类型。 [E:\fan\work\code\vs\SCRM\SCRM.API\SCRM.API.csproj]
E:\fan\work\code\vs\SCRM\SCRM.API\Controllers\Auth\PhoneController.cs(101,32): warning CS8601: 可能的 null 引用赋值。 [E:\fan\work\code\vs\SCRM\SCRM.API\SCRM.API.csproj]
E:\fan\work\code\vs\SCRM\SCRM.API\Controllers\Auth\AuthController.cs(180,37): warning CS8600: 将 null 文本或可能的 null 值转换为不可为 null 类型。 [E:\fan\work\code\vs\SCRM\SCRM.API\SCRM.API.csproj]
E:\fan\work\code\vs\SCRM\SCRM.API\Controllers\Auth\AuthController.cs(182,40): warning CS8600: 将 null 文本或可能的 null 值转换为不可为 null 类型。 [E:\fan\work\code\vs\SCRM\SCRM.API\SCRM.API.csproj]
E:\fan\work\code\vs\SCRM\SCRM.API\Controllers\ClientTaskController.cs(67,23): warning CS8618: 在退出构造函数时，不可为 null 的 属性 "ConnectionId" 必须包含非 null 值。请考虑添加 "required" 修饰符或将该 属性 声明为可为 null。 [E:\fan\work\code\vs\SCRM\SCRM.API\SCRM.API.csproj]
E:\fan\work\code\vs\SCRM\SCRM.API\Controllers\ClientTaskController.cs(68,23): warning CS8618: 在退出构造函数时，不可为 null 的 属性 "FriendWxId" 必须包含非 null 值。请考虑添加 "required" 修饰符或将该 属性 声明为可为 null。 [E:\fan\work\code\vs\SCRM\SCRM.API\SCRM.API.csproj]
E:\fan\work\code\vs\SCRM\SCRM.API\Controllers\ClientTaskController.cs(69,23): warning CS8618: 在退出构造函数时，不可为 null 的 属性 "Content" 必须包含非 null 值。请考虑添加 "required" 修饰符或将该 属性 声明为可为 null。 [E:\fan\work\code\vs\SCRM\SCRM.API\SCRM.API.csproj]
E:\fan\work\code\vs\SCRM\SCRM.API\Controllers\Auth\PhoneController.cs(153,33): warning CS8602: 解引用可能出现空引用。 [E:\fan\work\code\vs\SCRM\SCRM.API\SCRM.API.csproj]
E:\fan\work\code\vs\SCRM\SCRM.API\Controllers\Auth\PhoneController.cs(153,33): warning CS8600: 将 null 文本或可能的 null 值转换为不可为 null 类型。 [E:\fan\work\code\vs\SCRM\SCRM.API\SCRM.API.csproj]
E:\fan\work\code\vs\SCRM\SCRM.API\Controllers\Auth\PhoneController.cs(154,31): warning CS8600: 将 null 文本或可能的 null 值转换为不可为 null 类型。 [E:\fan\work\code\vs\SCRM\SCRM.API\SCRM.API.csproj]
E:\fan\work\code\vs\SCRM\SCRM.API\Controllers\Auth\PhoneController.cs(163,41): warning CS8600: 将 null 文本或可能的 null 值转换为不可为 null 类型。 [E:\fan\work\code\vs\SCRM\SCRM.API\SCRM.API.csproj]
E:\fan\work\code\vs\SCRM\SCRM.API\Controllers\Auth\PhoneController.cs(168,31): warning CS8600: 将 null 文本或可能的 null 值转换为不可为 null 类型。 [E:\fan\work\code\vs\SCRM\SCRM.API\SCRM.API.csproj]
E:\fan\work\code\vs\SCRM\SCRM.API\Controllers\Auth\PhoneController.cs(178,35): warning CS8600: 将 null 文本或可能的 null 值转换为不可为 null 类型。 [E:\fan\work\code\vs\SCRM\SCRM.API\SCRM.API.csproj]
E:\fan\work\code\vs\SCRM\SCRM.API\Controllers\Auth\PhoneController.cs(211,35): warning CS8600: 将 null 文本或可能的 null 值转换为不可为 null 类型。 [E:\fan\work\code\vs\SCRM\SCRM.API\SCRM.API.csproj]
E:\fan\work\code\vs\SCRM\SCRM.API\Controllers\Auth\PhoneController.cs(242,32): warning CS8601: 可能的 null 引用赋值。 [E:\fan\work\code\vs\SCRM\SCRM.API\SCRM.API.csproj]
E:\fan\work\code\vs\SCRM\SCRM.API\Controllers\ClientTaskController.cs(74,23): warning CS8618: 在退出构造函数时，不可为 null 的 属性 "ConnectionId" 必须包含非 null 值。请考虑添加 "required" 修饰符或将该 属性 声明为可为 null。 [E:\fan\work\code\vs\SCRM\SCRM.API\SCRM.API.csproj]
E:\fan\work\code\vs\SCRM\SCRM.API\Controllers\ClientTaskController.cs(75,23): warning CS8618: 在退出构造函数时，不可为 null 的 属性 "FriendWxId" 必须包含非 null 值。请考虑添加 "required" 修饰符或将该 属性 声明为可为 null。 [E:\fan\work\code\vs\SCRM\SCRM.API\SCRM.API.csproj]
E:\fan\work\code\vs\SCRM\SCRM.API\Controllers\ClientTaskController.cs(76,23): warning CS8618: 在退出构造函数时，不可为 null 的 属性 "Message" 必须包含非 null 值。请考虑添加 "required" 修饰符或将该 属性 声明为可为 null。 [E:\fan\work\code\vs\SCRM\SCRM.API\SCRM.API.csproj]
E:\fan\work\code\vs\SCRM\SCRM.API\Controllers\Auth\DeviceController.cs(64,62): warning CS8604: “Task<List<SrClient>> AuthService.GetDevicesForUserAsync(string userId, bool isAdmin)”中的形参“userId”可能传入 null 引用实参。 [E:\fan\work\code\vs\SCRM\SCRM.API\SCRM.API.csproj]
E:\fan\work\code\vs\SCRM\SCRM.API\Controllers\Auth\DeviceController.cs(74,64): warning CS8604: “Task<SrClient?> AuthService.GetDeviceAsync(string deviceUuid, string userId, bool isAdmin)”中的形参“userId”可能传入 null 引用实参。 [E:\fan\work\code\vs\SCRM\SCRM.API\SCRM.API.csproj]
E:\fan\work\code\vs\SCRM\SCRM.API\Hubs\ClientHub.cs(301,26): warning CS8601: 可能的 null 引用赋值。 [E:\fan\work\code\vs\SCRM\SCRM.API\SCRM.API.csproj]
E:\fan\work\code\vs\SCRM\SCRM.API\Hubs\ClientHub.cs(302,28): warning CS8601: 可能的 null 引用赋值。 [E:\fan\work\code\vs\SCRM\SCRM.API\SCRM.API.csproj]
E:\fan\work\code\vs\SCRM\SCRM.API\Hubs\ClientHub.cs(303,24): warning CS8601: 可能的 null 引用赋值。 [E:\fan\work\code\vs\SCRM\SCRM.API\SCRM.API.csproj]
E:\fan\work\code\vs\SCRM\SCRM.API\Hubs\ClientHub.cs(304,28): warning CS8601: 可能的 null 引用赋值。 [E:\fan\work\code\vs\SCRM\SCRM.API\SCRM.API.csproj]
E:\fan\work\code\vs\SCRM\SCRM.API\Hubs\ClientHub.cs(305,25): warning CS8601: 可能的 null 引用赋值。 [E:\fan\work\code\vs\SCRM\SCRM.API\SCRM.API.csproj]
E:\fan\work\code\vs\SCRM\SCRM.API\Services\Automation\AutomationService.cs(60,79): warning CS1998: 此异步方法缺少 "await" 运算符，将以同步方式运行。请考虑使用 "await" 运算符等待非阻止的 API 调用，或者使用 "await Task.Run(...)" 在后台线程上执行占用大量 CPU 的工作。 [E:\fan\work\code\vs\SCRM\SCRM.API\SCRM.API.csproj]
E:\fan\work\code\vs\SCRM\SCRM.API\Services\AuthService.cs(243,32): warning CS8601: 可能的 null 引用赋值。 [E:\fan\work\code\vs\SCRM\SCRM.API\SCRM.API.csproj]
E:\fan\work\code\vs\SCRM\SCRM.API\Services\AuthService.cs(244,29): warning CS8601: 可能的 null 引用赋值。 [E:\fan\work\code\vs\SCRM\SCRM.API\SCRM.API.csproj]
E:\fan\work\code\vs\SCRM\SCRM.API\Services\Netty\MessageRouter.cs(289,41): warning CS8600: 将 null 文本或可能的 null 值转换为不可为 null 类型。 [E:\fan\work\code\vs\SCRM\SCRM.API\SCRM.API.csproj]
E:\fan\work\code\vs\SCRM\SCRM.API\Services\Netty\MessageRouter.cs(332,43): warning CS8600: 将 null 文本或可能的 null 值转换为不可为 null 类型。 [E:\fan\work\code\vs\SCRM\SCRM.API\SCRM.API.csproj]
E:\fan\work\code\vs\SCRM\SCRM.API\Services\Netty\MessageRouter.cs(433,35): warning CS8600: 将 null 文本或可能的 null 值转换为不可为 null 类型。 [E:\fan\work\code\vs\SCRM\SCRM.API\SCRM.API.csproj]
E:\fan\work\code\vs\SCRM\SCRM.API\Services\Netty\MessageRouter.cs(435,114): warning CS8604: “Task ConnectionManager.AddConnectionAsync(string userId, string connectionId, string deviceType, string deviceInfo = "")”中的形参“deviceInfo”可能传入 null 引用实参。 [E:\fan\work\code\vs\SCRM\SCRM.API\SCRM.API.csproj]
E:\fan\work\code\vs\SCRM\SCRM.API\Services\Netty\MessageRouter.cs(438,124): warning CS8604: “DeviceConnectedEvent.DeviceConnectedEvent(string userId, string connectionId, string deviceType, string ownerId)”中的形参“ownerId”可能传入 null 引用实参。 [E:\fan\work\code\vs\SCRM\SCRM.API\SCRM.API.csproj]
E:\fan\work\code\vs\SCRM\SCRM.API\Services\Netty\MessageRouter.cs(280,20): warning CS0219: 变量“deviceIdToRegister”已被赋值，但从未使用过它的值 [E:\fan\work\code\vs\SCRM\SCRM.API\SCRM.API.csproj]
E:\fan\work\code\vs\SCRM\SCRM.API\Services\AuthService.cs(267,29): warning CS8601: 可能的 null 引用赋值。 [E:\fan\work\code\vs\SCRM\SCRM.API\SCRM.API.csproj]
E:\fan\work\code\vs\SCRM\SCRM.API\Services\AuthService.cs(268,33): warning CS8601: 可能的 null 引用赋值。 [E:\fan\work\code\vs\SCRM\SCRM.API\SCRM.API.csproj]
E:\fan\work\code\vs\SCRM\SCRM.API\Services\AuthService.cs(269,32): warning CS8601: 可能的 null 引用赋值。 [E:\fan\work\code\vs\SCRM\SCRM.API\SCRM.API.csproj]
E:\fan\work\code\vs\SCRM\SCRM.API\Services\Netty\MessageRouter.cs(854,18): warning CS4014: 由于此调用不会等待，因此在此调用完成之前将会继续执行当前方法。请考虑将 "await" 运算符应用于调用结果。 [E:\fan\work\code\vs\SCRM\SCRM.API\SCRM.API.csproj]
E:\fan\work\code\vs\SCRM\SCRM.SHARED\Models\Entities\SystemNotification.cs(9,19): warning CS8618: 在退出构造函数时，不可为 null 的 属性 "NotificationTitle" 必须包含非 null 值。请考虑添加 "required" 修饰符或将该 属性 声明为可为 null。 [E:\fan\work\code\vs\SCRM\SCRM.API\SCRM.API.csproj]
E:\fan\work\code\vs\SCRM\SCRM.SHARED\Models\Entities\SystemNotification.cs(10,19): warning CS8618: 在退出构造函数时，不可为 null 的 属性 "NotificationContent" 必须包含非 null 值。请考虑添加 "required" 修饰符或将该 属性 声明为可为 null。 [E:\fan\work\code\vs\SCRM\SCRM.API\SCRM.API.csproj]
E:\fan\work\code\vs\SCRM\SCRM.SHARED\Models\Entities\SystemNotification.cs(13,19): warning CS8618: 在退出构造函数时，不可为 null 的 属性 "TargetIdentifier" 必须包含非 null 值。请考虑添加 "required" 修饰符或将该 属性 声明为可为 null。 [E:\fan\work\code\vs\SCRM\SCRM.API\SCRM.API.csproj]
E:\fan\work\code\vs\SCRM\SCRM.SHARED\Models\Entities\SrClient.cs(12,23): warning CS8618: 在退出构造函数时，不可为 null 的 属性 "uuid" 必须包含非 null 值。请考虑添加 "required" 修饰符或将该 属性 声明为可为 null。 [E:\fan\work\code\vs\SCRM\SCRM.API\SCRM.API.csproj]
E:\fan\work\code\vs\SCRM\SCRM.SHARED\Models\Entities\SrClient.cs(14,23): warning CS8618: 在退出构造函数时，不可为 null 的 属性 "tcpHost" 必须包含非 null 值。请考虑添加 "required" 修饰符或将该 属性 声明为可为 null。 [E:\fan\work\code\vs\SCRM\SCRM.API\SCRM.API.csproj]
E:\fan\work\code\vs\SCRM\SCRM.SHARED\Models\Entities\SrClient.cs(18,68): warning CS8618: 在退出构造函数时，不可为 null 的 属性 "device" 必须包含非 null 值。请考虑添加 "required" 修饰符或将该 属性 声明为可为 null。 [E:\fan\work\code\vs\SCRM\SCRM.API\SCRM.API.csproj]
E:\fan\work\code\vs\SCRM\SCRM.SHARED\Models\Entities\ServerRedirect.cs(10,19): warning CS8618: 在退出构造函数时，不可为 null 的 属性 "SourceServer" 必须包含非 null 值。请考虑添加 "required" 修饰符或将该 属性 声明为可为 null。 [E:\fan\work\code\vs\SCRM\SCRM.API\SCRM.API.csproj]
E:\fan\work\code\vs\SCRM\SCRM.SHARED\Models\Entities\ServerRedirect.cs(11,19): warning CS8618: 在退出构造函数时，不可为 null 的 属性 "TargetServer" 必须包含非 null 值。请考虑添加 "required" 修饰符或将该 属性 声明为可为 null。 [E:\fan\work\code\vs\SCRM\SCRM.API\SCRM.API.csproj]
E:\fan\work\code\vs\SCRM\SCRM.SHARED\Models\Entities\ServerRedirect.cs(13,19): warning CS8618: 在退出构造函数时，不可为 null 的 属性 "RedirectReason" 必须包含非 null 值。请考虑添加 "required" 修饰符或将该 属性 声明为可为 null。 [E:\fan\work\code\vs\SCRM\SCRM.API\SCRM.API.csproj]
E:\fan\work\code\vs\SCRM\SCRM.SHARED\Models\Entities\MomentsTimeline.cs(18,23): warning CS8618: 在退出构造函数时，不可为 null 的 属性 "userName" 必须包含非 null 值。请考虑添加 "required" 修饰符或将该 属性 声明为可为 null。 [E:\fan\work\code\vs\SCRM\SCRM.API\SCRM.API.csproj]
E:\fan\work\code\vs\SCRM\SCRM.SHARED\Models\Entities\MomentsTimeline.cs(19,23): warning CS8618: 在退出构造函数时，不可为 null 的 属性 "nickName" 必须包含非 null 值。请考虑添加 "required" 修饰符或将该 属性 声明为可为 null。 [E:\fan\work\code\vs\SCRM\SCRM.API\SCRM.API.csproj]
E:\fan\work\code\vs\SCRM\SCRM.SHARED\Models\Entities\MomentsTimeline.cs(21,23): warning CS8618: 在退出构造函数时，不可为 null 的 属性 "content" 必须包含非 null 值。请考虑添加 "required" 修饰符或将该 属性 声明为可为 null。 [E:\fan\work\code\vs\SCRM\SCRM.API\SCRM.API.csproj]
E:\fan\work\code\vs\SCRM\SCRM.SHARED\Models\Entities\MomentsTimeline.cs(26,23): warning CS8618: 在退出构造函数时，不可为 null 的 属性 "imagesJson" 必须包含非 null 值。请考虑添加 "required" 修饰符或将该 属性 声明为可为 null。 [E:\fan\work\code\vs\SCRM\SCRM.API\SCRM.API.csproj]
E:\fan\work\code\vs\SCRM\SCRM.SHARED\Models\Entities\MomentsTimeline.cs(29,23): warning CS8618: 在退出构造函数时，不可为 null 的 属性 "commentsJson" 必须包含非 null 值。请考虑添加 "required" 修饰符或将该 属性 声明为可为 null。 [E:\fan\work\code\vs\SCRM\SCRM.API\SCRM.API.csproj]
E:\fan\work\code\vs\SCRM\SCRM.SHARED\Models\Entities\MomentsTimeline.cs(32,23): warning CS8618: 在退出构造函数时，不可为 null 的 属性 "likesJson" 必须包含非 null 值。请考虑添加 "required" 修饰符或将该 属性 声明为可为 null。 [E:\fan\work\code\vs\SCRM\SCRM.API\SCRM.API.csproj]
E:\fan\work\code\vs\SCRM\SCRM.SHARED\Models\Entities\MomentsTimeline.cs(45,23): warning CS8618: 在退出构造函数时，不可为 null 的 属性 "ownerWxid" 必须包含非 null 值。请考虑添加 "required" 修饰符或将该 属性 声明为可为 null。 [E:\fan\work\code\vs\SCRM\SCRM.API\SCRM.API.csproj]
E:\fan\work\code\vs\SCRM\SCRM.SHARED\Models\Entities\Conversation.cs(10,19): warning CS8618: 在退出构造函数时，不可为 null 的 属性 "conversationWxid" 必须包含非 null 值。请考虑添加 "required" 修饰符或将该 属性 声明为可为 null。 [E:\fan\work\code\vs\SCRM\SCRM.API\SCRM.API.csproj]
E:\fan\work\code\vs\SCRM\SCRM.SHARED\Models\Entities\Conversation.cs(12,19): warning CS8618: 在退出构造函数时，不可为 null 的 属性 "displayName" 必须包含非 null 值。请考虑添加 "required" 修饰符或将该 属性 声明为可为 null。 [E:\fan\work\code\vs\SCRM\SCRM.API\SCRM.API.csproj]
E:\fan\work\code\vs\SCRM\SCRM.SHARED\Models\Entities\Conversation.cs(13,19): warning CS8618: 在退出构造函数时，不可为 null 的 属性 "displayAvatar" 必须包含非 null 值。请考虑添加 "required" 修饰符或将该 属性 声明为可为 null。 [E:\fan\work\code\vs\SCRM\SCRM.API\SCRM.API.csproj]
E:\fan\work\code\vs\SCRM\SCRM.SHARED\Models\Entities\Contact.cs(15,19): warning CS8618: 在退出构造函数时，不可为 null 的 属性 "wxid" 必须包含非 null 值。请考虑添加 "required" 修饰符或将该 属性 声明为可为 null。 [E:\fan\work\code\vs\SCRM\SCRM.API\SCRM.API.csproj]
E:\fan\work\code\vs\SCRM\SCRM.SHARED\Models\Entities\Contact.cs(16,19): warning CS8618: 在退出构造函数时，不可为 null 的 属性 "nickname" 必须包含非 null 值。请考虑添加 "required" 修饰符或将该 属性 声明为可为 null。 [E:\fan\work\code\vs\SCRM\SCRM.API\SCRM.API.csproj]
E:\fan\work\code\vs\SCRM\SCRM.SHARED\Models\Entities\Contact.cs(17,19): warning CS8618: 在退出构造函数时，不可为 null 的 属性 "remarks" 必须包含非 null 值。请考虑添加 "required" 修饰符或将该 属性 声明为可为 null。 [E:\fan\work\code\vs\SCRM\SCRM.API\SCRM.API.csproj]
E:\fan\work\code\vs\SCRM\SCRM.SHARED\Models\Entities\Contact.cs(18,19): warning CS8618: 在退出构造函数时，不可为 null 的 属性 "avatar" 必须包含非 null 值。请考虑添加 "required" 修饰符或将该 属性 声明为可为 null。 [E:\fan\work\code\vs\SCRM\SCRM.API\SCRM.API.csproj]
E:\fan\work\code\vs\SCRM\SCRM.SHARED\Models\Entities\Contact.cs(20,19): warning CS8618: 在退出构造函数时，不可为 null 的 属性 "signature" 必须包含非 null 值。请考虑添加 "required" 修饰符或将该 属性 声明为可为 null。 [E:\fan\work\code\vs\SCRM\SCRM.API\SCRM.API.csproj]
E:\fan\work\code\vs\SCRM\SCRM.SHARED\Models\Entities\Contact.cs(21,19): warning CS8618: 在退出构造函数时，不可为 null 的 属性 "phone" 必须包含非 null 值。请考虑添加 "required" 修饰符或将该 属性 声明为可为 null。 [E:\fan\work\code\vs\SCRM\SCRM.API\SCRM.API.csproj]
E:\fan\work\code\vs\SCRM\SCRM.SHARED\Models\Entities\Contact.cs(22,19): warning CS8618: 在退出构造函数时，不可为 null 的 属性 "email" 必须包含非 null 值。请考虑添加 "required" 修饰符或将该 属性 声明为可为 null。 [E:\fan\work\code\vs\SCRM\SCRM.API\SCRM.API.csproj]
E:\fan\work\code\vs\SCRM\SCRM.SHARED\Models\Entities\Contact.cs(23,19): warning CS8618: 在退出构造函数时，不可为 null 的 属性 "country" 必须包含非 null 值。请考虑添加 "required" 修饰符或将该 属性 声明为可为 null。 [E:\fan\work\code\vs\SCRM\SCRM.API\SCRM.API.csproj]
E:\fan\work\code\vs\SCRM\SCRM.SHARED\Models\Entities\Contact.cs(24,19): warning CS8618: 在退出构造函数时，不可为 null 的 属性 "province" 必须包含非 null 值。请考虑添加 "required" 修饰符或将该 属性 声明为可为 null。 [E:\fan\work\code\vs\SCRM\SCRM.API\SCRM.API.csproj]
E:\fan\work\code\vs\SCRM\SCRM.SHARED\Models\Entities\Contact.cs(25,19): warning CS8618: 在退出构造函数时，不可为 null 的 属性 "city" 必须包含非 null 值。请考虑添加 "required" 修饰符或将该 属性 声明为可为 null。 [E:\fan\work\code\vs\SCRM\SCRM.API\SCRM.API.csproj]
E:\fan\work\code\vs\SCRM\SCRM.SHARED\Models\Entities\Contact.cs(26,19): warning CS8618: 在退出构造函数时，不可为 null 的 属性 "description" 必须包含非 null 值。请考虑添加 "required" 修饰符或将该 属性 声明为可为 null。 [E:\fan\work\code\vs\SCRM\SCRM.API\SCRM.API.csproj]
E:\fan\work\code\vs\SCRM\SCRM.SHARED\Models\Entities\Contact.cs(27,19): warning CS8618: 在退出构造函数时，不可为 null 的 属性 "source" 必须包含非 null 值。请考虑添加 "required" 修饰符或将该 属性 声明为可为 null。 [E:\fan\work\code\vs\SCRM\SCRM.API\SCRM.API.csproj]
E:\fan\work\code\vs\SCRM\SCRM.SHARED\Models\Entities\Contact.cs(28,19): warning CS8618: 在退出构造函数时，不可为 null 的 属性 "labelIds" 必须包含非 null 值。请考虑添加 "required" 修饰符或将该 属性 声明为可为 null。 [E:\fan\work\code\vs\SCRM\SCRM.API\SCRM.API.csproj]
E:\fan\work\code\vs\SCRM\SCRM.API\Models\Entities\WalletTransaction.cs(10,19): warning CS8618: 在退出构造函数时，不可为 null 的 属性 "TransactionId" 必须包含非 null 值。请考虑添加 "required" 修饰符或将该 属性 声明为可为 null。 [E:\fan\work\code\vs\SCRM\SCRM.API\SCRM.API.csproj]
E:\fan\work\code\vs\SCRM\SCRM.API\Models\Entities\WalletTransaction.cs(13,19): warning CS8618: 在退出构造函数时，不可为 null 的 属性 "Currency" 必须包含非 null 值。请考虑添加 "required" 修饰符或将该 属性 声明为可为 null。 [E:\fan\work\code\vs\SCRM\SCRM.API\SCRM.API.csproj]
E:\fan\work\code\vs\SCRM\SCRM.API\Models\Entities\WalletTransaction.cs(14,19): warning CS8618: 在退出构造函数时，不可为 null 的 属性 "SourceWxid" 必须包含非 null 值。请考虑添加 "required" 修饰符或将该 属性 声明为可为 null。 [E:\fan\work\code\vs\SCRM\SCRM.API\SCRM.API.csproj]
E:\fan\work\code\vs\SCRM\SCRM.API\Models\Entities\WalletTransaction.cs(15,19): warning CS8618: 在退出构造函数时，不可为 null 的 属性 "TargetWxid" 必须包含非 null 值。请考虑添加 "required" 修饰符或将该 属性 声明为可为 null。 [E:\fan\work\code\vs\SCRM\SCRM.API\SCRM.API.csproj]
E:\fan\work\code\vs\SCRM\SCRM.API\Models\Entities\WalletTransaction.cs(16,19): warning CS8618: 在退出构造函数时，不可为 null 的 属性 "Description" 必须包含非 null 值。请考虑添加 "required" 修饰符或将该 属性 声明为可为 null。 [E:\fan\work\code\vs\SCRM\SCRM.API\SCRM.API.csproj]
E:\fan\work\code\vs\SCRM\SCRM.API\Models\Entities\WalletTransaction.cs(18,19): warning CS8618: 在退出构造函数时，不可为 null 的 属性 "FailureReason" 必须包含非 null 值。请考虑添加 "required" 修饰符或将该 属性 声明为可为 null。 [E:\fan\work\code\vs\SCRM\SCRM.API\SCRM.API.csproj]
E:\fan\work\code\vs\SCRM\SCRM.API\Models\Entities\VoiceToTextLog.cs(10,19): warning CS8618: 在退出构造函数时，不可为 null 的 属性 "VoiceUrl" 必须包含非 null 值。请考虑添加 "required" 修饰符或将该 属性 声明为可为 null。 [E:\fan\work\code\vs\SCRM\SCRM.API\SCRM.API.csproj]
E:\fan\work\code\vs\SCRM\SCRM.API\Models\Entities\VoiceToTextLog.cs(11,19): warning CS8618: 在退出构造函数时，不可为 null 的 属性 "TranscribedText" 必须包含非 null 值。请考虑添加 "required" 修饰符或将该 属性 声明为可为 null。 [E:\fan\work\code\vs\SCRM\SCRM.API\SCRM.API.csproj]
E:\fan\work\code\vs\SCRM\SCRM.API\Models\Entities\VoiceToTextLog.cs(14,19): warning CS8618: 在退出构造函数时，不可为 null 的 属性 "ErrorMessage" 必须包含非 null 值。请考虑添加 "required" 修饰符或将该 属性 声明为可为 null。 [E:\fan\work\code\vs\SCRM\SCRM.API\SCRM.API.csproj]
E:\fan\work\code\vs\SCRM\SCRM.API\Models\Entities\RedPacketRecord.cs(10,19): warning CS8618: 在退出构造函数时，不可为 null 的 属性 "receiverWxid" 必须包含非 null 值。请考虑添加 "required" 修饰符或将该 属性 声明为可为 null。 [E:\fan\work\code\vs\SCRM\SCRM.API\SCRM.API.csproj]
E:\fan\work\code\vs\SCRM\SCRM.API\Models\Entities\RedPacketRecord.cs(12,19): warning CS8618: 在退出构造函数时，不可为 null 的 属性 "currency" 必须包含非 null 值。请考虑添加 "required" 修饰符或将该 属性 声明为可为 null。 [E:\fan\work\code\vs\SCRM\SCRM.API\SCRM.API.csproj]
E:\fan\work\code\vs\SCRM\SCRM.API\Models\Entities\RedPacketRecord.cs(14,19): warning CS8618: 在退出构造函数时，不可为 null 的 属性 "receiveMessage" 必须包含非 null 值。请考虑添加 "required" 修饰符或将该 属性 声明为可为 null。 [E:\fan\work\code\vs\SCRM\SCRM.API\SCRM.API.csproj]
E:\fan\work\code\vs\SCRM\SCRM.API\Models\Entities\RedPacket.cs(10,19): warning CS8618: 在退出构造函数时，不可为 null 的 属性 "senderWxid" 必须包含非 null 值。请考虑添加 "required" 修饰符或将该 属性 声明为可为 null。 [E:\fan\work\code\vs\SCRM\SCRM.API\SCRM.API.csproj]
E:\fan\work\code\vs\SCRM\SCRM.API\Models\Entities\RedPacket.cs(13,19): warning CS8618: 在退出构造函数时，不可为 null 的 属性 "currency" 必须包含非 null 值。请考虑添加 "required" 修饰符或将该 属性 声明为可为 null。 [E:\fan\work\code\vs\SCRM\SCRM.API\SCRM.API.csproj]
E:\fan\work\code\vs\SCRM\SCRM.API\Models\Entities\RedPacket.cs(14,19): warning CS8618: 在退出构造函数时，不可为 null 的 属性 "redPacketMessage" 必须包含非 null 值。请考虑添加 "required" 修饰符或将该 属性 声明为可为 null。 [E:\fan\work\code\vs\SCRM\SCRM.API\SCRM.API.csproj]
E:\fan\work\code\vs\SCRM\SCRM.API\Models\Entities\RedPacket.cs(15,19): warning CS8618: 在退出构造函数时，不可为 null 的 属性 "targetType" 必须包含非 null 值。请考虑添加 "required" 修饰符或将该 属性 声明为可为 null。 [E:\fan\work\code\vs\SCRM\SCRM.API\SCRM.API.csproj]
E:\fan\work\code\vs\SCRM\SCRM.API\Models\Entities\RedPacket.cs(16,19): warning CS8618: 在退出构造函数时，不可为 null 的 属性 "targetWxid" 必须包含非 null 值。请考虑添加 "required" 修饰符或将该 属性 声明为可为 null。 [E:\fan\work\code\vs\SCRM\SCRM.API\SCRM.API.csproj]
E:\fan\work\code\vs\SCRM\SCRM.API\Services\Netty\MessageRouter.cs(950,28): warning CS1998: 此异步方法缺少 "await" 运算符，将以同步方式运行。请考虑使用 "await" 运算符等待非阻止的 API 调用，或者使用 "await Task.Run(...)" 在后台线程上执行占用大量 CPU 的工作。 [E:\fan\work\code\vs\SCRM\SCRM.API\SCRM.API.csproj]
E:\fan\work\code\vs\SCRM\SCRM.API\Models\Entities\OfficialAccountSubscription.cs(10,19): warning CS8618: 在退出构造函数时，不可为 null 的 属性 "SubscriberWxid" 必须包含非 null 值。请考虑添加 "required" 修饰符或将该 属性 声明为可为 null。 [E:\fan\work\code\vs\SCRM\SCRM.API\SCRM.API.csproj]
E:\fan\work\code\vs\SCRM\SCRM.API\Models\Entities\OfficialAccountSubscription.cs(13,19): warning CS8618: 在退出构造函数时，不可为 null 的 属性 "NotificationContent" 必须包含非 null 值。请考虑添加 "required" 修饰符或将该 属性 声明为可为 null。 [E:\fan\work\code\vs\SCRM\SCRM.API\SCRM.API.csproj]
E:\fan\work\code\vs\SCRM\SCRM.API\Models\Entities\OfficialAccountSearchLog.cs(10,19): warning CS8618: 在退出构造函数时，不可为 null 的 属性 "SearchKeyword" 必须包含非 null 值。请考虑添加 "required" 修饰符或将该 属性 声明为可为 null。 [E:\fan\work\code\vs\SCRM\SCRM.API\SCRM.API.csproj]
E:\fan\work\code\vs\SCRM\SCRM.API\Models\Entities\OfficialAccountSearchLog.cs(12,19): warning CS8618: 在退出构造函数时，不可为 null 的 属性 "SelectedWxid" 必须包含非 null 值。请考虑添加 "required" 修饰符或将该 属性 声明为可为 null。 [E:\fan\work\code\vs\SCRM\SCRM.API\SCRM.API.csproj]
E:\fan\work\code\vs\SCRM\SCRM.API\Models\Entities\OfficialAccountMessage.cs(10,19): warning CS8618: 在退出构造函数时，不可为 null 的 属性 "MessageId" 必须包含非 null 值。请考虑添加 "required" 修饰符或将该 属性 声明为可为 null。 [E:\fan\work\code\vs\SCRM\SCRM.API\SCRM.API.csproj]
E:\fan\work\code\vs\SCRM\SCRM.API\Models\Entities\OfficialAccountMessage.cs(12,19): warning CS8618: 在退出构造函数时，不可为 null 的 属性 "MessageContent" 必须包含非 null 值。请考虑添加 "required" 修饰符或将该 属性 声明为可为 null。 [E:\fan\work\code\vs\SCRM\SCRM.API\SCRM.API.csproj]
E:\fan\work\code\vs\SCRM\SCRM.API\Models\Entities\OfficialAccountMessage.cs(13,19): warning CS8618: 在退出构造函数时，不可为 null 的 属性 "SenderWxid" 必须包含非 null 值。请考虑添加 "required" 修饰符或将该 属性 声明为可为 null。 [E:\fan\work\code\vs\SCRM\SCRM.API\SCRM.API.csproj]
E:\fan\work\code\vs\SCRM\SCRM.API\Models\Entities\OfficialAccountFollowLog.cs(10,19): warning CS8618: 在退出构造函数时，不可为 null 的 属性 "FollowerWxid" 必须包含非 null 值。请考虑添加 "required" 修饰符或将该 属性 声明为可为 null。 [E:\fan\work\code\vs\SCRM\SCRM.API\SCRM.API.csproj]
E:\fan\work\code\vs\SCRM\SCRM.API\Models\Entities\OfficialAccountFollowLog.cs(12,19): warning CS8618: 在退出构造函数时，不可为 null 的 属性 "EventReason" 必须包含非 null 值。请考虑添加 "required" 修饰符或将该 属性 声明为可为 null。 [E:\fan\work\code\vs\SCRM\SCRM.API\SCRM.API.csproj]
E:\fan\work\code\vs\SCRM\SCRM.API\Models\Entities\OfficialAccount.cs(10,19): warning CS8618: 在退出构造函数时，不可为 null 的 属性 "AccountWxid" 必须包含非 null 值。请考虑添加 "required" 修饰符或将该 属性 声明为可为 null。 [E:\fan\work\code\vs\SCRM\SCRM.API\SCRM.API.csproj]
E:\fan\work\code\vs\SCRM\SCRM.API\Models\Entities\OfficialAccount.cs(11,19): warning CS8618: 在退出构造函数时，不可为 null 的 属性 "AccountName" 必须包含非 null 值。请考虑添加 "required" 修饰符或将该 属性 声明为可为 null。 [E:\fan\work\code\vs\SCRM\SCRM.API\SCRM.API.csproj]
E:\fan\work\code\vs\SCRM\SCRM.API\Models\Entities\OfficialAccount.cs(12,19): warning CS8618: 在退出构造函数时，不可为 null 的 属性 "AccountNickname" 必须包含非 null 值。请考虑添加 "required" 修饰符或将该 属性 声明为可为 null。 [E:\fan\work\code\vs\SCRM\SCRM.API\SCRM.API.csproj]
E:\fan\work\code\vs\SCRM\SCRM.API\Models\Entities\OfficialAccount.cs(13,19): warning CS8618: 在退出构造函数时，不可为 null 的 属性 "Avatar" 必须包含非 null 值。请考虑添加 "required" 修饰符或将该 属性 声明为可为 null。 [E:\fan\work\code\vs\SCRM\SCRM.API\SCRM.API.csproj]
E:\fan\work\code\vs\SCRM\SCRM.API\Models\Entities\OfficialAccount.cs(14,19): warning CS8618: 在退出构造函数时，不可为 null 的 属性 "Description" 必须包含非 null 值。请考虑添加 "required" 修饰符或将该 属性 声明为可为 null。 [E:\fan\work\code\vs\SCRM\SCRM.API\SCRM.API.csproj]
E:\fan\work\code\vs\SCRM\SCRM.API\Models\Entities\MomentsPost.cs(10,19): warning CS8618: 在退出构造函数时，不可为 null 的 属性 "authorWxid" 必须包含非 null 值。请考虑添加 "required" 修饰符或将该 属性 声明为可为 null。 [E:\fan\work\code\vs\SCRM\SCRM.API\SCRM.API.csproj]
E:\fan\work\code\vs\SCRM\SCRM.API\Models\Entities\MomentsPost.cs(11,19): warning CS8618: 在退出构造函数时，不可为 null 的 属性 "postContent" 必须包含非 null 值。请考虑添加 "required" 修饰符或将该 属性 声明为可为 null。 [E:\fan\work\code\vs\SCRM\SCRM.API\SCRM.API.csproj]
E:\fan\work\code\vs\SCRM\SCRM.API\Models\Entities\MomentsPost.cs(17,19): warning CS8618: 在退出构造函数时，不可为 null 的 属性 "postCover" 必须包含非 null 值。请考虑添加 "required" 修饰符或将该 属性 声明为可为 null。 [E:\fan\work\code\vs\SCRM\SCRM.API\SCRM.API.csproj]
E:\fan\work\code\vs\SCRM\SCRM.API\Models\Entities\MomentsLike.cs(10,19): warning CS8618: 在退出构造函数时，不可为 null 的 属性 "likerWxid" 必须包含非 null 值。请考虑添加 "required" 修饰符或将该 属性 声明为可为 null。 [E:\fan\work\code\vs\SCRM\SCRM.API\SCRM.API.csproj]
E:\fan\work\code\vs\SCRM\SCRM.API\Models\Entities\MomentsLike.cs(11,19): warning CS8618: 在退出构造函数时，不可为 null 的 属性 "likerNickname" 必须包含非 null 值。请考虑添加 "required" 修饰符或将该 属性 声明为可为 null。 [E:\fan\work\code\vs\SCRM\SCRM.API\SCRM.API.csproj]
E:\fan\work\code\vs\SCRM\SCRM.API\Models\Entities\MomentsComment.cs(10,19): warning CS8618: 在退出构造函数时，不可为 null 的 属性 "commenterWxid" 必须包含非 null 值。请考虑添加 "required" 修饰符或将该 属性 声明为可为 null。 [E:\fan\work\code\vs\SCRM\SCRM.API\SCRM.API.csproj]
E:\fan\work\code\vs\SCRM\SCRM.API\Models\Entities\MomentsComment.cs(13,19): warning CS8618: 在退出构造函数时，不可为 null 的 属性 "commentContent" 必须包含非 null 值。请考虑添加 "required" 修饰符或将该 属性 声明为可为 null。 [E:\fan\work\code\vs\SCRM\SCRM.API\SCRM.API.csproj]
E:\fan\work\code\vs\SCRM\SCRM.API\Models\Entities\MomentsComment.cs(15,19): warning CS8618: 在退出构造函数时，不可为 null 的 属性 "replyToWxid" 必须包含非 null 值。请考虑添加 "required" 修饰符或将该 属性 声明为可为 null。 [E:\fan\work\code\vs\SCRM\SCRM.API\SCRM.API.csproj]
E:\fan\work\code\vs\SCRM\SCRM.API\Models\Entities\MiniprogramSearchLog.cs(10,19): warning CS8618: 在退出构造函数时，不可为 null 的 属性 "SearchKeyword" 必须包含非 null 值。请考虑添加 "required" 修饰符或将该 属性 声明为可为 null。 [E:\fan\work\code\vs\SCRM\SCRM.API\SCRM.API.csproj]
E:\fan\work\code\vs\SCRM\SCRM.API\Models\Entities\MiniprogramSearchLog.cs(12,19): warning CS8618: 在退出构造函数时，不可为 null 的 属性 "SelectedAppId" 必须包含非 null 值。请考虑添加 "required" 修饰符或将该 属性 声明为可为 null。 [E:\fan\work\code\vs\SCRM\SCRM.API\SCRM.API.csproj]
E:\fan\work\code\vs\SCRM\SCRM.API\Models\Entities\MiniprogramMessage.cs(10,19): warning CS8618: 在退出构造函数时，不可为 null 的 属性 "MessageId" 必须包含非 null 值。请考虑添加 "required" 修饰符或将该 属性 声明为可为 null。 [E:\fan\work\code\vs\SCRM\SCRM.API\SCRM.API.csproj]
E:\fan\work\code\vs\SCRM\SCRM.API\Models\Entities\MiniprogramMessage.cs(12,19): warning CS8618: 在退出构造函数时，不可为 null 的 属性 "MessageContent" 必须包含非 null 值。请考虑添加 "required" 修饰符或将该 属性 声明为可为 null。 [E:\fan\work\code\vs\SCRM\SCRM.API\SCRM.API.csproj]
E:\fan\work\code\vs\SCRM\SCRM.API\Models\Entities\MiniprogramMessage.cs(13,19): warning CS8618: 在退出构造函数时，不可为 null 的 属性 "SenderWxid" 必须包含非 null 值。请考虑添加 "required" 修饰符或将该 属性 声明为可为 null。 [E:\fan\work\code\vs\SCRM\SCRM.API\SCRM.API.csproj]
E:\fan\work\code\vs\SCRM\SCRM.API\Models\Entities\MiniprogramFollowLog.cs(10,19): warning CS8618: 在退出构造函数时，不可为 null 的 属性 "FollowerWxid" 必须包含非 null 值。请考虑添加 "required" 修饰符或将该 属性 声明为可为 null。 [E:\fan\work\code\vs\SCRM\SCRM.API\SCRM.API.csproj]
E:\fan\work\code\vs\SCRM\SCRM.API\Models\Entities\MiniprogramFollowLog.cs(12,19): warning CS8618: 在退出构造函数时，不可为 null 的 属性 "EventReason" 必须包含非 null 值。请考虑添加 "required" 修饰符或将该 属性 声明为可为 null。 [E:\fan\work\code\vs\SCRM\SCRM.API\SCRM.API.csproj]
E:\fan\work\code\vs\SCRM\SCRM.API\Models\Entities\MiniprogramAccount.cs(10,19): warning CS8618: 在退出构造函数时，不可为 null 的 属性 "AppId" 必须包含非 null 值。请考虑添加 "required" 修饰符或将该 属性 声明为可为 null。 [E:\fan\work\code\vs\SCRM\SCRM.API\SCRM.API.csproj]
E:\fan\work\code\vs\SCRM\SCRM.API\Models\Entities\MiniprogramAccount.cs(11,19): warning CS8618: 在退出构造函数时，不可为 null 的 属性 "AppName" 必须包含非 null 值。请考虑添加 "required" 修饰符或将该 属性 声明为可为 null。 [E:\fan\work\code\vs\SCRM\SCRM.API\SCRM.API.csproj]
E:\fan\work\code\vs\SCRM\SCRM.API\Models\Entities\MiniprogramAccount.cs(12,19): warning CS8618: 在退出构造函数时，不可为 null 的 属性 "Avatar" 必须包含非 null 值。请考虑添加 "required" 修饰符或将该 属性 声明为可为 null。 [E:\fan\work\code\vs\SCRM\SCRM.API\SCRM.API.csproj]
E:\fan\work\code\vs\SCRM\SCRM.API\Models\Entities\MiniprogramAccount.cs(13,19): warning CS8618: 在退出构造函数时，不可为 null 的 属性 "Description" 必须包含非 null 值。请考虑添加 "required" 修饰符或将该 属性 声明为可为 null。 [E:\fan\work\code\vs\SCRM\SCRM.API\SCRM.API.csproj]
E:\fan\work\code\vs\SCRM\SCRM.API\Models\Entities\MiniprogramAccessLog.cs(10,19): warning CS8618: 在退出构造函数时，不可为 null 的 属性 "AccessorWxid" 必须包含非 null 值。请考虑添加 "required" 修饰符或将该 属性 声明为可为 null。 [E:\fan\work\code\vs\SCRM\SCRM.API\SCRM.API.csproj]
E:\fan\work\code\vs\SCRM\SCRM.API\Models\Entities\MiniprogramAccessLog.cs(12,19): warning CS8618: 在退出构造函数时，不可为 null 的 属性 "PagePath" 必须包含非 null 值。请考虑添加 "required" 修饰符或将该 属性 声明为可为 null。 [E:\fan\work\code\vs\SCRM\SCRM.API\SCRM.API.csproj]
E:\fan\work\code\vs\SCRM\SCRM.API\Models\Entities\MiniprogramAccessLog.cs(14,19): warning CS8618: 在退出构造函数时，不可为 null 的 属性 "AccessSource" 必须包含非 null 值。请考虑添加 "required" 修饰符或将该 属性 声明为可为 null。 [E:\fan\work\code\vs\SCRM\SCRM.API\SCRM.API.csproj]
E:\fan\work\code\vs\SCRM\SCRM.API\Models\Entities\MessageSyncLog.cs(14,19): warning CS8618: 在退出构造函数时，不可为 null 的 属性 "ErrorMessage" 必须包含非 null 值。请考虑添加 "required" 修饰符或将该 属性 声明为可为 null。 [E:\fan\work\code\vs\SCRM\SCRM.API\SCRM.API.csproj]
E:\fan\work\code\vs\SCRM\SCRM.API\Models\Entities\MessageRevocation.cs(10,19): warning CS8618: 在退出构造函数时，不可为 null 的 属性 "RevokerWxid" 必须包含非 null 值。请考虑添加 "required" 修饰符或将该 属性 声明为可为 null。 [E:\fan\work\code\vs\SCRM\SCRM.API\SCRM.API.csproj]
E:\fan\work\code\vs\SCRM\SCRM.API\Models\Entities\MessageRevocation.cs(11,19): warning CS8618: 在退出构造函数时，不可为 null 的 属性 "RevocationReason" 必须包含非 null 值。请考虑添加 "required" 修饰符或将该 属性 声明为可为 null。 [E:\fan\work\code\vs\SCRM\SCRM.API\SCRM.API.csproj]
E:\fan\work\code\vs\SCRM\SCRM.API\Models\Entities\MessageMedia.cs(11,19): warning CS8618: 在退出构造函数时，不可为 null 的 属性 "MediaUrl" 必须包含非 null 值。请考虑添加 "required" 修饰符或将该 属性 声明为可为 null。 [E:\fan\work\code\vs\SCRM\SCRM.API\SCRM.API.csproj]
E:\fan\work\code\vs\SCRM\SCRM.API\Models\Entities\MessageMedia.cs(12,19): warning CS8618: 在退出构造函数时，不可为 null 的 属性 "LocalPath" 必须包含非 null 值。请考虑添加 "required" 修饰符或将该 属性 声明为可为 null。 [E:\fan\work\code\vs\SCRM\SCRM.API\SCRM.API.csproj]
E:\fan\work\code\vs\SCRM\SCRM.API\Models\Entities\MessageMedia.cs(13,19): warning CS8618: 在退出构造函数时，不可为 null 的 属性 "MediaHash" 必须包含非 null 值。请考虑添加 "required" 修饰符或将该 属性 声明为可为 null。 [E:\fan\work\code\vs\SCRM\SCRM.API\SCRM.API.csproj]
E:\fan\work\code\vs\SCRM\SCRM.API\Models\Entities\MessageMedia.cs(15,19): warning CS8618: 在退出构造函数时，不可为 null 的 属性 "FileExtension" 必须包含非 null 值。请考虑添加 "required" 修饰符或将该 属性 声明为可为 null。 [E:\fan\work\code\vs\SCRM\SCRM.API\SCRM.API.csproj]
E:\fan\work\code\vs\SCRM\SCRM.API\Models\Entities\MessageForwardDetail.cs(10,19): warning CS8618: 在退出构造函数时，不可为 null 的 属性 "ToWxid" 必须包含非 null 值。请考虑添加 "required" 修饰符或将该 属性 声明为可为 null。 [E:\fan\work\code\vs\SCRM\SCRM.API\SCRM.API.csproj]
E:\fan\work\code\vs\SCRM\SCRM.API\Models\Entities\MessageForward.cs(10,19): warning CS8618: 在退出构造函数时，不可为 null 的 属性 "FromWxid" 必须包含非 null 值。请考虑添加 "required" 修饰符或将该 属性 声明为可为 null。 [E:\fan\work\code\vs\SCRM\SCRM.API\SCRM.API.csproj]
E:\fan\work\code\vs\SCRM\SCRM.API\Models\Entities\MessageExtension.cs(10,19): warning CS8618: 在退出构造函数时，不可为 null 的 属性 "ExtensionKey" 必须包含非 null 值。请考虑添加 "required" 修饰符或将该 属性 声明为可为 null。 [E:\fan\work\code\vs\SCRM\SCRM.API\SCRM.API.csproj]
E:\fan\work\code\vs\SCRM\SCRM.API\Models\Entities\MessageExtension.cs(11,19): warning CS8618: 在退出构造函数时，不可为 null 的 属性 "ExtensionValue" 必须包含非 null 值。请考虑添加 "required" 修饰符或将该 属性 声明为可为 null。 [E:\fan\work\code\vs\SCRM\SCRM.API\SCRM.API.csproj]
E:\fan\work\code\vs\SCRM\SCRM.API\Models\Entities\MassMessageDetail.cs(10,19): warning CS8618: 在退出构造函数时，不可为 null 的 属性 "RecipientWxid" 必须包含非 null 值。请考虑添加 "required" 修饰符或将该 属性 声明为可为 null。 [E:\fan\work\code\vs\SCRM\SCRM.API\SCRM.API.csproj]
E:\fan\work\code\vs\SCRM\SCRM.API\Models\Entities\MassMessageDetail.cs(12,19): warning CS8618: 在退出构造函数时，不可为 null 的 属性 "ErrorMessage" 必须包含非 null 值。请考虑添加 "required" 修饰符或将该 属性 声明为可为 null。 [E:\fan\work\code\vs\SCRM\SCRM.API\SCRM.API.csproj]
E:\fan\work\code\vs\SCRM\SCRM.API\Models\Entities\MassMessage.cs(10,19): warning CS8618: 在退出构造函数时，不可为 null 的 属性 "MessageTitle" 必须包含非 null 值。请考虑添加 "required" 修饰符或将该 属性 声明为可为 null。 [E:\fan\work\code\vs\SCRM\SCRM.API\SCRM.API.csproj]
E:\fan\work\code\vs\SCRM\SCRM.API\Models\Entities\MassMessage.cs(11,19): warning CS8618: 在退出构造函数时，不可为 null 的 属性 "MessageContent" 必须包含非 null 值。请考虑添加 "required" 修饰符或将该 属性 声明为可为 null。 [E:\fan\work\code\vs\SCRM\SCRM.API\SCRM.API.csproj]
E:\fan\work\code\vs\SCRM\SCRM.API\Services\AuthService.cs(489,20): warning CS8603: 可能返回 null 引用。 [E:\fan\work\code\vs\SCRM\SCRM.API\SCRM.API.csproj]
E:\fan\work\code\vs\SCRM\SCRM.API\Models\Entities\GroupQrcode.cs(10,19): warning CS8618: 在退出构造函数时，不可为 null 的 属性 "QrcodeUrl" 必须包含非 null 值。请考虑添加 "required" 修饰符或将该 属性 声明为可为 null。 [E:\fan\work\code\vs\SCRM\SCRM.API\SCRM.API.csproj]
E:\fan\work\code\vs\SCRM\SCRM.API\Models\Entities\GroupQrcode.cs(11,19): warning CS8618: 在退出构造函数时，不可为 null 的 属性 "QrcodeData" 必须包含非 null 值。请考虑添加 "required" 修饰符或将该 属性 声明为可为 null。 [E:\fan\work\code\vs\SCRM\SCRM.API\SCRM.API.csproj]
E:\fan\work\code\vs\SCRM\SCRM.API\Models\Entities\GroupMessageSyncLog.cs(13,19): warning CS8618: 在退出构造函数时，不可为 null 的 属性 "ErrorMessage" 必须包含非 null 值。请考虑添加 "required" 修饰符或将该 属性 声明为可为 null。 [E:\fan\work\code\vs\SCRM\SCRM.API\SCRM.API.csproj]
E:\fan\work\code\vs\SCRM\SCRM.API\Models\Entities\GroupMember.cs(10,19): warning CS8618: 在退出构造函数时，不可为 null 的 属性 "MemberWxid" 必须包含非 null 值。请考虑添加 "required" 修饰符或将该 属性 声明为可为 null。 [E:\fan\work\code\vs\SCRM\SCRM.API\SCRM.API.csproj]
E:\fan\work\code\vs\SCRM\SCRM.API\Models\Entities\GroupMember.cs(11,19): warning CS8618: 在退出构造函数时，不可为 null 的 属性 "MemberNickname" 必须包含非 null 值。请考虑添加 "required" 修饰符或将该 属性 声明为可为 null。 [E:\fan\work\code\vs\SCRM\SCRM.API\SCRM.API.csproj]
E:\fan\work\code\vs\SCRM\SCRM.API\Models\Entities\GroupMember.cs(18,19): warning CS8618: 在退出构造函数时，不可为 null 的 属性 "InviterWxid" 必须包含非 null 值。请考虑添加 "required" 修饰符或将该 属性 声明为可为 null。 [E:\fan\work\code\vs\SCRM\SCRM.API\SCRM.API.csproj]
E:\fan\work\code\vs\SCRM\SCRM.API\Models\Entities\GroupMember.cs(21,19): warning CS8618: 在退出构造函数时，不可为 null 的 属性 "MemberRemarks" 必须包含非 null 值。请考虑添加 "required" 修饰符或将该 属性 声明为可为 null。 [E:\fan\work\code\vs\SCRM\SCRM.API\SCRM.API.csproj]
E:\fan\work\code\vs\SCRM\SCRM.API\Models\Entities\GroupInvitation.cs(10,19): warning CS8618: 在退出构造函数时，不可为 null 的 属性 "InviterWxid" 必须包含非 null 值。请考虑添加 "required" 修饰符或将该 属性 声明为可为 null。 [E:\fan\work\code\vs\SCRM\SCRM.API\SCRM.API.csproj]
E:\fan\work\code\vs\SCRM\SCRM.API\Models\Entities\GroupInvitation.cs(11,19): warning CS8618: 在退出构造函数时，不可为 null 的 属性 "InviteeWxid" 必须包含非 null 值。请考虑添加 "required" 修饰符或将该 属性 声明为可为 null。 [E:\fan\work\code\vs\SCRM\SCRM.API\SCRM.API.csproj]
E:\fan\work\code\vs\SCRM\SCRM.API\Models\Entities\GroupInvitation.cs(13,19): warning CS8618: 在退出构造函数时，不可为 null 的 属性 "InvitationMessage" 必须包含非 null 值。请考虑添加 "required" 修饰符或将该 属性 声明为可为 null。 [E:\fan\work\code\vs\SCRM\SCRM.API\SCRM.API.csproj]
E:\fan\work\code\vs\SCRM\SCRM.API\Models\Entities\GroupChangeLog.cs(10,19): warning CS8618: 在退出构造函数时，不可为 null 的 属性 "ChangeType" 必须包含非 null 值。请考虑添加 "required" 修饰符或将该 属性 声明为可为 null。 [E:\fan\work\code\vs\SCRM\SCRM.API\SCRM.API.csproj]
E:\fan\work\code\vs\SCRM\SCRM.API\Models\Entities\GroupChangeLog.cs(11,19): warning CS8618: 在退出构造函数时，不可为 null 的 属性 "ChangedBy" 必须包含非 null 值。请考虑添加 "required" 修饰符或将该 属性 声明为可为 null。 [E:\fan\work\code\vs\SCRM\SCRM.API\SCRM.API.csproj]
E:\fan\work\code\vs\SCRM\SCRM.API\Models\Entities\GroupChangeLog.cs(12,19): warning CS8618: 在退出构造函数时，不可为 null 的 属性 "OldValue" 必须包含非 null 值。请考虑添加 "required" 修饰符或将该 属性 声明为可为 null。 [E:\fan\work\code\vs\SCRM\SCRM.API\SCRM.API.csproj]
E:\fan\work\code\vs\SCRM\SCRM.API\Models\Entities\GroupChangeLog.cs(13,19): warning CS8618: 在退出构造函数时，不可为 null 的 属性 "NewValue" 必须包含非 null 值。请考虑添加 "required" 修饰符或将该 属性 声明为可为 null。 [E:\fan\work\code\vs\SCRM\SCRM.API\SCRM.API.csproj]
E:\fan\work\code\vs\SCRM\SCRM.API\Models\Entities\GroupChangeLog.cs(14,19): warning CS8618: 在退出构造函数时，不可为 null 的 属性 "ChangedField" 必须包含非 null 值。请考虑添加 "required" 修饰符或将该 属性 声明为可为 null。 [E:\fan\work\code\vs\SCRM\SCRM.API\SCRM.API.csproj]
E:\fan\work\code\vs\SCRM\SCRM.API\Models\Entities\GroupAnnouncement.cs(10,19): warning CS8618: 在退出构造函数时，不可为 null 的 属性 "AnnouncementContent" 必须包含非 null 值。请考虑添加 "required" 修饰符或将该 属性 声明为可为 null。 [E:\fan\work\code\vs\SCRM\SCRM.API\SCRM.API.csproj]
E:\fan\work\code\vs\SCRM\SCRM.API\Models\Entities\GroupAnnouncement.cs(11,19): warning CS8618: 在退出构造函数时，不可为 null 的 属性 "PublisherWxid" 必须包含非 null 值。请考虑添加 "required" 修饰符或将该 属性 声明为可为 null。 [E:\fan\work\code\vs\SCRM\SCRM.API\SCRM.API.csproj]
E:\fan\work\code\vs\SCRM\SCRM.API\Models\Entities\Group.cs(10,19): warning CS8618: 在退出构造函数时，不可为 null 的 属性 "groupWxid" 必须包含非 null 值。请考虑添加 "required" 修饰符或将该 属性 声明为可为 null。 [E:\fan\work\code\vs\SCRM\SCRM.API\SCRM.API.csproj]
E:\fan\work\code\vs\SCRM\SCRM.API\Models\Entities\Group.cs(11,19): warning CS8618: 在退出构造函数时，不可为 null 的 属性 "groupName" 必须包含非 null 值。请考虑添加 "required" 修饰符或将该 属性 声明为可为 null。 [E:\fan\work\code\vs\SCRM\SCRM.API\SCRM.API.csproj]
E:\fan\work\code\vs\SCRM\SCRM.API\Models\Entities\Group.cs(12,19): warning CS8618: 在退出构造函数时，不可为 null 的 属性 "groupNotice" 必须包含非 null 值。请考虑添加 "required" 修饰符或将该 属性 声明为可为 null。 [E:\fan\work\code\vs\SCRM\SCRM.API\SCRM.API.csproj]
E:\fan\work\code\vs\SCRM\SCRM.API\Models\Entities\Group.cs(13,19): warning CS8618: 在退出构造函数时，不可为 null 的 属性 "ownerWxid" 必须包含非 null 值。请考虑添加 "required" 修饰符或将该 属性 声明为可为 null。 [E:\fan\work\code\vs\SCRM\SCRM.API\SCRM.API.csproj]
E:\fan\work\code\vs\SCRM\SCRM.API\Models\Entities\Group.cs(15,19): warning CS8618: 在退出构造函数时，不可为 null 的 属性 "groupAvatar" 必须包含非 null 值。请考虑添加 "required" 修饰符或将该 属性 声明为可为 null。 [E:\fan\work\code\vs\SCRM\SCRM.API\SCRM.API.csproj]
E:\fan\work\code\vs\SCRM\SCRM.API\Models\Entities\Group.cs(16,19): warning CS8618: 在退出构造函数时，不可为 null 的 属性 "groupDescription" 必须包含非 null 值。请考虑添加 "required" 修饰符或将该 属性 声明为可为 null。 [E:\fan\work\code\vs\SCRM\SCRM.API\SCRM.API.csproj]
E:\fan\work\code\vs\SCRM\SCRM.API\Models\Entities\FriendRequest.cs(10,19): warning CS8618: 在退出构造函数时，不可为 null 的 属性 "requestWxid" 必须包含非 null 值。请考虑添加 "required" 修饰符或将该 属性 声明为可为 null。 [E:\fan\work\code\vs\SCRM\SCRM.API\SCRM.API.csproj]
E:\fan\work\code\vs\SCRM\SCRM.API\Models\Entities\FriendRequest.cs(16,19): warning CS8618: 在退出构造函数时，不可为 null 的 属性 "requestMessage" 必须包含非 null 值。请考虑添加 "required" 修饰符或将该 属性 声明为可为 null。 [E:\fan\work\code\vs\SCRM\SCRM.API\SCRM.API.csproj]
E:\fan\work\code\vs\SCRM\SCRM.API\Models\Entities\FriendRequest.cs(20,19): warning CS8618: 在退出构造函数时，不可为 null 的 属性 "responseMessage" 必须包含非 null 值。请考虑添加 "required" 修饰符或将该 属性 声明为可为 null。 [E:\fan\work\code\vs\SCRM\SCRM.API\SCRM.API.csproj]
E:\fan\work\code\vs\SCRM\SCRM.API\Models\Entities\FriendDetectionLog.cs(12,19): warning CS8618: 在退出构造函数时，不可为 null 的 属性 "DetailInfo" 必须包含非 null 值。请考虑添加 "required" 修饰符或将该 属性 声明为可为 null。 [E:\fan\work\code\vs\SCRM\SCRM.API\SCRM.API.csproj]
E:\fan\work\code\vs\SCRM\SCRM.API\Services\AuthService.cs(502,20): warning CS8603: 可能返回 null 引用。 [E:\fan\work\code\vs\SCRM\SCRM.API\SCRM.API.csproj]
E:\fan\work\code\vs\SCRM\SCRM.API\Models\Entities\ContactTag.cs(10,19): warning CS8618: 在退出构造函数时，不可为 null 的 属性 "tagName" 必须包含非 null 值。请考虑添加 "required" 修饰符或将该 属性 声明为可为 null。 [E:\fan\work\code\vs\SCRM\SCRM.API\SCRM.API.csproj]
E:\fan\work\code\vs\SCRM\SCRM.API\Models\Entities\ContactTag.cs(12,19): warning CS8618: 在退出构造函数时，不可为 null 的 属性 "tagColor" 必须包含非 null 值。请考虑添加 "required" 修饰符或将该 属性 声明为可为 null。 [E:\fan\work\code\vs\SCRM\SCRM.API\SCRM.API.csproj]
E:\fan\work\code\vs\SCRM\SCRM.API\Models\Entities\ContactTag.cs(13,19): warning CS8618: 在退出构造函数时，不可为 null 的 属性 "tagDescription" 必须包含非 null 值。请考虑添加 "required" 修饰符或将该 属性 声明为可为 null。 [E:\fan\work\code\vs\SCRM\SCRM.API\SCRM.API.csproj]
E:\fan\work\code\vs\SCRM\SCRM.API\Models\Entities\ContactGroup.cs(10,19): warning CS8618: 在退出构造函数时，不可为 null 的 属性 "GroupName" 必须包含非 null 值。请考虑添加 "required" 修饰符或将该 属性 声明为可为 null。 [E:\fan\work\code\vs\SCRM\SCRM.API\SCRM.API.csproj]
E:\fan\work\code\vs\SCRM\SCRM.API\Models\Entities\ContactGroup.cs(12,19): warning CS8618: 在退出构造函数时，不可为 null 的 属性 "GroupDescription" 必须包含非 null 值。请考虑添加 "required" 修饰符或将该 属性 声明为可为 null。 [E:\fan\work\code\vs\SCRM\SCRM.API\SCRM.API.csproj]
E:\fan\work\code\vs\SCRM\SCRM.API\Models\Entities\ContactChangeLog.cs(10,19): warning CS8618: 在退出构造函数时，不可为 null 的 属性 "ChangeType" 必须包含非 null 值。请考虑添加 "required" 修饰符或将该 属性 声明为可为 null。 [E:\fan\work\code\vs\SCRM\SCRM.API\SCRM.API.csproj]
E:\fan\work\code\vs\SCRM\SCRM.API\Models\Entities\ContactChangeLog.cs(11,19): warning CS8618: 在退出构造函数时，不可为 null 的 属性 "OldValue" 必须包含非 null 值。请考虑添加 "required" 修饰符或将该 属性 声明为可为 null。 [E:\fan\work\code\vs\SCRM\SCRM.API\SCRM.API.csproj]
E:\fan\work\code\vs\SCRM\SCRM.API\Models\Entities\ContactChangeLog.cs(12,19): warning CS8618: 在退出构造函数时，不可为 null 的 属性 "NewValue" 必须包含非 null 值。请考虑添加 "required" 修饰符或将该 属性 声明为可为 null。 [E:\fan\work\code\vs\SCRM\SCRM.API\SCRM.API.csproj]
E:\fan\work\code\vs\SCRM\SCRM.API\Models\Entities\ContactChangeLog.cs(13,19): warning CS8618: 在退出构造函数时，不可为 null 的 属性 "ChangedField" 必须包含非 null 值。请考虑添加 "required" 修饰符或将该 属性 声明为可为 null。 [E:\fan\work\code\vs\SCRM\SCRM.API\SCRM.API.csproj]
E:\fan\work\code\vs\SCRM\SCRM.SHARED\Models\Dtos\Device.cs(24,23): warning CS8618: 在退出构造函数时，不可为 null 的 属性 "imsi" 必须包含非 null 值。请考虑添加 "required" 修饰符或将该 属性 声明为可为 null。 [E:\fan\work\code\vs\SCRM\SCRM.API\SCRM.API.csproj]
E:\fan\work\code\vs\SCRM\SCRM.SHARED\Models\Dtos\Device.cs(25,23): warning CS8618: 在退出构造函数时，不可为 null 的 属性 "fingerprint" 必须包含非 null 值。请考虑添加 "required" 修饰符或将该 属性 声明为可为 null。 [E:\fan\work\code\vs\SCRM\SCRM.API\SCRM.API.csproj]
E:\fan\work\code\vs\SCRM\SCRM.SHARED\Models\Dtos\Device.cs(26,23): warning CS8618: 在退出构造函数时，不可为 null 的 属性 "userData" 必须包含非 null 值。请考虑添加 "required" 修饰符或将该 属性 声明为可为 null。 [E:\fan\work\code\vs\SCRM\SCRM.API\SCRM.API.csproj]
E:\fan\work\code\vs\SCRM\SCRM.SHARED\Models\Dtos\Device.cs(5,23): warning CS8618: 在退出构造函数时，不可为 null 的 属性 "regCode" 必须包含非 null 值。请考虑添加 "required" 修饰符或将该 属性 声明为可为 null。 [E:\fan\work\code\vs\SCRM\SCRM.API\SCRM.API.csproj]
E:\fan\work\code\vs\SCRM\SCRM.SHARED\Models\Dtos\Device.cs(6,23): warning CS8618: 在退出构造函数时，不可为 null 的 属性 "imei" 必须包含非 null 值。请考虑添加 "required" 修饰符或将该 属性 声明为可为 null。 [E:\fan\work\code\vs\SCRM\SCRM.API\SCRM.API.csproj]
E:\fan\work\code\vs\SCRM\SCRM.SHARED\Models\Dtos\Device.cs(7,23): warning CS8618: 在退出构造函数时，不可为 null 的 属性 "mac" 必须包含非 null 值。请考虑添加 "required" 修饰符或将该 属性 声明为可为 null。 [E:\fan\work\code\vs\SCRM\SCRM.API\SCRM.API.csproj]
E:\fan\work\code\vs\SCRM\SCRM.SHARED\Models\Dtos\Device.cs(8,23): warning CS8618: 在退出构造函数时，不可为 null 的 属性 "androidId" 必须包含非 null 值。请考虑添加 "required" 修饰符或将该 属性 声明为可为 null。 [E:\fan\work\code\vs\SCRM\SCRM.API\SCRM.API.csproj]
E:\fan\work\code\vs\SCRM\SCRM.SHARED\Models\Dtos\Device.cs(9,23): warning CS8618: 在退出构造函数时，不可为 null 的 属性 "packageName" 必须包含非 null 值。请考虑添加 "required" 修饰符或将该 属性 声明为可为 null。 [E:\fan\work\code\vs\SCRM\SCRM.API\SCRM.API.csproj]
E:\fan\work\code\vs\SCRM\SCRM.SHARED\Models\Dtos\Device.cs(10,23): warning CS8618: 在退出构造函数时，不可为 null 的 属性 "returnKey" 必须包含非 null 值。请考虑添加 "required" 修饰符或将该 属性 声明为可为 null。 [E:\fan\work\code\vs\SCRM\SCRM.API\SCRM.API.csproj]
E:\fan\work\code\vs\SCRM\SCRM.SHARED\Models\Dtos\Device.cs(11,23): warning CS8618: 在退出构造函数时，不可为 null 的 属性 "hsman" 必须包含非 null 值。请考虑添加 "required" 修饰符或将该 属性 声明为可为 null。 [E:\fan\work\code\vs\SCRM\SCRM.API\SCRM.API.csproj]
E:\fan\work\code\vs\SCRM\SCRM.SHARED\Models\Dtos\Device.cs(12,23): warning CS8618: 在退出构造函数时，不可为 null 的 属性 "hstype" 必须包含非 null 值。请考虑添加 "required" 修饰符或将该 属性 声明为可为 null。 [E:\fan\work\code\vs\SCRM\SCRM.API\SCRM.API.csproj]
E:\fan\work\code\vs\SCRM\SCRM.SHARED\Models\Dtos\Device.cs(13,23): warning CS8618: 在退出构造函数时，不可为 null 的 属性 "androidApi" 必须包含非 null 值。请考虑添加 "required" 修饰符或将该 属性 声明为可为 null。 [E:\fan\work\code\vs\SCRM\SCRM.API\SCRM.API.csproj]
E:\fan\work\code\vs\SCRM\SCRM.API\Models\Dtos\PhoneRegDto.cs(5,23): warning CS8618: 在退出构造函数时，不可为 null 的 属性 "Imei" 必须包含非 null 值。请考虑添加 "required" 修饰符或将该 属性 声明为可为 null。 [E:\fan\work\code\vs\SCRM\SCRM.API\SCRM.API.csproj]
E:\fan\work\code\vs\SCRM\SCRM.API\Models\Dtos\PhoneRegDto.cs(6,23): warning CS8618: 在退出构造函数时，不可为 null 的 属性 "RegCode" 必须包含非 null 值。请考虑添加 "required" 修饰符或将该 属性 声明为可为 null。 [E:\fan\work\code\vs\SCRM\SCRM.API\SCRM.API.csproj]
E:\fan\work\code\vs\SCRM\SCRM.API\Models\Dtos\PhoneRegDto.cs(7,23): warning CS8618: 在退出构造函数时，不可为 null 的 属性 "Mac" 必须包含非 null 值。请考虑添加 "required" 修饰符或将该 属性 声明为可为 null。 [E:\fan\work\code\vs\SCRM\SCRM.API\SCRM.API.csproj]
E:\fan\work\code\vs\SCRM\SCRM.API\Models\Dtos\PhoneRegDto.cs(8,23): warning CS8618: 在退出构造函数时，不可为 null 的 属性 "ReturnKey" 必须包含非 null 值。请考虑添加 "required" 修饰符或将该 属性 声明为可为 null。 [E:\fan\work\code\vs\SCRM\SCRM.API\SCRM.API.csproj]
E:\fan\work\code\vs\SCRM\SCRM.API\Models\Dtos\PhoneRegDto.cs(9,23): warning CS8618: 在退出构造函数时，不可为 null 的 属性 "Hsman" 必须包含非 null 值。请考虑添加 "required" 修饰符或将该 属性 声明为可为 null。 [E:\fan\work\code\vs\SCRM\SCRM.API\SCRM.API.csproj]
E:\fan\work\code\vs\SCRM\SCRM.API\Models\Dtos\PhoneRegDto.cs(10,23): warning CS8618: 在退出构造函数时，不可为 null 的 属性 "Hstype" 必须包含非 null 值。请考虑添加 "required" 修饰符或将该 属性 声明为可为 null。 [E:\fan\work\code\vs\SCRM\SCRM.API\SCRM.API.csproj]
E:\fan\work\code\vs\SCRM\SCRM.API\Models\Dtos\PhoneRegDto.cs(11,23): warning CS8618: 在退出构造函数时，不可为 null 的 属性 "AndroidApi" 必须包含非 null 值。请考虑添加 "required" 修饰符或将该 属性 声明为可为 null。 [E:\fan\work\code\vs\SCRM\SCRM.API\SCRM.API.csproj]
E:\fan\work\code\vs\SCRM\SCRM.API\Models\Dtos\PhoneRegDto.cs(12,23): warning CS8618: 在退出构造函数时，不可为 null 的 属性 "AndroidId" 必须包含非 null 值。请考虑添加 "required" 修饰符或将该 属性 声明为可为 null。 [E:\fan\work\code\vs\SCRM\SCRM.API\SCRM.API.csproj]
E:\fan\work\code\vs\SCRM\SCRM.API\Models\Dtos\PhoneRegDto.cs(14,23): warning CS8618: 在退出构造函数时，不可为 null 的 属性 "PackageName" 必须包含非 null 值。请考虑添加 "required" 修饰符或将该 属性 声明为可为 null。 [E:\fan\work\code\vs\SCRM\SCRM.API\SCRM.API.csproj]
E:\fan\work\code\vs\SCRM\SCRM.API\Models\Dtos\PhoneRegDto.cs(15,23): warning CS8618: 在退出构造函数时，不可为 null 的 属性 "UserEmail" 必须包含非 null 值。请考虑添加 "required" 修饰符或将该 属性 声明为可为 null。 [E:\fan\work\code\vs\SCRM\SCRM.API\SCRM.API.csproj]
E:\fan\work\code\vs\SCRM\SCRM.API\Models\Dtos\ClientDTOs.cs(46,23): warning CS8618: 在退出构造函数时，不可为 null 的 属性 "userIdentifier" 必须包含非 null 值。请考虑添加 "required" 修饰符或将该 属性 声明为可为 null。 [E:\fan\work\code\vs\SCRM\SCRM.API\SCRM.API.csproj]
E:\fan\work\code\vs\SCRM\SCRM.API\Models\Dtos\ClientDTOs.cs(38,23): warning CS8618: 在退出构造函数时，不可为 null 的 属性 "userId" 必须包含非 null 值。请考虑添加 "required" 修饰符或将该 属性 声明为可为 null。 [E:\fan\work\code\vs\SCRM\SCRM.API\SCRM.API.csproj]
E:\fan\work\code\vs\SCRM\SCRM.API\Models\Dtos\ClientDTOs.cs(39,23): warning CS8618: 在退出构造函数时，不可为 null 的 属性 "token" 必须包含非 null 值。请考虑添加 "required" 修饰符或将该 属性 声明为可为 null。 [E:\fan\work\code\vs\SCRM\SCRM.API\SCRM.API.csproj]
E:\fan\work\code\vs\SCRM\SCRM.API\Models\Dtos\ClientDTOs.cs(40,23): warning CS8618: 在退出构造函数时，不可为 null 的 属性 "tcpHost" 必须包含非 null 值。请考虑添加 "required" 修饰符或将该 属性 声明为可为 null。 [E:\fan\work\code\vs\SCRM\SCRM.API\SCRM.API.csproj]
E:\fan\work\code\vs\SCRM\SCRM.API\Models\Dtos\ClientDTOs.cs(31,23): warning CS8618: 在退出构造函数时，不可为 null 的 属性 "serverUrl" 必须包含非 null 值。请考虑添加 "required" 修饰符或将该 属性 声明为可为 null。 [E:\fan\work\code\vs\SCRM\SCRM.API\SCRM.API.csproj]
E:\fan\work\code\vs\SCRM\SCRM.API\Models\Dtos\ClientDTOs.cs(32,23): warning CS8618: 在退出构造函数时，不可为 null 的 属性 "heartbeatData" 必须包含非 null 值。请考虑添加 "required" 修饰符或将该 属性 声明为可为 null。 [E:\fan\work\code\vs\SCRM\SCRM.API\SCRM.API.csproj]
E:\fan\work\code\vs\SCRM\SCRM.API\Models\Dtos\ClientDTOs.cs(23,80): warning CS8601: 可能的 null 引用赋值。 [E:\fan\work\code\vs\SCRM\SCRM.API\SCRM.API.csproj]
E:\fan\work\code\vs\SCRM\SCRM.API\Models\Dtos\ClientDTOs.cs(11,23): warning CS8618: 在退出构造函数时，不可为 null 的 属性 "message" 必须包含非 null 值。请考虑添加 "required" 修饰符或将该 属性 声明为可为 null。 [E:\fan\work\code\vs\SCRM\SCRM.API\SCRM.API.csproj]
E:\fan\work\code\vs\SCRM\SCRM.API\Models\Dtos\ClientDTOs.cs(14,18): warning CS8618: 在退出构造函数时，不可为 null 的 属性 "data" 必须包含非 null 值。请考虑添加 "required" 修饰符或将该 属性 声明为可为 null。 [E:\fan\work\code\vs\SCRM\SCRM.API\SCRM.API.csproj]
E:\fan\work\code\vs\SCRM\SCRM.API\Services\AuthService.cs(524,108): warning CS8601: 可能的 null 引用赋值。 [E:\fan\work\code\vs\SCRM\SCRM.API\SCRM.API.csproj]
E:\fan\work\code\vs\SCRM\SCRM.API\Services\AuthService.cs(519,20): warning CS8603: 可能返回 null 引用。 [E:\fan\work\code\vs\SCRM\SCRM.API\SCRM.API.csproj]
E:\fan\work\code\vs\SCRM\SCRM.API\Services\Netty\MessageRouter.cs(1469,80): warning CS8602: 解引用可能出现空引用。 [E:\fan\work\code\vs\SCRM\SCRM.API\SCRM.API.csproj]
E:\fan\work\code\vs\SCRM\SCRM.API\Services\Netty\MessageRouter.cs(1474,41): warning CS8600: 将 null 文本或可能的 null 值转换为不可为 null 类型。 [E:\fan\work\code\vs\SCRM\SCRM.API\SCRM.API.csproj]
E:\fan\work\code\vs\SCRM\SCRM.API\Services\Netty\MessageRouter.cs(1745,28): warning CS1998: 此异步方法缺少 "await" 运算符，将以同步方式运行。请考虑使用 "await" 运算符等待非阻止的 API 调用，或者使用 "await Task.Run(...)" 在后台线程上执行占用大量 CPU 的工作。 [E:\fan\work\code\vs\SCRM\SCRM.API\SCRM.API.csproj]
E:\fan\work\code\vs\SCRM\SCRM.API\Services\Netty\MessageRouter.cs(2001,34): warning CS8601: 可能的 null 引用赋值。 [E:\fan\work\code\vs\SCRM\SCRM.API\SCRM.API.csproj]
E:\fan\work\code\vs\SCRM\SCRM.API\Services\Netty\MessageRouter.cs(2002,36): warning CS8601: 可能的 null 引用赋值。 [E:\fan\work\code\vs\SCRM\SCRM.API\SCRM.API.csproj]
E:\fan\work\code\vs\SCRM\SCRM.API\Services\Netty\MessageRouter.cs(2003,32): warning CS8601: 可能的 null 引用赋值。 [E:\fan\work\code\vs\SCRM\SCRM.API\SCRM.API.csproj]
E:\fan\work\code\vs\SCRM\SCRM.API\Services\Netty\MessageRouter.cs(2004,36): warning CS8601: 可能的 null 引用赋值。 [E:\fan\work\code\vs\SCRM\SCRM.API\SCRM.API.csproj]
E:\fan\work\code\vs\SCRM\SCRM.API\Services\Netty\MessageRouter.cs(2005,33): warning CS8601: 可能的 null 引用赋值。 [E:\fan\work\code\vs\SCRM\SCRM.API\SCRM.API.csproj]
E:\fan\work\code\vs\SCRM\SCRM.API\Hubs\ClientHub.cs(161,28): error CS1061: “TaskResult”未包含“Success”的定义，并且找不到可接受第一个“TaskResult”类型参数的可访问扩展方法“Success”(是否缺少 using 指令或程序集引用?) [E:\fan\work\code\vs\SCRM\SCRM.API\SCRM.API.csproj]
E:\fan\work\code\vs\SCRM\SCRM.API\Hubs\ClientHub.cs(176,28): error CS1061: “TaskResult”未包含“Success”的定义，并且找不到可接受第一个“TaskResult”类型参数的可访问扩展方法“Success”(是否缺少 using 指令或程序集引用?) [E:\fan\work\code\vs\SCRM\SCRM.API\SCRM.API.csproj]
E:\fan\work\code\vs\SCRM\SCRM.API\Hubs\ClientHub.cs(188,28): error CS1061: “TaskResult”未包含“Success”的定义，并且找不到可接受第一个“TaskResult”类型参数的可访问扩展方法“Success”(是否缺少 using 指令或程序集引用?) [E:\fan\work\code\vs\SCRM\SCRM.API\SCRM.API.csproj]
E:\fan\work\code\vs\SCRM\SCRM.API\Hubs\ClientHub.cs(202,28): error CS1061: “TaskResult”未包含“Success”的定义，并且找不到可接受第一个“TaskResult”类型参数的可访问扩展方法“Success”(是否缺少 using 指令或程序集引用?) [E:\fan\work\code\vs\SCRM\SCRM.API\SCRM.API.csproj]
E:\fan\work\code\vs\SCRM\SCRM.API\Hubs\ClientHub.cs(213,28): error CS1061: “TaskResult”未包含“Success”的定义，并且找不到可接受第一个“TaskResult”类型参数的可访问扩展方法“Success”(是否缺少 using 指令或程序集引用?) [E:\fan\work\code\vs\SCRM\SCRM.API\SCRM.API.csproj]
E:\fan\work\code\vs\SCRM\SCRM.API\Hubs\ClientHub.cs(226,28): error CS1061: “TaskResult”未包含“Success”的定义，并且找不到可接受第一个“TaskResult”类型参数的可访问扩展方法“Success”(是否缺少 using 指令或程序集引用?) [E:\fan\work\code\vs\SCRM\SCRM.API\SCRM.API.csproj]
E:\fan\work\code\vs\SCRM\SCRM.API\Hubs\ClientHub.cs(240,99): error CS1061: “WechatAccount”未包含“Settings”的定义，并且找不到可接受第一个“WechatAccount”类型参数的可访问扩展方法“Settings”(是否缺少 using 指令或程序集引用?) [E:\fan\work\code\vs\SCRM\SCRM.API\SCRM.API.csproj]
E:\fan\work\code\vs\SCRM\SCRM.API\Services\Automation\AutomationService.cs(68,36): error CS1061: “MessageReceivedEvent”未包含“Message”的定义，并且找不到可接受第一个“MessageReceivedEvent”类型参数的可访问扩展方法“Message”(是否缺少 using 指令或程序集引用?) [E:\fan\work\code\vs\SCRM\SCRM.API\SCRM.API.csproj]
E:\fan\work\code\vs\SCRM\SCRM.API\Services\Automation\AutomationService.cs(101,49): error CS1061: “AutomationMessageEvent”未包含“AccountId”的定义，并且找不到可接受第一个“AutomationMessageEvent”类型参数的可访问扩展方法“AccountId”(是否缺少 using 指令或程序集引用?) [E:\fan\work\code\vs\SCRM\SCRM.API\SCRM.API.csproj]
E:\fan\work\code\vs\SCRM\SCRM.API\Services\Automation\AutomationService.cs(101,62): error CS1061: “AutomationMessageEvent”未包含“ConnectionId”的定义，并且找不到可接受第一个“AutomationMessageEvent”类型参数的可访问扩展方法“ConnectionId”(是否缺少 using 指令或程序集引用?) [E:\fan\work\code\vs\SCRM\SCRM.API\SCRM.API.csproj]
E:\fan\work\code\vs\SCRM\SCRM.API\Services\Automation\AutomationService.cs(101,78): error CS1061: “AutomationMessageEvent”未包含“WeChatId”的定义，并且找不到可接受第一个“AutomationMessageEvent”类型参数的可访问扩展方法“WeChatId”(是否缺少 using 指令或程序集引用?) [E:\fan\work\code\vs\SCRM\SCRM.API\SCRM.API.csproj]
E:\fan\work\code\vs\SCRM\SCRM.API\Services\Automation\AutomationService.cs(101,90): error CS1061: “AutomationMessageEvent”未包含“FriendId”的定义，并且找不到可接受第一个“AutomationMessageEvent”类型参数的可访问扩展方法“FriendId”(是否缺少 using 指令或程序集引用?) [E:\fan\work\code\vs\SCRM\SCRM.API\SCRM.API.csproj]
E:\fan\work\code\vs\SCRM\SCRM.API\Services\Automation\AutomationService.cs(101,102): error CS1061: “AutomationMessageEvent”未包含“ContentXml”的定义，并且找不到可接受第一个“AutomationMessageEvent”类型参数的可访问扩展方法“ContentXml”(是否缺少 using 指令或程序集引用?) [E:\fan\work\code\vs\SCRM\SCRM.API\SCRM.API.csproj]
E:\fan\work\code\vs\SCRM\SCRM.API\Services\Automation\AutomationService.cs(101,116): error CS1061: “AutomationMessageEvent”未包含“ContentType”的定义，并且找不到可接受第一个“AutomationMessageEvent”类型参数的可访问扩展方法“ContentType”(是否缺少 using 指令或程序集引用?) [E:\fan\work\code\vs\SCRM\SCRM.API\SCRM.API.csproj]
E:\fan\work\code\vs\SCRM\SCRM.API\Services\Automation\AutomationService.cs(114,63): error CS1061: “FriendRequestEvent”未包含“AccountId”的定义，并且找不到可接受第一个“FriendRequestEvent”类型参数的可访问扩展方法“AccountId”(是否缺少 using 指令或程序集引用?) [E:\fan\work\code\vs\SCRM\SCRM.API\SCRM.API.csproj]
E:\fan\work\code\vs\SCRM\SCRM.API\Services\Automation\AutomationService.cs(120,118): error CS1061: “FriendRequestEvent”未包含“FriendNick”的定义，并且找不到可接受第一个“FriendRequestEvent”类型参数的可访问扩展方法“FriendNick”(是否缺少 using 指令或程序集引用?) [E:\fan\work\code\vs\SCRM\SCRM.API\SCRM.API.csproj]
E:\fan\work\code\vs\SCRM\SCRM.API\Services\Automation\AutomationService.cs(120,132): error CS1061: “FriendRequestEvent”未包含“WeChatId”的定义，并且找不到可接受第一个“FriendRequestEvent”类型参数的可访问扩展方法“WeChatId”(是否缺少 using 指令或程序集引用?) [E:\fan\work\code\vs\SCRM\SCRM.API\SCRM.API.csproj]
E:\fan\work\code\vs\SCRM\SCRM.API\Services\Automation\AutomationService.cs(122,92): error CS1061: “FriendRequestEvent”未包含“ConnectionId”的定义，并且找不到可接受第一个“FriendRequestEvent”类型参数的可访问扩展方法“ConnectionId”(是否缺少 using 指令或程序集引用?) [E:\fan\work\code\vs\SCRM\SCRM.API\SCRM.API.csproj]
E:\fan\work\code\vs\SCRM\SCRM.API\Services\Automation\AutomationService.cs(122,108): error CS1061: “FriendRequestEvent”未包含“FriendId”的定义，并且找不到可接受第一个“FriendRequestEvent”类型参数的可访问扩展方法“FriendId”(是否缺少 using 指令或程序集引用?) [E:\fan\work\code\vs\SCRM\SCRM.API\SCRM.API.csproj]
E:\fan\work\code\vs\SCRM\SCRM.API\Services\Automation\AutomationService.cs(122,120): error CS1061: “FriendRequestEvent”未包含“FriendNick”的定义，并且找不到可接受第一个“FriendRequestEvent”类型参数的可访问扩展方法“FriendNick”(是否缺少 using 指令或程序集引用?) [E:\fan\work\code\vs\SCRM\SCRM.API\SCRM.API.csproj]
E:\fan\work\code\vs\SCRM\SCRM.API\Services\Automation\AutomationService.cs(140,63): error CS1061: “CircleNewPublishEvent”未包含“AccountId”的定义，并且找不到可接受第一个“CircleNewPublishEvent”类型参数的可访问扩展方法“AccountId”(是否缺少 using 指令或程序集引用?) [E:\fan\work\code\vs\SCRM\SCRM.API\SCRM.API.csproj]
E:\fan\work\code\vs\SCRM\SCRM.API\Services\Automation\AutomationService.cs(146,108): error CS1061: “CircleNewPublishEvent”未包含“CircleId”的定义，并且找不到可接受第一个“CircleNewPublishEvent”类型参数的可访问扩展方法“CircleId”(是否缺少 using 指令或程序集引用?) [E:\fan\work\code\vs\SCRM\SCRM.API\SCRM.API.csproj]
E:\fan\work\code\vs\SCRM\SCRM.API\Services\Automation\AutomationService.cs(146,120): error CS1061: “CircleNewPublishEvent”未包含“WeChatId”的定义，并且找不到可接受第一个“CircleNewPublishEvent”类型参数的可访问扩展方法“WeChatId”(是否缺少 using 指令或程序集引用?) [E:\fan\work\code\vs\SCRM\SCRM.API\SCRM.API.csproj]
E:\fan\work\code\vs\SCRM\SCRM.API\Services\Automation\AutomationService.cs(150,80): error CS1061: “CircleNewPublishEvent”未包含“ConnectionId”的定义，并且找不到可接受第一个“CircleNewPublishEvent”类型参数的可访问扩展方法“ConnectionId”(是否缺少 using 指令或程序集引用?) [E:\fan\work\code\vs\SCRM\SCRM.API\SCRM.API.csproj]
E:\fan\work\code\vs\SCRM\SCRM.API\Services\Automation\AutomationService.cs(150,96): error CS1061: “CircleNewPublishEvent”未包含“AuthorId”的定义，并且找不到可接受第一个“CircleNewPublishEvent”类型参数的可访问扩展方法“AuthorId”(是否缺少 using 指令或程序集引用?) [E:\fan\work\code\vs\SCRM\SCRM.API\SCRM.API.csproj]
E:\fan\work\code\vs\SCRM\SCRM.API\Services\Automation\AutomationService.cs(150,108): error CS1061: “CircleNewPublishEvent”未包含“CircleId”的定义，并且找不到可接受第一个“CircleNewPublishEvent”类型参数的可访问扩展方法“CircleId”(是否缺少 using 指令或程序集引用?) [E:\fan\work\code\vs\SCRM\SCRM.API\SCRM.API.csproj]
E:\fan\work\code\vs\SCRM\SCRM.API\Services\Automation\AutomationService.cs(170,74): error CS1061: “WechatAccount”未包含“Settings”的定义，并且找不到可接受第一个“WechatAccount”类型参数的可访问扩展方法“Settings”(是否缺少 using 指令或程序集引用?) [E:\fan\work\code\vs\SCRM\SCRM.API\SCRM.API.csproj]
E:\fan\work\code\vs\SCRM\SCRM.API\Services\Automation\AutomationService.cs(172,98): error CS1061: “WechatAccount”未包含“Settings”的定义，并且找不到可接受第一个“WechatAccount”类型参数的可访问扩展方法“Settings”(是否缺少 using 指令或程序集引用?) [E:\fan\work\code\vs\SCRM\SCRM.API\SCRM.API.csproj]
E:\fan\work\code\vs\SCRM\SCRM.API\Services\Netty\MessageRouter.cs(531,145): error CS1061: “UserConnectionInfo”未包含“DeviceInfo”的定义，并且找不到可接受第一个“UserConnectionInfo”类型参数的可访问扩展方法“DeviceInfo”(是否缺少 using 指令或程序集引用?) [E:\fan\work\code\vs\SCRM\SCRM.API\SCRM.API.csproj]
E:\fan\work\code\vs\SCRM\SCRM.API\Services\Netty\MessageRouter.cs(626,40): error CS1061: “SrClient”未包含“wechatNick”的定义，并且找不到可接受第一个“SrClient”类型参数的可访问扩展方法“wechatNick”(是否缺少 using 指令或程序集引用?) [E:\fan\work\code\vs\SCRM\SCRM.API\SCRM.API.csproj]
E:\fan\work\code\vs\SCRM\SCRM.API\Services\Netty\MessageRouter.cs(675,113): error CS1061: “SrClient”未包含“wechatNick”的定义，并且找不到可接受第一个“SrClient”类型参数的可访问扩展方法“wechatNick”(是否缺少 using 指令或程序集引用?) [E:\fan\work\code\vs\SCRM\SCRM.API\SCRM.API.csproj]
E:\fan\work\code\vs\SCRM\SCRM.API\Services\Netty\MessageRouter.cs(678,62): error CS1061: “SrClient”未包含“wechatId”的定义，并且找不到可接受第一个“SrClient”类型参数的可访问扩展方法“wechatId”(是否缺少 using 指令或程序集引用?) [E:\fan\work\code\vs\SCRM\SCRM.API\SCRM.API.csproj]
E:\fan\work\code\vs\SCRM\SCRM.API\Services\Netty\MessageRouter.cs(680,51): error CS1061: “SrClient”未包含“wechatId”的定义，并且找不到可接受第一个“SrClient”类型参数的可访问扩展方法“wechatId”(是否缺少 using 指令或程序集引用?) [E:\fan\work\code\vs\SCRM\SCRM.API\SCRM.API.csproj]
E:\fan\work\code\vs\SCRM\SCRM.API\Services\Netty\MessageRouter.cs(683,62): error CS1061: “SrClient”未包含“wechatId”的定义，并且找不到可接受第一个“SrClient”类型参数的可访问扩展方法“wechatId”(是否缺少 using 指令或程序集引用?) [E:\fan\work\code\vs\SCRM\SCRM.API\SCRM.API.csproj]
E:\fan\work\code\vs\SCRM\SCRM.API\Services\AuthService.cs(456,72): error CS1061: “WechatAccount”未包含“IsDeleted”的定义，并且找不到可接受第一个“WechatAccount”类型参数的可访问扩展方法“IsDeleted”(是否缺少 using 指令或程序集引用?) [E:\fan\work\code\vs\SCRM\SCRM.API\SCRM.API.csproj]
E:\fan\work\code\vs\SCRM\SCRM.API\Services\Netty\MessageRouter.cs(1001,25): error CS0117: “Contact”未包含“Signature”的定义 [E:\fan\work\code\vs\SCRM\SCRM.API\SCRM.API.csproj]
E:\fan\work\code\vs\SCRM\SCRM.API\Services\Netty\MessageRouter.cs(1002,25): error CS0117: “Contact”未包含“Email”的定义 [E:\fan\work\code\vs\SCRM\SCRM.API\SCRM.API.csproj]
E:\fan\work\code\vs\SCRM\SCRM.API\Services\Netty\MessageRouter.cs(1003,25): error CS0117: “Contact”未包含“Country”的定义 [E:\fan\work\code\vs\SCRM\SCRM.API\SCRM.API.csproj]
E:\fan\work\code\vs\SCRM\SCRM.API\Services\AuthService.cs(478,72): error CS1061: “WechatAccount”未包含“IsDeleted”的定义，并且找不到可接受第一个“WechatAccount”类型参数的可访问扩展方法“IsDeleted”(是否缺少 using 指令或程序集引用?) [E:\fan\work\code\vs\SCRM\SCRM.API\SCRM.API.csproj]
E:\fan\work\code\vs\SCRM\SCRM.API\Models\Entities\LegacyWechatUser.cs(16,36): error CS1061: “WechatAccount”未包含“AccountId”的定义，并且找不到可接受第一个“WechatAccount”类型参数的可访问扩展方法“AccountId”(是否缺少 using 指令或程序集引用?) [E:\fan\work\code\vs\SCRM\SCRM.API\SCRM.API.csproj]
E:\fan\work\code\vs\SCRM\SCRM.API\Models\Entities\LegacyWechatUser.cs(20,31): error CS1061: “WechatAccount”未包含“AccountId”的定义，并且找不到可接受第一个“WechatAccount”类型参数的可访问扩展方法“AccountId”(是否缺少 using 指令或程序集引用?) [E:\fan\work\code\vs\SCRM\SCRM.API\SCRM.API.csproj]
E:\fan\work\code\vs\SCRM\SCRM.API\Models\Entities\LegacyWechatUser.cs(38,36): error CS1061: “WechatAccount”未包含“Nickname”的定义，并且找不到可接受第一个“WechatAccount”类型参数的可访问扩展方法“Nickname”(是否缺少 using 指令或程序集引用?) [E:\fan\work\code\vs\SCRM\SCRM.API\SCRM.API.csproj]
E:\fan\work\code\vs\SCRM\SCRM.API\Models\Entities\LegacyWechatUser.cs(42,31): error CS1061: “WechatAccount”未包含“Nickname”的定义，并且找不到可接受第一个“WechatAccount”类型参数的可访问扩展方法“Nickname”(是否缺少 using 指令或程序集引用?) [E:\fan\work\code\vs\SCRM\SCRM.API\SCRM.API.csproj]
E:\fan\work\code\vs\SCRM\SCRM.API\Models\Entities\LegacyWechatUser.cs(51,36): error CS1061: “WechatAccount”未包含“MobilePhone”的定义，并且找不到可接受第一个“WechatAccount”类型参数的可访问扩展方法“MobilePhone”(是否缺少 using 指令或程序集引用?) [E:\fan\work\code\vs\SCRM\SCRM.API\SCRM.API.csproj]
E:\fan\work\code\vs\SCRM\SCRM.API\Models\Entities\LegacyWechatUser.cs(55,31): error CS1061: “WechatAccount”未包含“MobilePhone”的定义，并且找不到可接受第一个“WechatAccount”类型参数的可访问扩展方法“MobilePhone”(是否缺少 using 指令或程序集引用?) [E:\fan\work\code\vs\SCRM\SCRM.API\SCRM.API.csproj]
E:\fan\work\code\vs\SCRM\SCRM.API\Models\Entities\LegacyWechatUser.cs(74,36): error CS1061: “WechatAccount”未包含“IsActive”的定义，并且找不到可接受第一个“WechatAccount”类型参数的可访问扩展方法“IsActive”(是否缺少 using 指令或程序集引用?) [E:\fan\work\code\vs\SCRM\SCRM.API\SCRM.API.csproj]
E:\fan\work\code\vs\SCRM\SCRM.API\Models\Entities\LegacyWechatUser.cs(78,31): error CS1061: “WechatAccount”未包含“IsActive”的定义，并且找不到可接受第一个“WechatAccount”类型参数的可访问扩展方法“IsActive”(是否缺少 using 指令或程序集引用?) [E:\fan\work\code\vs\SCRM\SCRM.API\SCRM.API.csproj]
E:\fan\work\code\vs\SCRM\SCRM.API\Models\Entities\LegacyWechatUser.cs(87,36): error CS1061: “WechatAccount”未包含“CreatedAt”的定义，并且找不到可接受第一个“WechatAccount”类型参数的可访问扩展方法“CreatedAt”(是否缺少 using 指令或程序集引用?) [E:\fan\work\code\vs\SCRM\SCRM.API\SCRM.API.csproj]
E:\fan\work\code\vs\SCRM\SCRM.API\Models\Entities\LegacyWechatUser.cs(91,31): error CS1061: “WechatAccount”未包含“CreatedAt”的定义，并且找不到可接受第一个“WechatAccount”类型参数的可访问扩展方法“CreatedAt”(是否缺少 using 指令或程序集引用?) [E:\fan\work\code\vs\SCRM\SCRM.API\SCRM.API.csproj]
E:\fan\work\code\vs\SCRM\SCRM.API\Models\Entities\LegacyWechatUser.cs(100,36): error CS1061: “WechatAccount”未包含“UpdatedAt”的定义，并且找不到可接受第一个“WechatAccount”类型参数的可访问扩展方法“UpdatedAt”(是否缺少 using 指令或程序集引用?) [E:\fan\work\code\vs\SCRM\SCRM.API\SCRM.API.csproj]
E:\fan\work\code\vs\SCRM\SCRM.API\Models\Entities\LegacyWechatUser.cs(104,31): error CS1061: “WechatAccount”未包含“UpdatedAt”的定义，并且找不到可接受第一个“WechatAccount”类型参数的可访问扩展方法“UpdatedAt”(是否缺少 using 指令或程序集引用?) [E:\fan\work\code\vs\SCRM\SCRM.API\SCRM.API.csproj]
E:\fan\work\code\vs\SCRM\SCRM.API\Models\Entities\LegacyWechatUser.cs(113,36): error CS1061: “WechatAccount”未包含“LastOnlineAt”的定义，并且找不到可接受第一个“WechatAccount”类型参数的可访问扩展方法“LastOnlineAt”(是否缺少 using 指令或程序集引用?) [E:\fan\work\code\vs\SCRM\SCRM.API\SCRM.API.csproj]
E:\fan\work\code\vs\SCRM\SCRM.API\Models\Entities\LegacyWechatUser.cs(117,31): error CS1061: “WechatAccount”未包含“LastOnlineAt”的定义，并且找不到可接受第一个“WechatAccount”类型参数的可访问扩展方法“LastOnlineAt”(是否缺少 using 指令或程序集引用?) [E:\fan\work\code\vs\SCRM\SCRM.API\SCRM.API.csproj]
E:\fan\work\code\vs\SCRM\SCRM.API\Models\Entities\LegacyWechatUser.cs(150,13): error CS0117: “WechatAccount”未包含“AccountId”的定义 [E:\fan\work\code\vs\SCRM\SCRM.API\SCRM.API.csproj]
E:\fan\work\code\vs\SCRM\SCRM.API\Models\Entities\LegacyWechatUser.cs(151,13): error CS0117: “WechatAccount”未包含“Nickname”的定义 [E:\fan\work\code\vs\SCRM\SCRM.API\SCRM.API.csproj]
E:\fan\work\code\vs\SCRM\SCRM.API\Models\Entities\LegacyWechatUser.cs(152,13): error CS0117: “WechatAccount”未包含“MobilePhone”的定义 [E:\fan\work\code\vs\SCRM\SCRM.API\SCRM.API.csproj]
E:\fan\work\code\vs\SCRM\SCRM.API\Services\Netty\MessageRouter.cs(1664,73): error CS1061: “UserConnectionInfo”未包含“UserId”的定义，并且找不到可接受第一个“UserConnectionInfo”类型参数的可访问扩展方法“UserId”(是否缺少 using 指令或程序集引用?) [E:\fan\work\code\vs\SCRM\SCRM.API\SCRM.API.csproj]
E:\fan\work\code\vs\SCRM\SCRM.API\Services\Netty\MessageRouter.cs(1759,77): error CS1061: “UserConnectionInfo”未包含“UserId”的定义，并且找不到可接受第一个“UserConnectionInfo”类型参数的可访问扩展方法“UserId”(是否缺少 using 指令或程序集引用?) [E:\fan\work\code\vs\SCRM\SCRM.API\SCRM.API.csproj]
E:\fan\work\code\vs\SCRM\SCRM.API\Services\Netty\MessageRouter.cs(1775,72): error CS1061: “UserConnectionInfo”未包含“DeviceInfo”的定义，并且找不到可接受第一个“UserConnectionInfo”类型参数的可访问扩展方法“DeviceInfo”(是否缺少 using 指令或程序集引用?) [E:\fan\work\code\vs\SCRM\SCRM.API\SCRM.API.csproj]
E:\fan\work\code\vs\SCRM\SCRM.API\Services\Netty\MessageRouter.cs(1799,73): error CS1061: “UserConnectionInfo”未包含“UserId”的定义，并且找不到可接受第一个“UserConnectionInfo”类型参数的可访问扩展方法“UserId”(是否缺少 using 指令或程序集引用?) [E:\fan\work\code\vs\SCRM\SCRM.API\SCRM.API.csproj]
E:\fan\work\code\vs\SCRM\SCRM.API\Services\Netty\MessageRouter.cs(1831,68): error CS1061: “UserConnectionInfo”未包含“DeviceInfo”的定义，并且找不到可接受第一个“UserConnectionInfo”类型参数的可访问扩展方法“DeviceInfo”(是否缺少 using 指令或程序集引用?) [E:\fan\work\code\vs\SCRM\SCRM.API\SCRM.API.csproj]
E:\fan\work\code\vs\SCRM\SCRM.API\Services\Netty\MessageRouter.cs(1924,73): error CS1061: “UserConnectionInfo”未包含“UserId”的定义，并且找不到可接受第一个“UserConnectionInfo”类型参数的可访问扩展方法“UserId”(是否缺少 using 指令或程序集引用?) [E:\fan\work\code\vs\SCRM\SCRM.API\SCRM.API.csproj]
E:\fan\work\code\vs\SCRM\SCRM.API\Services\Netty\MessageRouter.cs(1993,54): error CS1061: “UserConnectionInfo”未包含“DeviceInfo”的定义，并且找不到可接受第一个“UserConnectionInfo”类型参数的可访问扩展方法“DeviceInfo”(是否缺少 using 指令或程序集引用?) [E:\fan\work\code\vs\SCRM\SCRM.API\SCRM.API.csproj]
    281 个警告
    63 个错误

已用时间 00:00:09.97

有可用的工作负载更新。有关详细信息，请运行 `dotnet workload list`。
